Archive member included to satisfy reference by file (symbol)

/home/zhengxg/work/stm32/tools/gcc-arm-none-eabi-8-2018-q4-major/bin/../lib/gcc/arm-none-eabi/8.2.1/../../../../arm-none-eabi/lib/thumb/v6-m/nofp/libc_nano.a(lib_a-exit.o)
                              /home/zhengxg/work/stm32/tools/gcc-arm-none-eabi-8-2018-q4-major/bin/../lib/gcc/arm-none-eabi/8.2.1/../../../../arm-none-eabi/lib/thumb/v6-m/nofp/crt0.o (exit)
/home/zhengxg/work/stm32/tools/gcc-arm-none-eabi-8-2018-q4-major/bin/../lib/gcc/arm-none-eabi/8.2.1/../../../../arm-none-eabi/lib/thumb/v6-m/nofp/libc_nano.a(lib_a-impure.o)
                              /home/zhengxg/work/stm32/tools/gcc-arm-none-eabi-8-2018-q4-major/bin/../lib/gcc/arm-none-eabi/8.2.1/../../../../arm-none-eabi/lib/thumb/v6-m/nofp/libc_nano.a(lib_a-exit.o) (_global_impure_ptr)
/home/zhengxg/work/stm32/tools/gcc-arm-none-eabi-8-2018-q4-major/bin/../lib/gcc/arm-none-eabi/8.2.1/../../../../arm-none-eabi/lib/thumb/v6-m/nofp/libc_nano.a(lib_a-init.o)
                              /home/zhengxg/work/stm32/tools/gcc-arm-none-eabi-8-2018-q4-major/bin/../lib/gcc/arm-none-eabi/8.2.1/../../../../arm-none-eabi/lib/thumb/v6-m/nofp/crt0.o (__libc_init_array)
/home/zhengxg/work/stm32/tools/gcc-arm-none-eabi-8-2018-q4-major/bin/../lib/gcc/arm-none-eabi/8.2.1/../../../../arm-none-eabi/lib/thumb/v6-m/nofp/libc_nano.a(lib_a-memset.o)
                              /home/zhengxg/work/stm32/tools/gcc-arm-none-eabi-8-2018-q4-major/bin/../lib/gcc/arm-none-eabi/8.2.1/../../../../arm-none-eabi/lib/thumb/v6-m/nofp/crt0.o (memset)
/home/zhengxg/work/stm32/tools/gcc-arm-none-eabi-8-2018-q4-major/bin/../lib/gcc/arm-none-eabi/8.2.1/../../../../arm-none-eabi/lib/thumb/v6-m/nofp/libc_nano.a(lib_a-printf.o)
                              build/main.o (printf)
/home/zhengxg/work/stm32/tools/gcc-arm-none-eabi-8-2018-q4-major/bin/../lib/gcc/arm-none-eabi/8.2.1/../../../../arm-none-eabi/lib/thumb/v6-m/nofp/libc_nano.a(lib_a-puts.o)
                              build/main.o (puts)
/home/zhengxg/work/stm32/tools/gcc-arm-none-eabi-8-2018-q4-major/bin/../lib/gcc/arm-none-eabi/8.2.1/../../../../arm-none-eabi/lib/thumb/v6-m/nofp/libc_nano.a(lib_a-sprintf.o)
                              build/menu.o (sprintf)
/home/zhengxg/work/stm32/tools/gcc-arm-none-eabi-8-2018-q4-major/bin/../lib/gcc/arm-none-eabi/8.2.1/../../../../arm-none-eabi/lib/thumb/v6-m/nofp/libc_nano.a(lib_a-strcpy.o)
                              build/menu.o (strcpy)
/home/zhengxg/work/stm32/tools/gcc-arm-none-eabi-8-2018-q4-major/bin/../lib/gcc/arm-none-eabi/8.2.1/../../../../arm-none-eabi/lib/thumb/v6-m/nofp/libc_nano.a(lib_a-strlen.o)
                              build/menu.o (strlen)
/home/zhengxg/work/stm32/tools/gcc-arm-none-eabi-8-2018-q4-major/bin/../lib/gcc/arm-none-eabi/8.2.1/../../../../arm-none-eabi/lib/thumb/v6-m/nofp/libc_nano.a(lib_a-wbuf.o)
                              /home/zhengxg/work/stm32/tools/gcc-arm-none-eabi-8-2018-q4-major/bin/../lib/gcc/arm-none-eabi/8.2.1/../../../../arm-none-eabi/lib/thumb/v6-m/nofp/libc_nano.a(lib_a-puts.o) (__swbuf_r)
/home/zhengxg/work/stm32/tools/gcc-arm-none-eabi-8-2018-q4-major/bin/../lib/gcc/arm-none-eabi/8.2.1/../../../../arm-none-eabi/lib/thumb/v6-m/nofp/libc_nano.a(lib_a-wsetup.o)
                              /home/zhengxg/work/stm32/tools/gcc-arm-none-eabi-8-2018-q4-major/bin/../lib/gcc/arm-none-eabi/8.2.1/../../../../arm-none-eabi/lib/thumb/v6-m/nofp/libc_nano.a(lib_a-puts.o) (__swsetup_r)
/home/zhengxg/work/stm32/tools/gcc-arm-none-eabi-8-2018-q4-major/bin/../lib/gcc/arm-none-eabi/8.2.1/../../../../arm-none-eabi/lib/thumb/v6-m/nofp/libc_nano.a(lib_a-fflush.o)
                              /home/zhengxg/work/stm32/tools/gcc-arm-none-eabi-8-2018-q4-major/bin/../lib/gcc/arm-none-eabi/8.2.1/../../../../arm-none-eabi/lib/thumb/v6-m/nofp/libc_nano.a(lib_a-wbuf.o) (_fflush_r)
/home/zhengxg/work/stm32/tools/gcc-arm-none-eabi-8-2018-q4-major/bin/../lib/gcc/arm-none-eabi/8.2.1/../../../../arm-none-eabi/lib/thumb/v6-m/nofp/libc_nano.a(lib_a-findfp.o)
                              /home/zhengxg/work/stm32/tools/gcc-arm-none-eabi-8-2018-q4-major/bin/../lib/gcc/arm-none-eabi/8.2.1/../../../../arm-none-eabi/lib/thumb/v6-m/nofp/libc_nano.a(lib_a-printf.o) (__sinit)
/home/zhengxg/work/stm32/tools/gcc-arm-none-eabi-8-2018-q4-major/bin/../lib/gcc/arm-none-eabi/8.2.1/../../../../arm-none-eabi/lib/thumb/v6-m/nofp/libc_nano.a(lib_a-fwalk.o)
                              /home/zhengxg/work/stm32/tools/gcc-arm-none-eabi-8-2018-q4-major/bin/../lib/gcc/arm-none-eabi/8.2.1/../../../../arm-none-eabi/lib/thumb/v6-m/nofp/libc_nano.a(lib_a-findfp.o) (_fwalk)
/home/zhengxg/work/stm32/tools/gcc-arm-none-eabi-8-2018-q4-major/bin/../lib/gcc/arm-none-eabi/8.2.1/../../../../arm-none-eabi/lib/thumb/v6-m/nofp/libc_nano.a(lib_a-lock.o)
[...]
Memory Configuration

Name             Origin             Length             Attributes
RAM              0x0000000020000000 0x0000000000004000 xrw
FLASH            0x0000000008000000 0x0000000000010000 xr
*default*        0x0000000000000000 0xffffffffffffffff

Linker script and memory map

LOAD /home/zhengxg/work/stm32/tools/gcc-arm-none-eabi-8-2018-q4-major/bin/../lib/gcc/arm-none-eabi/8.2.1/thumb/v6-m/nofp/crti.o
LOAD /home/zhengxg/work/stm32/tools/gcc-arm-none-eabi-8-2018-q4-major/bin/../lib/gcc/arm-none-eabi/8.2.1/thumb/v6-m/nofp/crtbegin.o
LOAD /home/zhengxg/work/stm32/tools/gcc-arm-none-eabi-8-2018-q4-major/bin/../lib/gcc/arm-none-eabi/8.2.1/../../../../arm-none-eabi/lib/thumb/v6-m/nofp/crt0.o
LOAD build/main.o
LOAD build/menu.o
LOAD build/oled.o
LOAD build/stm32f0xx_it.o
LOAD build/stm32f0xx_hal_msp.o
LOAD build/lv_font.o
LOAD build/lv_font_unscii_8.o
LOAD build/lv_font_dejavu_10.o
LOAD build/lv_font_dejavu_20.o
LOAD build/lv_font_yahei_12.o
LOAD build/lv_font_yahei_16.o
LOAD build/lv_font_yahei_20.o
LOAD build/lv_font_yahei_24.o
LOAD build/stm32f0xx_hal_adc.o
LOAD build/stm32f0xx_hal_adc_ex.o
LOAD build/stm32f0xx_hal_dac.o
LOAD build/stm32f0xx_hal_dac_ex.o
LOAD build/stm32f0xx_hal_tim.o
LOAD build/stm32f0xx_hal_tim_ex.o
LOAD build/stm32f0xx_hal_uart.o
LOAD build/stm32f0xx_hal_uart_ex.o
LOAD build/stm32f0xx_hal_rcc.o
LOAD build/stm32f0xx_hal_rcc_ex.o
LOAD build/stm32f0xx_hal.o
LOAD build/stm32f0xx_hal_i2c.o
LOAD build/stm32f0xx_hal_i2c_ex.o
LOAD build/stm32f0xx_hal_gpio.o
LOAD build/stm32f0xx_hal_dma.o
LOAD build/stm32f0xx_hal_cortex.o
LOAD build/stm32f0xx_hal_pwr.o
LOAD build/stm32f0xx_hal_pwr_ex.o
LOAD build/stm32f0xx_hal_flash.o
LOAD build/stm32f0xx_hal_flash_ex.o
LOAD build/system_stm32f0xx.o
LOAD build/stm32f0xx_hal_rtc.o
LOAD build/stm32f0xx_hal_rtc_ex.o
LOAD build/startup_stm32f072xb.o
LOAD /home/zhengxg/work/stm32/tools/gcc-arm-none-eabi-8-2018-q4-major/bin/../lib/gcc/arm-none-eabi/8.2.1/../../../../arm-none-eabi/lib/thumb/v6-m/nofp/libc_nano.a
LOAD /home/zhengxg/work/stm32/tools/gcc-arm-none-eabi-8-2018-q4-major/bin/../lib/gcc/arm-none-eabi/8.2.1/../../../../arm-none-eabi/lib/thumb/v6-m/nofp/libm.a
LOAD /home/zhengxg/work/stm32/tools/gcc-arm-none-eabi-8-2018-q4-major/bin/../lib/gcc/arm-none-eabi/8.2.1/../../../../arm-none-eabi/lib/thumb/v6-m/nofp/libnosys.a
START GROUP
LOAD /home/zhengxg/work/stm32/tools/gcc-arm-none-eabi-8-2018-q4-major/bin/../lib/gcc/arm-none-eabi/8.2.1/thumb/v6-m/nofp/libgcc.a
LOAD /home/zhengxg/work/stm32/tools/gcc-arm-none-eabi-8-2018-q4-major/bin/../lib/gcc/arm-none-eabi/8.2.1/../../../../arm-none-eabi/lib/thumb/v6-m/nofp/libc_nano.a
END GROUP
START GROUP
LOAD /home/zhengxg/work/stm32/tools/gcc-arm-none-eabi-8-2018-q4-major/bin/../lib/gcc/arm-none-eabi/8.2.1/thumb/v6-m/nofp/libgcc.a
LOAD /home/zhengxg/work/stm32/tools/gcc-arm-none-eabi-8-2018-q4-major/bin/../lib/gcc/arm-none-eabi/8.2.1/../../../../arm-none-eabi/lib/thumb/v6-m/nofp/libc_nano.a
END GROUP
LOAD /home/zhengxg/work/stm32/tools/gcc-arm-none-eabi-8-2018-q4-major/bin/../lib/gcc/arm-none-eabi/8.2.1/thumb/v6-m/nofp/crtend.o
LOAD /home/zhengxg/work/stm32/tools/gcc-arm-none-eabi-8-2018-q4-major/bin/../lib/gcc/arm-none-eabi/8.2.1/thumb/v6-m/nofp/crtn.o
                0x0000000020004000                _estack = 0x20004000
                0x0000000000000200                _Min_Heap_Size = 0x200
                0x0000000000000400                _Min_Stack_Size = 0x400

.isr_vector     0x0000000008000000       0xc0
                0x0000000008000000                . = ALIGN (0x4)
 *(.isr_vector)
 .isr_vector    0x0000000008000000       0xc0 build/startup_stm32f072xb.o
                0x0000000008000000                g_pfnVectors
                0x00000000080000c0                . = ALIGN (0x4)

.text           0x00000000080000c0     0x97cc
                0x00000000080000c0                . = ALIGN (0x4)
 *(.text)
 .text          0x00000000080000c0       0x48 /home/zhengxg/work/stm32/tools/gcc-arm-none-eabi-8-2018-q4-major/bin/../lib/gcc/arm-none-eabi/8.2.1/thumb/v6-m/nofp/crtbegin.o
 .text          0x0000000008000108        0xe /home/zhengxg/work/stm32/tools/gcc-arm-none-eabi-8-2018-q4-major/bin/../lib/gcc/arm-none-eabi/8.2.1/../../../../arm-none-eabi/lib/thumb/v6-m/nofp/libc_nano.a(lib_a-strlen.o)
                0x0000000008000108                strlen
 *fill*         0x0000000008000116        0x2 
 .text          0x0000000008000118      0x114 /home/zhengxg/work/stm32/tools/gcc-arm-none-eabi-8-2018-q4-major/bin/../lib/gcc/arm-none-eabi/8.2.1/thumb/v6-m/nofp/libgcc.a(_udivsi3.o)
                0x0000000008000118                __udivsi3
                0x0000000008000118                __aeabi_uidiv
                0x0000000008000224                __aeabi_uidivmod
 .text          0x000000000800022c      0x1d4 /home/zhengxg/work/stm32/tools/gcc-arm-none-eabi-8-2018-q4-major/bin/../lib/gcc/arm-none-eabi/8.2.1/thumb/v6-m/nofp/libgcc.a(_divsi3.o)
                0x000000000800022c                __aeabi_idiv
                0x000000000800022c                __divsi3
                0x00000000080003f8                __aeabi_idivmod
 .text          0x0000000008000400        0x4 /home/zhengxg/work/stm32/tools/gcc-arm-none-eabi-8-2018-q4-major/bin/../lib/gcc/arm-none-eabi/8.2.1/thumb/v6-m/nofp/libgcc.a(_dvmd_tls.o)
                0x0000000008000400                __aeabi_ldiv0
                0x0000000008000400                __aeabi_idiv0
 .text          0x0000000008000404       0x7c /home/zhengxg/work/stm32/tools/gcc-arm-none-eabi-8-2018-q4-major/bin/../lib/gcc/arm-none-eabi/8.2.1/thumb/v6-m/nofp/libgcc.a(_arm_cmpdf2.o)
                0x0000000008000404                __aeabi_cdrcmple
                0x0000000008000414                __aeabi_cdcmple
                0x0000000008000414                __aeabi_cdcmpeq
                0x0000000008000424                __aeabi_dcmpeq
                0x0000000008000430                __aeabi_dcmplt
                0x0000000008000444                __aeabi_dcmple
                0x0000000008000458                __aeabi_dcmpgt
                0x000000000800046c                __aeabi_dcmpge
 .text          0x0000000008000480      0x6ec /home/zhengxg/work/stm32/tools/gcc-arm-none-eabi-8-2018-q4-major/bin/../lib/gcc/arm-none-eabi/8.2.1/thumb/v6-m/nofp/libgcc.a(adddf3.o)
                0x0000000008000480                __aeabi_dadd
 .text          0x0000000008000b6c      0x5ec /home/zhengxg/work/stm32/tools/gcc-arm-none-eabi-8-2018-q4-major/bin/../lib/gcc/arm-none-eabi/8.2.1/thumb/v6-m/nofp/libgcc.a(divdf3.o)
                0x0000000008000b6c                __aeabi_ddiv
 .text          0x0000000008001158       0x80 /home/zhengxg/work/stm32/tools/gcc-arm-none-eabi-8-2018-q4-major/bin/../lib/gcc/arm-none-eabi/8.2.1/thumb/v6-m/nofp/libgcc.a(eqdf2.o)
                0x0000000008001158                __eqdf2
                0x0000000008001158                __nedf2
 .text          0x00000000080011d8       0xc8 /home/zhengxg/work/stm32/tools/gcc-arm-none-eabi-8-2018-q4-major/bin/../lib/gcc/arm-none-eabi/8.2.1/thumb/v6-m/nofp/libgcc.a(gedf2.o)
                0x00000000080011d8                __gtdf2
                0x00000000080011d8                __gedf2
 .text          0x00000000080012a0       0xc8 /home/zhengxg/work/stm32/tools/gcc-arm-none-eabi-8-2018-q4-major/bin/../lib/gcc/arm-none-eabi/8.2.1/thumb/v6-m/nofp/libgcc.a(ledf2.o)
                0x00000000080012a0                __ltdf2
                0x00000000080012a0                __ledf2
 .text          0x0000000008001368      0x510 /home/zhengxg/work/stm32/tools/gcc-arm-none-eabi-8-2018-q4-major/bin/../lib/gcc/arm-none-eabi/8.2.1/thumb/v6-m/nofp/libgcc.a(muldf3.o)
                0x0000000008001368                __aeabi_dmul
 .text          0x0000000008001878      0x730 /home/zhengxg/work/stm32/tools/gcc-arm-none-eabi-8-2018-q4-major/bin/../lib/gcc/arm-none-eabi/8.2.1/thumb/v6-m/nofp/libgcc.a(subdf3.o)
                0x0000000008001878                __aeabi_dsub
 .text          0x0000000008001fa8       0x38 /home/zhengxg/work/stm32/tools/gcc-arm-none-eabi-8-2018-q4-major/bin/../lib/gcc/arm-none-eabi/8.2.1/thumb/v6-m/nofp/libgcc.a(unorddf2.o)
                0x0000000008001fa8                __aeabi_dcmpun
 .text          0x0000000008001fe0       0x6c /home/zhengxg/work/stm32/tools/gcc-arm-none-eabi-8-2018-q4-major/bin/../lib/gcc/arm-none-eabi/8.2.1/thumb/v6-m/nofp/libgcc.a(fixdfsi.o)
                0x0000000008001fe0                __aeabi_d2iz
 .text          0x000000000800204c       0x78 /home/zhengxg/work/stm32/tools/gcc-arm-none-eabi-8-2018-q4-major/bin/../lib/gcc/arm-none-eabi/8.2.1/thumb/v6-m/nofp/libgcc.a(floatsidf.o)
                0x000000000800204c                __aeabi_i2d
 .text          0x00000000080020c4       0x3c /home/zhengxg/work/stm32/tools/gcc-arm-none-eabi-8-2018-q4-major/bin/../lib/gcc/arm-none-eabi/8.2.1/thumb/v6-m/nofp/libgcc.a(_clzsi2.o)
                0x00000000080020c4                __clzsi2
 *(.text*)
 .text.MX_GPIO_Init
                0x0000000008002100       0xb0 build/main.o
 .text.MX_ADC_Init
                0x00000000080021b0       0x6c build/main.o
 .text.MX_DAC_Init
                0x000000000800221c       0x40 build/main.o
 .text.MX_USART1_UART_Init
                0x000000000800225c       0x30 build/main.o
 .text.MX_TIM3_Init
                0x000000000800228c       0x68 build/main.o
 .text.MX_TIM2_Init
                0x00000000080022f4       0x60 build/main.o
 .text.MX_RTC_Init
                0x0000000008002354       0xa0 build/main.o
 .text.MX_NVIC_Init
                0x00000000080023f4       0x44 build/main.o
 .text.DacConvert
                0x0000000008002438       0x14 build/main.o
                0x0000000008002438                DacConvert
 .text._write   0x000000000800244c       0x20 build/main.o
                0x000000000800244c                _write
 .text.HAL_TIM_IC_CaptureCallback
                0x000000000800246c       0x80 build/main.o
                0x000000000800246c                HAL_TIM_IC_CaptureCallback
 .text.HAL_GPIO_EXTI_Callback
                0x00000000080024ec       0x1c build/main.o
                0x00000000080024ec                HAL_GPIO_EXTI_Callback
 .text.HAL_RTC_AlarmAEventCallback
                0x0000000008002508       0x38 build/main.o
                0x0000000008002508                HAL_RTC_AlarmAEventCallback
 .text.HAL_TIM_OC_DelayElapsedCallback
                0x0000000008002540       0x10 build/main.o
                0x0000000008002540                HAL_TIM_OC_DelayElapsedCallback
 .text.HAL_TIM_PeriodElapsedCallback
                0x0000000008002550       0x18 build/main.o
                0x0000000008002550                HAL_TIM_PeriodElapsedCallback
 .text.SystemClock_Config
                0x0000000008002568       0x78 build/main.o
                0x0000000008002568                SystemClock_Config
 .text.EncoderInit
                0x00000000080025e0       0x58 build/main.o
                0x00000000080025e0                EncoderInit
 .text.HAL_TIM_Encoder_MspInit
                0x0000000008002638       0x5c build/main.o
                0x0000000008002638                HAL_TIM_Encoder_MspInit
 .text.main     0x0000000008002694       0xf0 build/main.o
                0x0000000008002694                main
 .text.assert_failed
                0x0000000008002784        0x2 build/main.o
                0x0000000008002784                assert_failed
 *fill*         0x0000000008002786        0x2 
 .text.menuMainRefresh
                0x0000000008002788       0xd4 build/menu.o
                0x0000000008002788                menuMainRefresh
 .text.menuMainEventCallback
                0x000000000800285c       0x2c build/menu.o
                0x000000000800285c                menuMainEventCallback
 .text.menuSelectFuncRefresh
                0x0000000008002888       0xdc build/menu.o
                0x0000000008002888                menuSelectFuncRefresh
 .text.menuSetVoltageRefresh
                0x0000000008002964      0x18c build/menu.o
                0x0000000008002964                menuSetVoltageRefresh
 .text.menuSelectFuncEventCallback
                0x0000000008002af0       0xb8 build/menu.o
                0x0000000008002af0                menuSelectFuncEventCallback
 .text.menuSetVoltageEventCallback
                0x0000000008002ba8      0x1bc build/menu.o
                0x0000000008002ba8                menuSetVoltageEventCallback
 .text.menuCallback
                0x0000000008002d64       0x38 build/menu.o
                0x0000000008002d64                menuCallback
 .text.menuInit
                0x0000000008002d9c       0x28 build/menu.o
                0x0000000008002d9c                menuInit
 .text.Ins_trans
                0x0000000008002dc4       0x94 build/oled.o
                0x0000000008002dc4                Ins_trans
 .text.Data_trans
                0x0000000008002e58       0x94 build/oled.o
                0x0000000008002e58                Data_trans
 .text.Column_set
                0x0000000008002eec       0x18 build/oled.o
                0x0000000008002eec                Column_set
 .text.Page_set
                0x0000000008002f04        0xc build/oled.o
                0x0000000008002f04                Page_set
 .text.Picture_display
                0x0000000008002f10       0x36 build/oled.o
                0x0000000008002f10                Picture_display
 *fill*         0x0000000008002f46        0x2 
 .text.OLED_Init
                0x0000000008002f48       0x40 build/oled.o
                0x0000000008002f48                OLED_Init
 .text.getRotation
                0x0000000008002f88        0x4 build/oled.o
                0x0000000008002f88                getRotation
 .text.width    0x0000000008002f8c        0x4 build/oled.o
                0x0000000008002f8c                width
 .text.height   0x0000000008002f90        0x4 build/oled.o
                0x0000000008002f90                height
 .text.OledDrawAll
                0x0000000008002f94       0x2c build/oled.o
                0x0000000008002f94                OledDrawAll
 .text.OledDrawPixel
                0x0000000008002fc0       0xcc build/oled.o
                0x0000000008002fc0                OledDrawPixel
 .text.OledDrawText
                0x000000000800308c       0xee build/oled.o
                0x000000000800308c                OledDrawText
 .text.OledDrawTextWithSelect
                0x000000000800317a      0x2a8 build/oled.o
                0x000000000800317a                OledDrawTextWithSelect
 *fill*         0x0000000008003422        0x2 
 .text.OledDisplayRefresh
                0x0000000008003424       0x10 build/oled.o
                0x0000000008003424                OledDisplayRefresh
 .text.NMI_Handler
                0x0000000008003434        0x2 build/stm32f0xx_it.o
                0x0000000008003434                NMI_Handler
 .text.HardFault_Handler
                0x0000000008003436        0x2 build/stm32f0xx_it.o
                0x0000000008003436                HardFault_Handler
 .text.SVC_Handler
                0x0000000008003438        0x2 build/stm32f0xx_it.o
                0x0000000008003438                SVC_Handler
 .text.PendSV_Handler
                0x000000000800343a        0x2 build/stm32f0xx_it.o
                0x000000000800343a                PendSV_Handler
 .text.SysTick_Handler
                0x000000000800343c        0x8 build/stm32f0xx_it.o
                0x000000000800343c                SysTick_Handler
 .text.RTC_IRQHandler
                0x0000000008003444       0x10 build/stm32f0xx_it.o
                0x0000000008003444                RTC_IRQHandler
 .text.EXTI2_3_IRQHandler
                0x0000000008003454        0xa build/stm32f0xx_it.o
                0x0000000008003454                EXTI2_3_IRQHandler
 *fill*         0x000000000800345e        0x2 
 .text.TIM2_IRQHandler
                0x0000000008003460       0x10 build/stm32f0xx_it.o
                0x0000000008003460                TIM2_IRQHandler
 .text.TIM3_IRQHandler
                0x0000000008003470       0x10 build/stm32f0xx_it.o
                0x0000000008003470                TIM3_IRQHandler
 .text.HAL_MspInit
                0x0000000008003480       0x30 build/stm32f0xx_hal_msp.o
                0x0000000008003480                HAL_MspInit
 .text.HAL_ADC_MspInit
                0x00000000080034b0       0x60 build/stm32f0xx_hal_msp.o
                0x00000000080034b0                HAL_ADC_MspInit
 .text.HAL_DAC_MspInit
                0x0000000008003510       0x60 build/stm32f0xx_hal_msp.o
                0x0000000008003510                HAL_DAC_MspInit
 .text.HAL_RTC_MspInit
                0x0000000008003570       0x20 build/stm32f0xx_hal_msp.o
                0x0000000008003570                HAL_RTC_MspInit
 .text.HAL_TIM_Base_MspInit
                0x0000000008003590       0x28 build/stm32f0xx_hal_msp.o
                0x0000000008003590                HAL_TIM_Base_MspInit
 .text.HAL_TIM_IC_MspInit
                0x00000000080035b8       0x60 build/stm32f0xx_hal_msp.o
                0x00000000080035b8                HAL_TIM_IC_MspInit
 .text.HAL_UART_MspInit
                0x0000000008003618       0x68 build/stm32f0xx_hal_msp.o
                0x0000000008003618                HAL_UART_MspInit
 .text.lv_font_get_bitmap
                0x0000000008003680       0x1e build/lv_font.o
                0x0000000008003680                lv_font_get_bitmap
 .text.lv_font_get_width
                0x000000000800369e       0x2c build/lv_font.o
                0x000000000800369e                lv_font_get_width
 .text.lv_font_get_bpp
                0x00000000080036ca       0x1e build/lv_font.o
                0x00000000080036ca                lv_font_get_bpp
 .text.lv_font_get_bitmap_continuous
                0x00000000080036e8       0x24 build/lv_font.o
                0x00000000080036e8                lv_font_get_bitmap_continuous
 .text.lv_font_get_width_continuous
                0x000000000800370c       0x22 build/lv_font.o
                0x000000000800370c                lv_font_get_width_continuous
 *fill*         0x000000000800372e        0x2 
 .text.HAL_ADC_Init
                0x0000000008003730      0x304 build/stm32f0xx_hal_adc.o
                0x0000000008003730                HAL_ADC_Init
 .text.HAL_ADC_ConfigChannel
                0x0000000008003a34      0x1f4 build/stm32f0xx_hal_adc.o
                0x0000000008003a34                HAL_ADC_ConfigChannel
 .text.HAL_DAC_Init
                0x0000000008003c28       0x44 build/stm32f0xx_hal_dac.o
                0x0000000008003c28                HAL_DAC_Init
 .text.HAL_DAC_SetValue
                0x0000000008003c6c       0x80 build/stm32f0xx_hal_dac.o
                0x0000000008003c6c                HAL_DAC_SetValue
 .text.HAL_DAC_ConfigChannel
                0x0000000008003cec       0xc4 build/stm32f0xx_hal_dac_ex.o
                0x0000000008003cec                HAL_DAC_ConfigChannel
 .text.HAL_DAC_Start
                0x0000000008003db0       0x78 build/stm32f0xx_hal_dac_ex.o
                0x0000000008003db0                HAL_DAC_Start
 .text.TIM_TI1_ConfigInputStage
                0x0000000008003e28       0x22 build/stm32f0xx_hal_tim.o
 *fill*         0x0000000008003e4a        0x2 
 .text.TIM_TI2_SetConfig
                0x0000000008003e4c       0x38 build/stm32f0xx_hal_tim.o
 .text.TIM_TI2_ConfigInputStage
                0x0000000008003e84       0x28 build/stm32f0xx_hal_tim.o
 .text.TIM_TI3_SetConfig
                0x0000000008003eac       0x3c build/stm32f0xx_hal_tim.o
 .text.TIM_TI4_SetConfig
                0x0000000008003ee8       0x44 build/stm32f0xx_hal_tim.o
 .text.TIM_ITRx_SetConfig
                0x0000000008003f2c       0x10 build/stm32f0xx_hal_tim.o
 .text.HAL_TIM_Base_Start_IT
                0x0000000008003f3c       0x84 build/stm32f0xx_hal_tim.o
                0x0000000008003f3c                HAL_TIM_Base_Start_IT
 .text.HAL_TIM_PWM_PulseFinishedCallback
                0x0000000008003fc0        0x2 build/stm32f0xx_hal_tim.o
                0x0000000008003fc0                HAL_TIM_PWM_PulseFinishedCallback
 .text.HAL_TIM_TriggerCallback
                0x0000000008003fc2        0x2 build/stm32f0xx_hal_tim.o
                0x0000000008003fc2                HAL_TIM_TriggerCallback
 .text.HAL_TIM_IRQHandler
                0x0000000008003fc4      0x15a build/stm32f0xx_hal_tim.o
                0x0000000008003fc4                HAL_TIM_IRQHandler
 *fill*         0x000000000800411e        0x2 
 .text.TIM_Base_SetConfig
                0x0000000008004120       0xa4 build/stm32f0xx_hal_tim.o
                0x0000000008004120                TIM_Base_SetConfig
 .text.HAL_TIM_Base_Init
                0x00000000080041c4       0xf0 build/stm32f0xx_hal_tim.o
                0x00000000080041c4                HAL_TIM_Base_Init
 .text.HAL_TIM_IC_Init
                0x00000000080042b4      0x100 build/stm32f0xx_hal_tim.o
                0x00000000080042b4                HAL_TIM_IC_Init
 .text.HAL_TIM_Encoder_Init
                0x00000000080043b4      0x238 build/stm32f0xx_hal_tim.o
                0x00000000080043b4                HAL_TIM_Encoder_Init
 .text.TIM_TI1_SetConfig
                0x00000000080045ec       0x5c build/stm32f0xx_hal_tim.o
                0x00000000080045ec                TIM_TI1_SetConfig
 .text.HAL_TIM_IC_ConfigChannel
                0x0000000008004648      0x1f4 build/stm32f0xx_hal_tim.o
                0x0000000008004648                HAL_TIM_IC_ConfigChannel
 .text.TIM_ETR_SetConfig
                0x000000000800483c       0x18 build/stm32f0xx_hal_tim.o
                0x000000000800483c                TIM_ETR_SetConfig
 .text.HAL_TIM_ConfigClockSource
                0x0000000008004854      0x4b8 build/stm32f0xx_hal_tim.o
                0x0000000008004854                HAL_TIM_ConfigClockSource
 .text.TIM_CCxChannelCmd
                0x0000000008004d0c       0x94 build/stm32f0xx_hal_tim.o
                0x0000000008004d0c                TIM_CCxChannelCmd
 .text.HAL_TIM_Encoder_Start_IT
                0x0000000008004da0       0xa8 build/stm32f0xx_hal_tim.o
                0x0000000008004da0                HAL_TIM_Encoder_Start_IT
 .text.HAL_TIMEx_MasterConfigSynchronization
                0x0000000008004e48       0xe4 build/stm32f0xx_hal_tim_ex.o
                0x0000000008004e48                HAL_TIMEx_MasterConfigSynchronization
 .text.HAL_TIMEx_CommutationCallback
                0x0000000008004f2c        0x2 build/stm32f0xx_hal_tim_ex.o
                0x0000000008004f2c                HAL_TIMEx_CommutationCallback
 .text.HAL_TIMEx_BreakCallback
                0x0000000008004f2e        0x2 build/stm32f0xx_hal_tim_ex.o
                0x0000000008004f2e                HAL_TIMEx_BreakCallback
 .text.UART_SetConfig
                0x0000000008004f30      0x32c build/stm32f0xx_hal_uart.o
                0x0000000008004f30                UART_SetConfig
 .text.UART_AdvFeatureConfig
                0x000000000800525c      0x234 build/stm32f0xx_hal_uart.o
                0x000000000800525c                UART_AdvFeatureConfig
 .text.UART_WaitOnFlagUntilTimeout
                0x0000000008005490       0x6c build/stm32f0xx_hal_uart.o
                0x0000000008005490                UART_WaitOnFlagUntilTimeout
 .text.HAL_UART_Transmit
                0x00000000080054fc       0xe2 build/stm32f0xx_hal_uart.o
                0x00000000080054fc                HAL_UART_Transmit
 *fill*         0x00000000080055de        0x2 
 .text.UART_CheckIdleState
                0x00000000080055e0       0x84 build/stm32f0xx_hal_uart.o
                0x00000000080055e0                UART_CheckIdleState
 .text.HAL_UART_Init
                0x0000000008005664       0xd8 build/stm32f0xx_hal_uart.o
                0x0000000008005664                HAL_UART_Init
 .text.HAL_RCC_OscConfig
                0x000000000800573c      0x6b8 build/stm32f0xx_hal_rcc.o
                0x000000000800573c                HAL_RCC_OscConfig
 .text.HAL_RCC_GetSysClockFreq
                0x0000000008005df4       0x94 build/stm32f0xx_hal_rcc.o
                0x0000000008005df4                HAL_RCC_GetSysClockFreq
 .text.HAL_RCC_ClockConfig
                0x0000000008005e88      0x240 build/stm32f0xx_hal_rcc.o
                0x0000000008005e88                HAL_RCC_ClockConfig
 .text.HAL_RCC_GetHCLKFreq
                0x00000000080060c8        0xc build/stm32f0xx_hal_rcc.o
                0x00000000080060c8                HAL_RCC_GetHCLKFreq
 .text.HAL_RCC_GetPCLK1Freq
                0x00000000080060d4       0x20 build/stm32f0xx_hal_rcc.o
                0x00000000080060d4                HAL_RCC_GetPCLK1Freq
 .text.HAL_RCCEx_PeriphCLKConfig
                0x00000000080060f4      0x224 build/stm32f0xx_hal_rcc_ex.o
                0x00000000080060f4                HAL_RCCEx_PeriphCLKConfig
 .text.HAL_InitTick
                0x0000000008006318       0x24 build/stm32f0xx_hal.o
                0x0000000008006318                HAL_InitTick
 .text.HAL_Init
                0x000000000800633c       0x20 build/stm32f0xx_hal.o
                0x000000000800633c                HAL_Init
 .text.HAL_IncTick
                0x000000000800635c       0x10 build/stm32f0xx_hal.o
                0x000000000800635c                HAL_IncTick
 .text.HAL_GetTick
                0x000000000800636c        0xc build/stm32f0xx_hal.o
                0x000000000800636c                HAL_GetTick
 .text.HAL_Delay
                0x0000000008006378       0x22 build/stm32f0xx_hal.o
                0x0000000008006378                HAL_Delay
 *fill*         0x000000000800639a        0x2 
 .text.HAL_GPIO_Init
                0x000000000800639c      0x2a8 build/stm32f0xx_hal_gpio.o
                0x000000000800639c                HAL_GPIO_Init
 .text.HAL_GPIO_WritePin
                0x0000000008006644       0x38 build/stm32f0xx_hal_gpio.o
                0x0000000008006644                HAL_GPIO_WritePin
 .text.HAL_GPIO_EXTI_IRQHandler
                0x000000000800667c       0x1c build/stm32f0xx_hal_gpio.o
                0x000000000800667c                HAL_GPIO_EXTI_IRQHandler
 .text.HAL_NVIC_SetPriority
                0x0000000008006698       0x78 build/stm32f0xx_hal_cortex.o
                0x0000000008006698                HAL_NVIC_SetPriority
 .text.HAL_NVIC_EnableIRQ
                0x0000000008006710       0x28 build/stm32f0xx_hal_cortex.o
                0x0000000008006710                HAL_NVIC_EnableIRQ
 .text.HAL_SYSTICK_Config
                0x0000000008006738       0x38 build/stm32f0xx_hal_cortex.o
                0x0000000008006738                HAL_SYSTICK_Config
 .text.SystemInit
                0x0000000008006770       0x60 build/system_stm32f0xx.o
                0x0000000008006770                SystemInit
 .text.HAL_RTC_AlarmIRQHandler
                0x00000000080067d0       0x3c build/stm32f0xx_hal_rtc.o
                0x00000000080067d0                HAL_RTC_AlarmIRQHandler
 .text.HAL_RTC_WaitForSynchro
                0x000000000800680c       0x32 build/stm32f0xx_hal_rtc.o
                0x000000000800680c                HAL_RTC_WaitForSynchro
 .text.RTC_EnterInitMode
                0x000000000800683e       0x3a build/stm32f0xx_hal_rtc.o
                0x000000000800683e                RTC_EnterInitMode
 .text.HAL_RTC_Init
                0x0000000008006878      0x168 build/stm32f0xx_hal_rtc.o
                0x0000000008006878                HAL_RTC_Init
 .text.RTC_ByteToBcd2
                0x00000000080069e0       0x16 build/stm32f0xx_hal_rtc.o
                0x00000000080069e0                RTC_ByteToBcd2
 .text.RTC_Bcd2ToByte
                0x00000000080069f6       0x12 build/stm32f0xx_hal_rtc.o
                0x00000000080069f6                RTC_Bcd2ToByte
 .text.HAL_RTC_SetTime
                0x0000000008006a08      0x228 build/stm32f0xx_hal_rtc.o
                0x0000000008006a08                HAL_RTC_SetTime
 .text.HAL_RTC_SetDate
                0x0000000008006c30      0x198 build/stm32f0xx_hal_rtc.o
                0x0000000008006c30                HAL_RTC_SetDate
 .text.HAL_RTC_SetAlarm_IT
                0x0000000008006dc8      0x39c build/stm32f0xx_hal_rtc.o
                0x0000000008006dc8                HAL_RTC_SetAlarm_IT
 .text.Reset_Handler
                0x0000000008007164       0x50 build/startup_stm32f072xb.o
                0x0000000008007164                Reset_Handler
 .text.Default_Handler
                0x00000000080071b4        0x2 build/startup_stm32f072xb.o
                0x00000000080071b4                TIM1_CC_IRQHandler
                0x00000000080071b4                TSC_IRQHandler
                0x00000000080071b4                ADC1_COMP_IRQHandler
                0x00000000080071b4                I2C1_IRQHandler
                0x00000000080071b4                RCC_CRS_IRQHandler
                0x00000000080071b4                SPI1_IRQHandler
                0x00000000080071b4                TIM6_DAC_IRQHandler
                0x00000000080071b4                USART3_4_IRQHandler
                0x00000000080071b4                I2C2_IRQHandler
                0x00000000080071b4                TIM17_IRQHandler
                0x00000000080071b4                CEC_CAN_IRQHandler
                0x00000000080071b4                PVD_VDDIO2_IRQHandler
                0x00000000080071b4                DMA1_Channel4_5_6_7_IRQHandler
                0x00000000080071b4                TIM16_IRQHandler
                0x00000000080071b4                EXTI4_15_IRQHandler
                0x00000000080071b4                DMA1_Channel1_IRQHandler
                0x00000000080071b4                Default_Handler
                0x00000000080071b4                TIM14_IRQHandler
                0x00000000080071b4                TIM7_IRQHandler
                0x00000000080071b4                TIM15_IRQHandler
                0x00000000080071b4                EXTI0_1_IRQHandler
                0x00000000080071b4                USB_IRQHandler
                0x00000000080071b4                SPI2_IRQHandler
                0x00000000080071b4                WWDG_IRQHandler
                0x00000000080071b4                DMA1_Channel2_3_IRQHandler
                0x00000000080071b4                USART2_IRQHandler
                0x00000000080071b4                FLASH_IRQHandler
                0x00000000080071b4                USART1_IRQHandler
                0x00000000080071b4                TIM1_BRK_UP_TRG_COM_IRQHandler
 *fill*         0x00000000080071b6        0x2 
 .text.__libc_init_array
                0x00000000080071b8       0x48 /home/zhengxg/work/stm32/tools/gcc-arm-none-eabi-8-2018-q4-major/bin/../lib/gcc/arm-none-eabi/8.2.1/../../../../arm-none-eabi/lib/thumb/v6-m/nofp/libc_nano.a(lib_a-init.o)
                0x00000000080071b8                __libc_init_array
 .text.memset   0x0000000008007200       0x10 /home/zhengxg/work/stm32/tools/gcc-arm-none-eabi-8-2018-q4-major/bin/../lib/gcc/arm-none-eabi/8.2.1/../../../../arm-none-eabi/lib/thumb/v6-m/nofp/libc_nano.a(lib_a-memset.o)
                0x0000000008007200                memset
 .text.printf   0x0000000008007210       0x34 /home/zhengxg/work/stm32/tools/gcc-arm-none-eabi-8-2018-q4-major/bin/../lib/gcc/arm-none-eabi/8.2.1/../../../../arm-none-eabi/lib/thumb/v6-m/nofp/libc_nano.a(lib_a-printf.o)
                0x0000000008007210                printf
                0x0000000008007210                iprintf
 .text._puts_r  0x0000000008007244       0xe4 /home/zhengxg/work/stm32/tools/gcc-arm-none-eabi-8-2018-q4-major/bin/../lib/gcc/arm-none-eabi/8.2.1/../../../../arm-none-eabi/lib/thumb/v6-m/nofp/libc_nano.a(lib_a-puts.o)
                0x0000000008007244                _puts_r
 .text.puts     0x0000000008007328       0x14 /home/zhengxg/work/stm32/tools/gcc-arm-none-eabi-8-2018-q4-major/bin/../lib/gcc/arm-none-eabi/8.2.1/../../../../arm-none-eabi/lib/thumb/v6-m/nofp/libc_nano.a(lib_a-puts.o)
                0x0000000008007328                puts
 .text.sprintf  0x000000000800733c       0x40 /home/zhengxg/work/stm32/tools/gcc-arm-none-eabi-8-2018-q4-major/bin/../lib/gcc/arm-none-eabi/8.2.1/../../../../arm-none-eabi/lib/thumb/v6-m/nofp/libc_nano.a(lib_a-sprintf.o)
                0x000000000800733c                sprintf
                0x000000000800733c                siprintf
 .text.strcpy   0x000000000800737c       0x10 /home/zhengxg/work/stm32/tools/gcc-arm-none-eabi-8-2018-q4-major/bin/../lib/gcc/arm-none-eabi/8.2.1/../../../../arm-none-eabi/lib/thumb/v6-m/nofp/libc_nano.a(lib_a-strcpy.o)
                0x000000000800737c                strcpy
 .text.__swbuf_r
                0x000000000800738c       0xac /home/zhengxg/work/stm32/tools/gcc-arm-none-eabi-8-2018-q4-major/bin/../lib/gcc/arm-none-eabi/8.2.1/../../../../arm-none-eabi/lib/thumb/v6-m/nofp/libc_nano.a(lib_a-wbuf.o)
                0x000000000800738c                __swbuf_r
 .text.__swsetup_r
                0x0000000008007438       0xec /home/zhengxg/work/stm32/tools/gcc-arm-none-eabi-8-2018-q4-major/bin/../lib/gcc/arm-none-eabi/8.2.1/../../../../arm-none-eabi/lib/thumb/v6-m/nofp/libc_nano.a(lib_a-wsetup.o)
                0x0000000008007438                __swsetup_r
 .text.__sflush_r
                0x0000000008007524      0x114 /home/zhengxg/work/stm32/tools/gcc-arm-none-eabi-8-2018-q4-major/bin/../lib/gcc/arm-none-eabi/8.2.1/../../../../arm-none-eabi/lib/thumb/v6-m/nofp/libc_nano.a(lib_a-fflush.o)
                0x0000000008007524                __sflush_r
 .text._fflush_r
                0x0000000008007638       0x80 /home/zhengxg/work/stm32/tools/gcc-arm-none-eabi-8-2018-q4-major/bin/../lib/gcc/arm-none-eabi/8.2.1/../../../../arm-none-eabi/lib/thumb/v6-m/nofp/libc_nano.a(lib_a-fflush.o)
                0x0000000008007638                _fflush_r
 .text.std      0x00000000080076b8       0x48 /home/zhengxg/work/stm32/tools/gcc-arm-none-eabi-8-2018-q4-major/bin/../lib/gcc/arm-none-eabi/8.2.1/../../../../arm-none-eabi/lib/thumb/v6-m/nofp/libc_nano.a(lib_a-findfp.o)
 .text._cleanup_r
                0x0000000008007700       0x10 /home/zhengxg/work/stm32/tools/gcc-arm-none-eabi-8-2018-q4-major/bin/../lib/gcc/arm-none-eabi/8.2.1/../../../../arm-none-eabi/lib/thumb/v6-m/nofp/libc_nano.a(lib_a-findfp.o)
                0x0000000008007700                _cleanup_r
 .text.__sfmoreglue
                0x0000000008007710       0x2c /home/zhengxg/work/stm32/tools/gcc-arm-none-eabi-8-2018-q4-major/bin/../lib/gcc/arm-none-eabi/8.2.1/../../../../arm-none-eabi/lib/thumb/v6-m/nofp/libc_nano.a(lib_a-findfp.o)
                0x0000000008007710                __sfmoreglue
 .text.__sfp_lock_acquire
                0x000000000800773c       0x10 /home/zhengxg/work/stm32/tools/gcc-arm-none-eabi-8-2018-q4-major/bin/../lib/gcc/arm-none-eabi/8.2.1/../../../../arm-none-eabi/lib/thumb/v6-m/nofp/libc_nano.a(lib_a-findfp.o)
                0x000000000800773c                __sfp_lock_acquire
 .text.__sfp_lock_release
                0x000000000800774c       0x10 /home/zhengxg/work/stm32/tools/gcc-arm-none-eabi-8-2018-q4-major/bin/../lib/gcc/arm-none-eabi/8.2.1/../../../../arm-none-eabi/lib/thumb/v6-m/nofp/libc_nano.a(lib_a-findfp.o)
                0x000000000800774c                __sfp_lock_release
 .text.__sinit_lock_acquire
                0x000000000800775c       0x10 /home/zhengxg/work/stm32/tools/gcc-arm-none-eabi-8-2018-q4-major/bin/../lib/gcc/arm-none-eabi/8.2.1/../../../../arm-none-eabi/lib/thumb/v6-m/nofp/libc_nano.a(lib_a-findfp.o)
                0x000000000800775c                __sinit_lock_acquire
 .text.__sinit_lock_release
                0x000000000800776c       0x10 /home/zhengxg/work/stm32/tools/gcc-arm-none-eabi-8-2018-q4-major/bin/../lib/gcc/arm-none-eabi/8.2.1/../../../../arm-none-eabi/lib/thumb/v6-m/nofp/libc_nano.a(lib_a-findfp.o)
                0x000000000800776c                __sinit_lock_release
 .text.__sinit  0x000000000800777c       0x70 /home/zhengxg/work/stm32/tools/gcc-arm-none-eabi-8-2018-q4-major/bin/../lib/gcc/arm-none-eabi/8.2.1/../../../../arm-none-eabi/lib/thumb/v6-m/nofp/libc_nano.a(lib_a-findfp.o)
                0x000000000800777c                __sinit
 .text.__sfp    0x00000000080077ec       0x90 /home/zhengxg/work/stm32/tools/gcc-arm-none-eabi-8-2018-q4-major/bin/../lib/gcc/arm-none-eabi/8.2.1/../../../../arm-none-eabi/lib/thumb/v6-m/nofp/libc_nano.a(lib_a-findfp.o)
                0x00000000080077ec                __sfp
 .text._fwalk_reent
                0x000000000800787c       0x42 /home/zhengxg/work/stm32/tools/gcc-arm-none-eabi-8-2018-q4-major/bin/../lib/gcc/arm-none-eabi/8.2.1/../../../../arm-none-eabi/lib/thumb/v6-m/nofp/libc_nano.a(lib_a-fwalk.o)
                0x000000000800787c                _fwalk_reent
 .text.__retarget_lock_init_recursive
                0x00000000080078be        0x2 /home/zhengxg/work/stm32/tools/gcc-arm-none-eabi-8-2018-q4-major/bin/../lib/gcc/arm-none-eabi/8.2.1/../../../../arm-none-eabi/lib/thumb/v6-m/nofp/libc_nano.a(lib_a-lock.o)
                0x00000000080078be                __retarget_lock_init_recursive
 .text.__retarget_lock_acquire_recursive
                0x00000000080078c0        0x2 /home/zhengxg/work/stm32/tools/gcc-arm-none-eabi-8-2018-q4-major/bin/../lib/gcc/arm-none-eabi/8.2.1/../../../../arm-none-eabi/lib/thumb/v6-m/nofp/libc_nano.a(lib_a-lock.o)
                0x00000000080078c0                __retarget_lock_acquire_recursive
 .text.__retarget_lock_release_recursive
                0x00000000080078c2        0x2 /home/zhengxg/work/stm32/tools/gcc-arm-none-eabi-8-2018-q4-major/bin/../lib/gcc/arm-none-eabi/8.2.1/../../../../arm-none-eabi/lib/thumb/v6-m/nofp/libc_nano.a(lib_a-lock.o)
                0x00000000080078c2                __retarget_lock_release_recursive
 .text.__swhatbuf_r
                0x00000000080078c4       0x50 /home/zhengxg/work/stm32/tools/gcc-arm-none-eabi-8-2018-q4-major/bin/../lib/gcc/arm-none-eabi/8.2.1/../../../../arm-none-eabi/lib/thumb/v6-m/nofp/libc_nano.a(lib_a-makebuf.o)
                0x00000000080078c4                __swhatbuf_r
 .text.__smakebuf_r
                0x0000000008007914       0x88 /home/zhengxg/work/stm32/tools/gcc-arm-none-eabi-8-2018-q4-major/bin/../lib/gcc/arm-none-eabi/8.2.1/../../../../arm-none-eabi/lib/thumb/v6-m/nofp/libc_nano.a(lib_a-makebuf.o)
                0x0000000008007914                __smakebuf_r
 .text._free_r  0x000000000800799c       0x94 /home/zhengxg/work/stm32/tools/gcc-arm-none-eabi-8-2018-q4-major/bin/../lib/gcc/arm-none-eabi/8.2.1/../../../../arm-none-eabi/lib/thumb/v6-m/nofp/libc_nano.a(lib_a-nano-freer.o)
                0x000000000800799c                _free_r
 .text._malloc_r
                0x0000000008007a30       0xbc /home/zhengxg/work/stm32/tools/gcc-arm-none-eabi-8-2018-q4-major/bin/../lib/gcc/arm-none-eabi/8.2.1/../../../../arm-none-eabi/lib/thumb/v6-m/nofp/libc_nano.a(lib_a-nano-mallocr.o)
                0x0000000008007a30                _malloc_r
 .text.__ssputs_r
                0x0000000008007aec       0xc4 /home/zhengxg/work/stm32/tools/gcc-arm-none-eabi-8-2018-q4-major/bin/../lib/gcc/arm-none-eabi/8.2.1/../../../../arm-none-eabi/lib/thumb/v6-m/nofp/libc_nano.a(lib_a-nano-svfprintf.o)
                0x0000000008007aec                __ssputs_r
 .text._svfprintf_r
                0x0000000008007bb0      0x1fc /home/zhengxg/work/stm32/tools/gcc-arm-none-eabi-8-2018-q4-major/bin/../lib/gcc/arm-none-eabi/8.2.1/../../../../arm-none-eabi/lib/thumb/v6-m/nofp/libc_nano.a(lib_a-nano-svfprintf.o)
                0x0000000008007bb0                _svfprintf_r
                0x0000000008007bb0                _svfiprintf_r
 .text.__sfputc_r
                0x0000000008007dac       0x2a /home/zhengxg/work/stm32/tools/gcc-arm-none-eabi-8-2018-q4-major/bin/../lib/gcc/arm-none-eabi/8.2.1/../../../../arm-none-eabi/lib/thumb/v6-m/nofp/libc_nano.a(lib_a-nano-vfprintf.o)
 .text.__sfputs_r
                0x0000000008007dd6       0x24 /home/zhengxg/work/stm32/tools/gcc-arm-none-eabi-8-2018-q4-major/bin/../lib/gcc/arm-none-eabi/8.2.1/../../../../arm-none-eabi/lib/thumb/v6-m/nofp/libc_nano.a(lib_a-nano-vfprintf.o)
                0x0000000008007dd6                __sfputs_r
 *fill*         0x0000000008007dfa        0x2 
 .text._vfprintf_r
                0x0000000008007dfc      0x26c /home/zhengxg/work/stm32/tools/gcc-arm-none-eabi-8-2018-q4-major/bin/../lib/gcc/arm-none-eabi/8.2.1/../../../../arm-none-eabi/lib/thumb/v6-m/nofp/libc_nano.a(lib_a-nano-vfprintf.o)
                0x0000000008007dfc                _vfiprintf_r
                0x0000000008007dfc                _vfprintf_r
 .text._printf_common
                0x0000000008008068       0xda /home/zhengxg/work/stm32/tools/gcc-arm-none-eabi-8-2018-q4-major/bin/../lib/gcc/arm-none-eabi/8.2.1/../../../../arm-none-eabi/lib/thumb/v6-m/nofp/libc_nano.a(lib_a-nano-vfprintf_i.o)
                0x0000000008008068                _printf_common
 *fill*         0x0000000008008142        0x2 
 .text._printf_i
                0x0000000008008144      0x214 /home/zhengxg/work/stm32/tools/gcc-arm-none-eabi-8-2018-q4-major/bin/../lib/gcc/arm-none-eabi/8.2.1/../../../../arm-none-eabi/lib/thumb/v6-m/nofp/libc_nano.a(lib_a-nano-vfprintf_i.o)
                0x0000000008008144                _printf_i
 .text._sbrk_r  0x0000000008008358       0x24 /home/zhengxg/work/stm32/tools/gcc-arm-none-eabi-8-2018-q4-major/bin/../lib/gcc/arm-none-eabi/8.2.1/../../../../arm-none-eabi/lib/thumb/v6-m/nofp/libc_nano.a(lib_a-sbrkr.o)
                0x0000000008008358                _sbrk_r
 .text.__sread  0x000000000800837c       0x28 /home/zhengxg/work/stm32/tools/gcc-arm-none-eabi-8-2018-q4-major/bin/../lib/gcc/arm-none-eabi/8.2.1/../../../../arm-none-eabi/lib/thumb/v6-m/nofp/libc_nano.a(lib_a-stdio.o)
                0x000000000800837c                __sread
 .text.__swrite
                0x00000000080083a4       0x38 /home/zhengxg/work/stm32/tools/gcc-arm-none-eabi-8-2018-q4-major/bin/../lib/gcc/arm-none-eabi/8.2.1/../../../../arm-none-eabi/lib/thumb/v6-m/nofp/libc_nano.a(lib_a-stdio.o)
                0x00000000080083a4                __swrite
 .text.__sseek  0x00000000080083dc       0x2c /home/zhengxg/work/stm32/tools/gcc-arm-none-eabi-8-2018-q4-major/bin/../lib/gcc/arm-none-eabi/8.2.1/../../../../arm-none-eabi/lib/thumb/v6-m/nofp/libc_nano.a(lib_a-stdio.o)
                0x00000000080083dc                __sseek
 .text.__sclose
                0x0000000008008408        0xc /home/zhengxg/work/stm32/tools/gcc-arm-none-eabi-8-2018-q4-major/bin/../lib/gcc/arm-none-eabi/8.2.1/../../../../arm-none-eabi/lib/thumb/v6-m/nofp/libc_nano.a(lib_a-stdio.o)
                0x0000000008008408                __sclose
 .text._write_r
                0x0000000008008414       0x28 /home/zhengxg/work/stm32/tools/gcc-arm-none-eabi-8-2018-q4-major/bin/../lib/gcc/arm-none-eabi/8.2.1/../../../../arm-none-eabi/lib/thumb/v6-m/nofp/libc_nano.a(lib_a-writer.o)
                0x0000000008008414                _write_r
 .text._close_r
                0x000000000800843c       0x24 /home/zhengxg/work/stm32/tools/gcc-arm-none-eabi-8-2018-q4-major/bin/../lib/gcc/arm-none-eabi/8.2.1/../../../../arm-none-eabi/lib/thumb/v6-m/nofp/libc_nano.a(lib_a-closer.o)
                0x000000000800843c                _close_r
 .text._fstat_r
                0x0000000008008460       0x24 /home/zhengxg/work/stm32/tools/gcc-arm-none-eabi-8-2018-q4-major/bin/../lib/gcc/arm-none-eabi/8.2.1/../../../../arm-none-eabi/lib/thumb/v6-m/nofp/libc_nano.a(lib_a-fstatr.o)
                0x0000000008008460                _fstat_r
 .text._isatty_r
                0x0000000008008484       0x24 /home/zhengxg/work/stm32/tools/gcc-arm-none-eabi-8-2018-q4-major/bin/../lib/gcc/arm-none-eabi/8.2.1/../../../../arm-none-eabi/lib/thumb/v6-m/nofp/libc_nano.a(lib_a-isattyr.o)
                0x0000000008008484                _isatty_r
 .text._lseek_r
                0x00000000080084a8       0x28 /home/zhengxg/work/stm32/tools/gcc-arm-none-eabi-8-2018-q4-major/bin/../lib/gcc/arm-none-eabi/8.2.1/../../../../arm-none-eabi/lib/thumb/v6-m/nofp/libc_nano.a(lib_a-lseekr.o)
                0x00000000080084a8                _lseek_r
 .text.memchr   0x00000000080084d0       0x16 /home/zhengxg/work/stm32/tools/gcc-arm-none-eabi-8-2018-q4-major/bin/../lib/gcc/arm-none-eabi/8.2.1/../../../../arm-none-eabi/lib/thumb/v6-m/nofp/libc_nano.a(lib_a-memchr-stub.o)
                0x00000000080084d0                memchr
 .text.memcpy   0x00000000080084e6       0x12 /home/zhengxg/work/stm32/tools/gcc-arm-none-eabi-8-2018-q4-major/bin/../lib/gcc/arm-none-eabi/8.2.1/../../../../arm-none-eabi/lib/thumb/v6-m/nofp/libc_nano.a(lib_a-memcpy-stub.o)
                0x00000000080084e6                memcpy
 .text.memmove  0x00000000080084f8       0x26 /home/zhengxg/work/stm32/tools/gcc-arm-none-eabi-8-2018-q4-major/bin/../lib/gcc/arm-none-eabi/8.2.1/../../../../arm-none-eabi/lib/thumb/v6-m/nofp/libc_nano.a(lib_a-memmove.o)
                0x00000000080084f8                memmove
 *fill*         0x000000000800851e        0x2 
 .text.__malloc_lock
                0x0000000008008520       0x10 /home/zhengxg/work/stm32/tools/gcc-arm-none-eabi-8-2018-q4-major/bin/../lib/gcc/arm-none-eabi/8.2.1/../../../../arm-none-eabi/lib/thumb/v6-m/nofp/libc_nano.a(lib_a-mlock.o)
                0x0000000008008520                __malloc_lock
 .text.__malloc_unlock
                0x0000000008008530       0x10 /home/zhengxg/work/stm32/tools/gcc-arm-none-eabi-8-2018-q4-major/bin/../lib/gcc/arm-none-eabi/8.2.1/../../../../arm-none-eabi/lib/thumb/v6-m/nofp/libc_nano.a(lib_a-mlock.o)
                0x0000000008008530                __malloc_unlock
 .text._realloc_r
                0x0000000008008540       0x4c /home/zhengxg/work/stm32/tools/gcc-arm-none-eabi-8-2018-q4-major/bin/../lib/gcc/arm-none-eabi/8.2.1/../../../../arm-none-eabi/lib/thumb/v6-m/nofp/libc_nano.a(lib_a-nano-reallocr.o)
                0x0000000008008540                _realloc_r
 .text._read_r  0x000000000800858c       0x28 /home/zhengxg/work/stm32/tools/gcc-arm-none-eabi-8-2018-q4-major/bin/../lib/gcc/arm-none-eabi/8.2.1/../../../../arm-none-eabi/lib/thumb/v6-m/nofp/libc_nano.a(lib_a-readr.o)
                0x000000000800858c                _read_r
 .text._malloc_usable_size_r
                0x00000000080085b4       0x10 /home/zhengxg/work/stm32/tools/gcc-arm-none-eabi-8-2018-q4-major/bin/../lib/gcc/arm-none-eabi/8.2.1/../../../../arm-none-eabi/lib/thumb/v6-m/nofp/libc_nano.a(lib_a-nano-msizer.o)
                0x00000000080085b4                _malloc_usable_size_r
 .text.pow      0x00000000080085c4      0x37c /home/zhengxg/work/stm32/tools/gcc-arm-none-eabi-8-2018-q4-major/bin/../lib/gcc/arm-none-eabi/8.2.1/../../../../arm-none-eabi/lib/thumb/v6-m/nofp/libm.a(lib_a-w_pow.o)
                0x00000000080085c4                pow
 .text.__ieee754_pow
                0x0000000008008940      0xacc /home/zhengxg/work/stm32/tools/gcc-arm-none-eabi-8-2018-q4-major/bin/../lib/gcc/arm-none-eabi/8.2.1/../../../../arm-none-eabi/lib/thumb/v6-m/nofp/libm.a(lib_a-e_pow.o)
                0x0000000008008940                __ieee754_pow
 .text.__ieee754_sqrt
                0x000000000800940c      0x1bc /home/zhengxg/work/stm32/tools/gcc-arm-none-eabi-8-2018-q4-major/bin/../lib/gcc/arm-none-eabi/8.2.1/../../../../arm-none-eabi/lib/thumb/v6-m/nofp/libm.a(lib_a-e_sqrt.o)
                0x000000000800940c                __ieee754_sqrt
 .text.fabs     0x00000000080095c8        0x8 /home/zhengxg/work/stm32/tools/gcc-arm-none-eabi-8-2018-q4-major/bin/../lib/gcc/arm-none-eabi/8.2.1/../../../../arm-none-eabi/lib/thumb/v6-m/nofp/libm.a(lib_a-s_fabs.o)
                0x00000000080095c8                fabs
 .text.finite   0x00000000080095d0       0x14 /home/zhengxg/work/stm32/tools/gcc-arm-none-eabi-8-2018-q4-major/bin/../lib/gcc/arm-none-eabi/8.2.1/../../../../arm-none-eabi/lib/thumb/v6-m/nofp/libm.a(lib_a-s_finite.o)
                0x00000000080095d0                finite
 .text.matherr  0x00000000080095e4        0x4 /home/zhengxg/work/stm32/tools/gcc-arm-none-eabi-8-2018-q4-major/bin/../lib/gcc/arm-none-eabi/8.2.1/../../../../arm-none-eabi/lib/thumb/v6-m/nofp/libm.a(lib_a-s_matherr.o)
                0x00000000080095e4                matherr
 .text.nan      0x00000000080095e8        0xc /home/zhengxg/work/stm32/tools/gcc-arm-none-eabi-8-2018-q4-major/bin/../lib/gcc/arm-none-eabi/8.2.1/../../../../arm-none-eabi/lib/thumb/v6-m/nofp/libm.a(lib_a-s_nan.o)
                0x00000000080095e8                nan
 .text.rint     0x00000000080095f4      0x110 /home/zhengxg/work/stm32/tools/gcc-arm-none-eabi-8-2018-q4-major/bin/../lib/gcc/arm-none-eabi/8.2.1/../../../../arm-none-eabi/lib/thumb/v6-m/nofp/libm.a(lib_a-s_rint.o)
                0x00000000080095f4                rint
 .text.scalbn   0x0000000008009704       0xf8 /home/zhengxg/work/stm32/tools/gcc-arm-none-eabi-8-2018-q4-major/bin/../lib/gcc/arm-none-eabi/8.2.1/../../../../arm-none-eabi/lib/thumb/v6-m/nofp/libm.a(lib_a-s_scalbn.o)
                0x0000000008009704                scalbn
 .text._close   0x00000000080097fc       0x10 /home/zhengxg/work/stm32/tools/gcc-arm-none-eabi-8-2018-q4-major/bin/../lib/gcc/arm-none-eabi/8.2.1/../../../../arm-none-eabi/lib/thumb/v6-m/nofp/libnosys.a(close.o)
                0x00000000080097fc                _close
 .text._fstat   0x000000000800980c       0x10 /home/zhengxg/work/stm32/tools/gcc-arm-none-eabi-8-2018-q4-major/bin/../lib/gcc/arm-none-eabi/8.2.1/../../../../arm-none-eabi/lib/thumb/v6-m/nofp/libnosys.a(fstat.o)
                0x000000000800980c                _fstat
 .text._isatty  0x000000000800981c       0x10 /home/zhengxg/work/stm32/tools/gcc-arm-none-eabi-8-2018-q4-major/bin/../lib/gcc/arm-none-eabi/8.2.1/../../../../arm-none-eabi/lib/thumb/v6-m/nofp/libnosys.a(isatty.o)
                0x000000000800981c                _isatty
 .text._lseek   0x000000000800982c       0x10 /home/zhengxg/work/stm32/tools/gcc-arm-none-eabi-8-2018-q4-major/bin/../lib/gcc/arm-none-eabi/8.2.1/../../../../arm-none-eabi/lib/thumb/v6-m/nofp/libnosys.a(lseek.o)
                0x000000000800982c                _lseek
 .text._read    0x000000000800983c       0x10 /home/zhengxg/work/stm32/tools/gcc-arm-none-eabi-8-2018-q4-major/bin/../lib/gcc/arm-none-eabi/8.2.1/../../../../arm-none-eabi/lib/thumb/v6-m/nofp/libnosys.a(read.o)
                0x000000000800983c                _read
 .text._sbrk    0x000000000800984c       0x1c /home/zhengxg/work/stm32/tools/gcc-arm-none-eabi-8-2018-q4-major/bin/../lib/gcc/arm-none-eabi/8.2.1/../../../../arm-none-eabi/lib/thumb/v6-m/nofp/libnosys.a(sbrk.o)
                0x000000000800984c                _sbrk
 .text.__errno  0x0000000008009868        0xc /home/zhengxg/work/stm32/tools/gcc-arm-none-eabi-8-2018-q4-major/bin/../lib/gcc/arm-none-eabi/8.2.1/../../../../arm-none-eabi/lib/thumb/v6-m/nofp/libc_nano.a(lib_a-errno.o)
                0x0000000008009868                __errno
 *(.glue_7)
 .glue_7        0x0000000008009874        0x0 linker stubs
 *(.glue_7t)
 .glue_7t       0x0000000008009874        0x0 linker stubs
 *(.eh_frame)
 .eh_frame      0x0000000008009874        0x0 /home/zhengxg/work/stm32/tools/gcc-arm-none-eabi-8-2018-q4-major/bin/../lib/gcc/arm-none-eabi/8.2.1/thumb/v6-m/nofp/crtbegin.o
 *(.init)
 .init          0x0000000008009874        0x4 /home/zhengxg/work/stm32/tools/gcc-arm-none-eabi-8-2018-q4-major/bin/../lib/gcc/arm-none-eabi/8.2.1/thumb/v6-m/nofp/crti.o
                0x0000000008009874                _init
 .init          0x0000000008009878        0x8 /home/zhengxg/work/stm32/tools/gcc-arm-none-eabi-8-2018-q4-major/bin/../lib/gcc/arm-none-eabi/8.2.1/thumb/v6-m/nofp/crtn.o
 *(.fini)
 .fini          0x0000000008009880        0x4 /home/zhengxg/work/stm32/tools/gcc-arm-none-eabi-8-2018-q4-major/bin/../lib/gcc/arm-none-eabi/8.2.1/thumb/v6-m/nofp/crti.o
                0x0000000008009880                _fini
 .fini          0x0000000008009884        0x8 /home/zhengxg/work/stm32/tools/gcc-arm-none-eabi-8-2018-q4-major/bin/../lib/gcc/arm-none-eabi/8.2.1/thumb/v6-m/nofp/crtn.o
                0x000000000800988c                . = ALIGN (0x4)
                0x000000000800988c                _etext = .

.vfp11_veneer   0x000000000800988c        0x0
 .vfp11_veneer  0x000000000800988c        0x0 linker stubs

.v4_bx          0x000000000800988c        0x0
 .v4_bx         0x000000000800988c        0x0 linker stubs

.iplt           0x000000000800988c        0x0
 .iplt          0x000000000800988c        0x0 /home/zhengxg/work/stm32/tools/gcc-arm-none-eabi-8-2018-q4-major/bin/../lib/gcc/arm-none-eabi/8.2.1/thumb/v6-m/nofp/crtbegin.o

.rodata         0x0000000008009890     0x1d38
                0x0000000008009890                . = ALIGN (0x4)
 *(.rodata)
 .rodata        0x0000000008009890       0x20 build/stm32f0xx_hal_rcc.o
 .rodata        0x00000000080098b0       0x40 /home/zhengxg/work/stm32/tools/gcc-arm-none-eabi-8-2018-q4-major/bin/../lib/gcc/arm-none-eabi/8.2.1/thumb/v6-m/nofp/libgcc.a(divdf3.o)
 .rodata        0x00000000080098f0       0x40 /home/zhengxg/work/stm32/tools/gcc-arm-none-eabi-8-2018-q4-major/bin/../lib/gcc/arm-none-eabi/8.2.1/thumb/v6-m/nofp/libgcc.a(muldf3.o)
 *(.rodata*)
 .rodata.HAL_GPIO_EXTI_Callback.str1.4
                0x0000000008009930       0x1c build/main.o
 .rodata.HAL_TIM_IC_CaptureCallback.str1.4
                0x000000000800994c       0x3c build/main.o
 .rodata.HAL_TIM_OC_DelayElapsedCallback.str1.4
                0x0000000008009988       0x27 build/main.o
 *fill*         0x00000000080099af        0x1 
 .rodata.main.str1.4
                0x00000000080099b0       0x1a build/main.o
 *fill*         0x00000000080099ca        0x2 
 .rodata.menuMainEventCallback.str1.4
                0x00000000080099cc       0x24 build/menu.o
 .rodata.menuMainRefresh.str1.4
                0x00000000080099f0       0x44 build/menu.o
 .rodata.menuSelectFuncEventCallback.str1.4
                0x0000000008009a34       0x1c build/menu.o
 .rodata.menuSelectFuncRefresh.str1.4
                0x0000000008009a50       0x30 build/menu.o
 .rodata.menuSetVoltageEventCallback.str1.4
                0x0000000008009a80       0x1a build/menu.o
 *fill*         0x0000000008009a9a        0x2 
 .rodata.menuSetVoltageRefresh.str1.4
                0x0000000008009a9c        0xf build/menu.o
 *fill*         0x0000000008009aab        0x1 
 .rodata.lv_font_yahei_16_glyph_bitmap
                0x0000000008009aac      0x6a0 build/lv_font_yahei_16.o
 .rodata.lv_font_yahei_16_glyph_dsc
                0x000000000800a14c      0x17c build/lv_font_yahei_16.o
 .rodata.lv_font_yahei_24_glyph_bitmap
                0x000000000800a2c8      0xe58 build/lv_font_yahei_24.o
 .rodata.lv_font_yahei_24_glyph_dsc
                0x000000000800b120      0x17c build/lv_font_yahei_24.o
 .rodata.ADC_ConversionStop.str1.4
                0x000000000800b29c       0x35 build/stm32f0xx_hal_adc.o
 *fill*         0x000000000800b2d1        0x3 
 .rodata.HAL_DAC_Init.str1.4
                0x000000000800b2d4       0x35 build/stm32f0xx_hal_dac.o
 *fill*         0x000000000800b309        0x3 
 .rodata.HAL_DAC_ConfigChannel.str1.4
                0x000000000800b30c       0x38 build/stm32f0xx_hal_dac_ex.o
 .rodata.TIM_OC1_SetConfig.str1.4
                0x000000000800b344       0x35 build/stm32f0xx_hal_tim.o
 *fill*         0x000000000800b379        0x3 
 .rodata.HAL_TIMEx_HallSensor_Init.str1.4
                0x000000000800b37c       0x38 build/stm32f0xx_hal_tim_ex.o
 .rodata.HAL_UART_DeInit.str1.4
                0x000000000800b3b4       0x36 build/stm32f0xx_hal_uart.o
 *fill*         0x000000000800b3ea        0x2 
 .rodata.HAL_RCC_OscConfig.str1.4
                0x000000000800b3ec       0x35 build/stm32f0xx_hal_rcc.o
 *fill*         0x000000000800b421        0x3 
 .rodata.HAL_RCCEx_PeriphCLKConfig.str1.4
                0x000000000800b424       0x38 build/stm32f0xx_hal_rcc_ex.o
 .rodata.HAL_GPIO_Init.str1.4
                0x000000000800b45c       0x36 build/stm32f0xx_hal_gpio.o
 *fill*         0x000000000800b492        0x2 
 .rodata.HAL_NVIC_SetPriority.str1.4
                0x000000000800b494       0x38 build/stm32f0xx_hal_cortex.o
 .rodata.AHBPrescTable
                0x000000000800b4cc       0x10 build/system_stm32f0xx.o
                0x000000000800b4cc                AHBPrescTable
 .rodata.APBPrescTable
                0x000000000800b4dc        0x8 build/system_stm32f0xx.o
                0x000000000800b4dc                APBPrescTable
 .rodata.HAL_RTC_DeactivateAlarm.str1.4
                0x000000000800b4e4       0x35 build/stm32f0xx_hal_rtc.o
 *fill*         0x000000000800b519        0x3 
 .rodata._global_impure_ptr
                0x000000000800b51c        0x4 /home/zhengxg/work/stm32/tools/gcc-arm-none-eabi-8-2018-q4-major/bin/../lib/gcc/arm-none-eabi/8.2.1/../../../../arm-none-eabi/lib/thumb/v6-m/nofp/libc_nano.a(lib_a-impure.o)
                0x000000000800b51c                _global_impure_ptr
 .rodata.__sf_fake_stderr
                0x000000000800b520       0x20 /home/zhengxg/work/stm32/tools/gcc-arm-none-eabi-8-2018-q4-major/bin/../lib/gcc/arm-none-eabi/8.2.1/../../../../arm-none-eabi/lib/thumb/v6-m/nofp/libc_nano.a(lib_a-findfp.o)
                0x000000000800b520                __sf_fake_stderr
 .rodata.__sf_fake_stdin
                0x000000000800b540       0x20 /home/zhengxg/work/stm32/tools/gcc-arm-none-eabi-8-2018-q4-major/bin/../lib/gcc/arm-none-eabi/8.2.1/../../../../arm-none-eabi/lib/thumb/v6-m/nofp/libc_nano.a(lib_a-findfp.o)
                0x000000000800b540                __sf_fake_stdin
 .rodata.__sf_fake_stdout
                0x000000000800b560       0x20 /home/zhengxg/work/stm32/tools/gcc-arm-none-eabi-8-2018-q4-major/bin/../lib/gcc/arm-none-eabi/8.2.1/../../../../arm-none-eabi/lib/thumb/v6-m/nofp/libc_nano.a(lib_a-findfp.o)
                0x000000000800b560                __sf_fake_stdout
 .rodata._svfprintf_r.str1.1
                0x000000000800b580       0x11 /home/zhengxg/work/stm32/tools/gcc-arm-none-eabi-8-2018-q4-major/bin/../lib/gcc/arm-none-eabi/8.2.1/../../../../arm-none-eabi/lib/thumb/v6-m/nofp/libc_nano.a(lib_a-nano-svfprintf.o)
 .rodata._vfprintf_r.str1.1
                0x000000000800b591       0x11 /home/zhengxg/work/stm32/tools/gcc-arm-none-eabi-8-2018-q4-major/bin/../lib/gcc/arm-none-eabi/8.2.1/../../../../arm-none-eabi/lib/thumb/v6-m/nofp/libc_nano.a(lib_a-nano-vfprintf.o)
 .rodata._printf_i.str1.1
                0x000000000800b591       0x22 /home/zhengxg/work/stm32/tools/gcc-arm-none-eabi-8-2018-q4-major/bin/../lib/gcc/arm-none-eabi/8.2.1/../../../../arm-none-eabi/lib/thumb/v6-m/nofp/libc_nano.a(lib_a-nano-vfprintf_i.o)
 *fill*         0x000000000800b5b3        0x1 
 .rodata.pow.str1.4
                0x000000000800b5b4        0x4 /home/zhengxg/work/stm32/tools/gcc-arm-none-eabi-8-2018-q4-major/bin/../lib/gcc/arm-none-eabi/8.2.1/../../../../arm-none-eabi/lib/thumb/v6-m/nofp/libm.a(lib_a-w_pow.o)
 .rodata.__ieee754_pow.str1.4
                0x000000000800b5b8        0x4 /home/zhengxg/work/stm32/tools/gcc-arm-none-eabi-8-2018-q4-major/bin/../lib/gcc/arm-none-eabi/8.2.1/../../../../arm-none-eabi/lib/thumb/v6-m/nofp/libm.a(lib_a-e_pow.o)
                                          0x1 (size before relaxing)
 .rodata.TWO52  0x000000000800b5b8       0x10 /home/zhengxg/work/stm32/tools/gcc-arm-none-eabi-8-2018-q4-major/bin/../lib/gcc/arm-none-eabi/8.2.1/../../../../arm-none-eabi/lib/thumb/v6-m/nofp/libm.a(lib_a-s_rint.o)
                0x000000000800b5c8                . = ALIGN (0x4)

.rel.dyn        0x000000000800b5c8        0x0
 .rel.iplt      0x000000000800b5c8        0x0 /home/zhengxg/work/stm32/tools/gcc-arm-none-eabi-8-2018-q4-major/bin/../lib/gcc/arm-none-eabi/8.2.1/thumb/v6-m/nofp/crtbegin.o

.ARM.extab
 *(.ARM.extab* .gnu.linkonce.armextab.*)

.ARM            0x000000000800b5c8        0x0
                0x000000000800b5c8                __exidx_start = .
 *(.ARM.exidx*)
                0x000000000800b5c8                __exidx_end = .

.preinit_array  0x000000000800b5c8        0x0
                0x000000000800b5c8                PROVIDE (__preinit_array_start = .)
 *(.preinit_array*)
                0x000000000800b5c8                PROVIDE (__preinit_array_end = .)

.init_array     0x000000000800b5c8        0x4
                0x000000000800b5c8                PROVIDE (__init_array_start = .)
 *(SORT_BY_NAME(.init_array.*))
 *(.init_array*)
 .init_array    0x000000000800b5c8        0x4 /home/zhengxg/work/stm32/tools/gcc-arm-none-eabi-8-2018-q4-major/bin/../lib/gcc/arm-none-eabi/8.2.1/thumb/v6-m/nofp/crtbegin.o
                0x000000000800b5cc                PROVIDE (__init_array_end = .)

.fini_array     0x000000000800b5cc        0x4
                [!provide]                        PROVIDE (__fini_array_start = .)
 *(SORT_BY_NAME(.fini_array.*))
 *(.fini_array*)
 .fini_array    0x000000000800b5cc        0x4 /home/zhengxg/work/stm32/tools/gcc-arm-none-eabi-8-2018-q4-major/bin/../lib/gcc/arm-none-eabi/8.2.1/thumb/v6-m/nofp/crtbegin.o
                [!provide]                        PROVIDE (__fini_array_end = .)
                0x000000000800b5d0                _sidata = LOADADDR (.data)

.data           0x0000000020000000      0x160 load address 0x000000000800b5d0
                0x0000000020000000                . = ALIGN (0x4)
                0x0000000020000000                _sdata = .
 *(.data)
 *(.data*)
 .data.SelectFuncList
                0x0000000020000000       0x8c build/menu.o
                0x0000000020000000                SelectFuncList
 .data.initial_tab
                0x000000002000008c       0x17 build/oled.o
                0x000000002000008c                initial_tab
 *fill*         0x00000000200000a3        0x1 
 .data.lv_font_yahei_16
                0x00000000200000a4       0x28 build/lv_font_yahei_16.o
                0x00000000200000a4                lv_font_yahei_16
 .data.lv_font_yahei_24
                0x00000000200000cc       0x28 build/lv_font_yahei_24.o
                0x00000000200000cc                lv_font_yahei_24
 .data.SystemCoreClock
                0x00000000200000f4        0x4 build/system_stm32f0xx.o
                0x00000000200000f4                SystemCoreClock
 .data._impure_ptr
                0x00000000200000f8        0x4 /home/zhengxg/work/stm32/tools/gcc-arm-none-eabi-8-2018-q4-major/bin/../lib/gcc/arm-none-eabi/8.2.1/../../../../arm-none-eabi/lib/thumb/v6-m/nofp/libc_nano.a(lib_a-impure.o)
                0x00000000200000f8                _impure_ptr
 .data.impure_data
                0x00000000200000fc       0x60 /home/zhengxg/work/stm32/tools/gcc-arm-none-eabi-8-2018-q4-major/bin/../lib/gcc/arm-none-eabi/8.2.1/../../../../arm-none-eabi/lib/thumb/v6-m/nofp/libc_nano.a(lib_a-impure.o)
 .data.__fdlib_version
                0x000000002000015c        0x1 /home/zhengxg/work/stm32/tools/gcc-arm-none-eabi-8-2018-q4-major/bin/../lib/gcc/arm-none-eabi/8.2.1/../../../../arm-none-eabi/lib/thumb/v6-m/nofp/libm.a(lib_a-s_lib_ver.o)
                0x000000002000015c                __fdlib_version
                0x0000000020000160                . = ALIGN (0x4)
 *fill*         0x000000002000015d        0x3 
                0x0000000020000160                _edata = .

.igot.plt       0x0000000020000160        0x0 load address 0x000000000800b730
 .igot.plt      0x0000000020000160        0x0 /home/zhengxg/work/stm32/tools/gcc-arm-none-eabi-8-2018-q4-major/bin/../lib/gcc/arm-none-eabi/8.2.1/thumb/v6-m/nofp/crtbegin.o
                0x0000000020000160                . = ALIGN (0x4)

.bss            0x0000000020000160      0x648 load address 0x000000000800b730
                0x0000000020000160                _sbss = .
                0x0000000020000160                __bss_start__ = _sbss
 *(.bss)
 .bss           0x0000000020000160       0x1c /home/zhengxg/work/stm32/tools/gcc-arm-none-eabi-8-2018-q4-major/bin/../lib/gcc/arm-none-eabi/8.2.1/thumb/v6-m/nofp/crtbegin.o
 *(.bss*)
 .bss.EncodeCount
                0x000000002000017c        0x4 build/main.o
                0x000000002000017c                EncodeCount
 .bss.ISetDacValue
                0x0000000020000180        0x4 build/main.o
                0x0000000020000180                ISetDacValue
 .bss.VSetDacValue
                0x0000000020000184        0x4 build/main.o
                0x0000000020000184                VSetDacValue
 .bss.i.7826    0x0000000020000188        0x4 build/main.o
 .bss.lastEncodeCount.7817
                0x000000002000018c        0x2 build/main.o
 *fill*         0x000000002000018e        0x2 
 .bss.menuSelectFunc_lastSelectItem
                0x0000000020000190        0x4 build/menu.o
                0x0000000020000190                menuSelectFunc_lastSelectItem
 .bss.menuSelectFunc_selectItem
                0x0000000020000194        0x4 build/menu.o
                0x0000000020000194                menuSelectFunc_selectItem
 .bss.menuSetVoltage_selectIndex
                0x0000000020000198        0x4 build/menu.o
                0x0000000020000198                menuSetVoltage_selectIndex
 .bss.startShowItem.8522
                0x000000002000019c        0x4 build/menu.o
 .bss.__malloc_free_list
                0x00000000200001a0        0x4 /home/zhengxg/work/stm32/tools/gcc-arm-none-eabi-8-2018-q4-major/bin/../lib/gcc/arm-none-eabi/8.2.1/../../../../arm-none-eabi/lib/thumb/v6-m/nofp/libc_nano.a(lib_a-nano-mallocr.o)
                0x00000000200001a0                __malloc_free_list
 .bss.__malloc_sbrk_start
                0x00000000200001a4        0x4 /home/zhengxg/work/stm32/tools/gcc-arm-none-eabi-8-2018-q4-major/bin/../lib/gcc/arm-none-eabi/8.2.1/../../../../arm-none-eabi/lib/thumb/v6-m/nofp/libc_nano.a(lib_a-nano-mallocr.o)
                0x00000000200001a4                __malloc_sbrk_start
 .bss.heap_end.4194
                0x00000000200001a8        0x4 /home/zhengxg/work/stm32/tools/gcc-arm-none-eabi-8-2018-q4-major/bin/../lib/gcc/arm-none-eabi/8.2.1/../../../../arm-none-eabi/lib/thumb/v6-m/nofp/libnosys.a(sbrk.o)
 *(COMMON)
 COMMON         0x00000000200001ac      0x1d4 build/main.o
                0x00000000200001ac                g_SystemInfo
                0x00000000200001d0                hTimEncoder
                0x0000000020000210                htim3
                0x0000000020000250                huart1
                0x00000000200002c0                hdac
                0x00000000200002d4                hrtc
                0x00000000200002f4                htim2
                0x0000000020000334                hadc
 COMMON         0x0000000020000380       0x14 build/menu.o
                0x0000000020000380                menuSetVoltage_volatge
                0x0000000020000384                gMenuParam
 COMMON         0x0000000020000394      0x400 build/oled.o
                0x0000000020000394                OledDisplayBuffer
 COMMON         0x0000000020000794        0x4 build/stm32f0xx_hal.o
                0x0000000020000794                uwTick
 COMMON         0x0000000020000798        0x9 /home/zhengxg/work/stm32/tools/gcc-arm-none-eabi-8-2018-q4-major/bin/../lib/gcc/arm-none-eabi/8.2.1/../../../../arm-none-eabi/lib/thumb/v6-m/nofp/libc_nano.a(lib_a-lock.o)
                0x0000000020000798                __lock___atexit_recursive_mutex
                0x0000000020000799                __lock___arc4random_mutex
                0x000000002000079a                __lock___env_recursive_mutex
                0x000000002000079b                __lock___sinit_recursive_mutex
                0x000000002000079c                __lock___malloc_recursive_mutex
                0x000000002000079d                __lock___at_quick_exit_mutex
                0x000000002000079e                __lock___dd_hash_mutex
                0x000000002000079f                __lock___tz_mutex
                0x00000000200007a0                __lock___sfp_recursive_mutex
 *fill*         0x00000000200007a1        0x3 
 COMMON         0x00000000200007a4        0x4 /home/zhengxg/work/stm32/tools/gcc-arm-none-eabi-8-2018-q4-major/bin/../lib/gcc/arm-none-eabi/8.2.1/../../../../arm-none-eabi/lib/thumb/v6-m/nofp/libc_nano.a(lib_a-reent.o)
                0x00000000200007a4                errno
                0x00000000200007a8                . = ALIGN (0x4)
                0x00000000200007a8                _ebss = .
                0x00000000200007a8                __bss_end__ = _ebss

._user_heap_stack
                0x00000000200007a8      0x600 load address 0x000000000800b730
                0x00000000200007a8                . = ALIGN (0x8)
                0x00000000200007a8                PROVIDE (end = .)
                [!provide]                        PROVIDE (_end = .)
                0x00000000200009a8                . = (. + _Min_Heap_Size)
 *fill*         0x00000000200007a8      0x200 
                0x0000000020000da8                . = (. + _Min_Stack_Size)
 *fill*         0x00000000200009a8      0x400 
                0x0000000020000da8                . = ALIGN (0x8)

/DISCARD/
 libc.a(*)
 libm.a(*)
 libgcc.a(*)

.ARM.attributes
                0x0000000000000000       0x28
 *(.ARM.attributes)
 .ARM.attributes
                0x0000000000000000       0x1e /home/zhengxg/work/stm32/tools/gcc-arm-none-eabi-8-2018-q4-major/bin/../lib/gcc/arm-none-eabi/8.2.1/thumb/v6-m/nofp/crti.o
 .ARM.attributes
                0x000000000000001e       0x2c /home/zhengxg/work/stm32/tools/gcc-arm-none-eabi-8-2018-q4-major/bin/../lib/gcc/arm-none-eabi/8.2.1/thumb/v6-m/nofp/crtbegin.o
 .ARM.attributes
                0x000000000000004a       0x2c build/main.o
 .ARM.attributes
                0x0000000000000076       0x2c build/menu.o
 .ARM.attributes
                0x00000000000000a2       0x2c build/oled.o
 .ARM.attributes
                0x00000000000000ce       0x2c build/stm32f0xx_it.o
 .ARM.attributes
                0x00000000000000fa       0x2c build/stm32f0xx_hal_msp.o
 .ARM.attributes
                0x0000000000000126       0x2c build/lv_font.o
 .ARM.attributes
                0x0000000000000152       0x31 build/lv_font_yahei_16.o
 .ARM.attributes
                0x0000000000000183       0x31 build/lv_font_yahei_24.o
 .ARM.attributes
                0x00000000000001b4       0x2c build/stm32f0xx_hal_adc.o
 .ARM.attributes
                0x00000000000001e0       0x2c build/stm32f0xx_hal_dac.o
 .ARM.attributes
                0x000000000000020c       0x2c build/stm32f0xx_hal_dac_ex.o
 .ARM.attributes
                0x0000000000000238       0x2c build/stm32f0xx_hal_tim.o
 .ARM.attributes
                0x0000000000000264       0x2c build/stm32f0xx_hal_tim_ex.o
 .ARM.attributes
                0x0000000000000290       0x2c build/stm32f0xx_hal_uart.o
 .ARM.attributes
                0x00000000000002bc       0x2c build/stm32f0xx_hal_rcc.o
 .ARM.attributes
                0x00000000000002e8       0x2c build/stm32f0xx_hal_rcc_ex.o
 .ARM.attributes
                0x0000000000000314       0x2c build/stm32f0xx_hal.o
 .ARM.attributes
                0x0000000000000340       0x2c build/stm32f0xx_hal_gpio.o
 .ARM.attributes
                0x000000000000036c       0x2c build/stm32f0xx_hal_cortex.o
 .ARM.attributes
                0x0000000000000398       0x2c build/system_stm32f0xx.o
 .ARM.attributes
                0x00000000000003c4       0x2c build/stm32f0xx_hal_rtc.o
 .ARM.attributes
                0x00000000000003f0       0x21 build/startup_stm32f072xb.o
 .ARM.attributes
                0x0000000000000411       0x2c /home/zhengxg/work/stm32/tools/gcc-arm-none-eabi-8-2018-q4-major/bin/../lib/gcc/arm-none-eabi/8.2.1/../../../../arm-none-eabi/lib/thumb/v6-m/nofp/libc_nano.a(lib_a-impure.o)
 .ARM.attributes
                0x000000000000043d       0x2c /home/zhengxg/work/stm32/tools/gcc-arm-none-eabi-8-2018-q4-major/bin/../lib/gcc/arm-none-eabi/8.2.1/../../../../arm-none-eabi/lib/thumb/v6-m/nofp/libc_nano.a(lib_a-init.o)
 .ARM.attributes
                0x0000000000000469       0x2c /home/zhengxg/work/stm32/tools/gcc-arm-none-eabi-8-2018-q4-major/bin/../lib/gcc/arm-none-eabi/8.2.1/../../../../arm-none-eabi/lib/thumb/v6-m/nofp/libc_nano.a(lib_a-memset.o)
 .ARM.attributes
                0x0000000000000495       0x2c /home/zhengxg/work/stm32/tools/gcc-arm-none-eabi-8-2018-q4-major/bin/../lib/gcc/arm-none-eabi/8.2.1/../../../../arm-none-eabi/lib/thumb/v6-m/nofp/libc_nano.a(lib_a-printf.o)
 .ARM.attributes
                0x00000000000004c1       0x2c /home/zhengxg/work/stm32/tools/gcc-arm-none-eabi-8-2018-q4-major/bin/../lib/gcc/arm-none-eabi/8.2.1/../../../../arm-none-eabi/lib/thumb/v6-m/nofp/libc_nano.a(lib_a-puts.o)
 .ARM.attributes
                0x00000000000004ed       0x2c /home/zhengxg/work/stm32/tools/gcc-arm-none-eabi-8-2018-q4-major/bin/../lib/gcc/arm-none-eabi/8.2.1/../../../../arm-none-eabi/lib/thumb/v6-m/nofp/libc_nano.a(lib_a-sprintf.o)
 .ARM.attributes
                0x0000000000000519       0x2c /home/zhengxg/work/stm32/tools/gcc-arm-none-eabi-8-2018-q4-major/bin/../lib/gcc/arm-none-eabi/8.2.1/../../../../arm-none-eabi/lib/thumb/v6-m/nofp/libc_nano.a(lib_a-strcpy.o)
 .ARM.attributes
                0x0000000000000545       0x1c /home/zhengxg/work/stm32/tools/gcc-arm-none-eabi-8-2018-q4-major/bin/../lib/gcc/arm-none-eabi/8.2.1/../../../../arm-none-eabi/lib/thumb/v6-m/nofp/libc_nano.a(lib_a-strlen.o)
 .ARM.attributes
                0x0000000000000561       0x2c /home/zhengxg/work/stm32/tools/gcc-arm-none-eabi-8-2018-q4-major/bin/../lib/gcc/arm-none-eabi/8.2.1/../../../../arm-none-eabi/lib/thumb/v6-m/nofp/libc_nano.a(lib_a-wbuf.o)
 .ARM.attributes
                0x000000000000058d       0x2c /home/zhengxg/work/stm32/tools/gcc-arm-none-eabi-8-2018-q4-major/bin/../lib/gcc/arm-none-eabi/8.2.1/../../../../arm-none-eabi/lib/thumb/v6-m/nofp/libc_nano.a(lib_a-wsetup.o)
 .ARM.attributes
                0x00000000000005b9       0x2c /home/zhengxg/work/stm32/tools/gcc-arm-none-eabi-8-2018-q4-major/bin/../lib/gcc/arm-none-eabi/8.2.1/../../../../arm-none-eabi/lib/thumb/v6-m/nofp/libc_nano.a(lib_a-fflush.o)
 .ARM.attributes
                0x00000000000005e5       0x2c /home/zhengxg/work/stm32/tools/gcc-arm-none-eabi-8-2018-q4-major/bin/../lib/gcc/arm-none-eabi/8.2.1/../../../../arm-none-eabi/lib/thumb/v6-m/nofp/libc_nano.a(lib_a-findfp.o)
 .ARM.attributes
                0x0000000000000611       0x2c /home/zhengxg/work/stm32/tools/gcc-arm-none-eabi-8-2018-q4-major/bin/../lib/gcc/arm-none-eabi/8.2.1/../../../../arm-none-eabi/lib/thumb/v6-m/nofp/libc_nano.a(lib_a-fwalk.o)
 .ARM.attributes
                0x000000000000063d       0x2c /home/zhengxg/work/stm32/tools/gcc-arm-none-eabi-8-2018-q4-major/bin/../lib/gcc/arm-none-eabi/8.2.1/../../../../arm-none-eabi/lib/thumb/v6-m/nofp/libc_nano.a(lib_a-lock.o)
 .ARM.attributes
                0x0000000000000669       0x2c /home/zhengxg/work/stm32/tools/gcc-arm-none-eabi-8-2018-q4-major/bin/../lib/gcc/arm-none-eabi/8.2.1/../../../../arm-none-eabi/lib/thumb/v6-m/nofp/libc_nano.a(lib_a-makebuf.o)
 .ARM.attributes
                0x0000000000000695       0x2c /home/zhengxg/work/stm32/tools/gcc-arm-none-eabi-8-2018-q4-major/bin/../lib/gcc/arm-none-eabi/8.2.1/../../../../arm-none-eabi/lib/thumb/v6-m/nofp/libc_nano.a(lib_a-nano-freer.o)
 .ARM.attributes
                0x00000000000006c1       0x2c /home/zhengxg/work/stm32/tools/gcc-arm-none-eabi-8-2018-q4-major/bin/../lib/gcc/arm-none-eabi/8.2.1/../../../../arm-none-eabi/lib/thumb/v6-m/nofp/libc_nano.a(lib_a-nano-mallocr.o)
 .ARM.attributes
                0x00000000000006ed       0x2c /home/zhengxg/work/stm32/tools/gcc-arm-none-eabi-8-2018-q4-major/bin/../lib/gcc/arm-none-eabi/8.2.1/../../../../arm-none-eabi/lib/thumb/v6-m/nofp/libc_nano.a(lib_a-nano-svfprintf.o)
 .ARM.attributes
                0x0000000000000719       0x2c /home/zhengxg/work/stm32/tools/gcc-arm-none-eabi-8-2018-q4-major/bin/../lib/gcc/arm-none-eabi/8.2.1/../../../../arm-none-eabi/lib/thumb/v6-m/nofp/libc_nano.a(lib_a-nano-vfprintf.o)
 .ARM.attributes
                0x0000000000000745       0x2c /home/zhengxg/work/stm32/tools/gcc-arm-none-eabi-8-2018-q4-major/bin/../lib/gcc/arm-none-eabi/8.2.1/../../../../arm-none-eabi/lib/thumb/v6-m/nofp/libc_nano.a(lib_a-nano-vfprintf_i.o)
 .ARM.attributes
                0x0000000000000771       0x2c /home/zhengxg/work/stm32/tools/gcc-arm-none-eabi-8-2018-q4-major/bin/../lib/gcc/arm-none-eabi/8.2.1/../../../../arm-none-eabi/lib/thumb/v6-m/nofp/libc_nano.a(lib_a-sbrkr.o)
 .ARM.attributes
                0x000000000000079d       0x2c /home/zhengxg/work/stm32/tools/gcc-arm-none-eabi-8-2018-q4-major/bin/../lib/gcc/arm-none-eabi/8.2.1/../../../../arm-none-eabi/lib/thumb/v6-m/nofp/libc_nano.a(lib_a-stdio.o)
 .ARM.attributes
                0x00000000000007c9       0x2c /home/zhengxg/work/stm32/tools/gcc-arm-none-eabi-8-2018-q4-major/bin/../lib/gcc/arm-none-eabi/8.2.1/../../../../arm-none-eabi/lib/thumb/v6-m/nofp/libc_nano.a(lib_a-writer.o)
 .ARM.attributes
                0x00000000000007f5       0x2c /home/zhengxg/work/stm32/tools/gcc-arm-none-eabi-8-2018-q4-major/bin/../lib/gcc/arm-none-eabi/8.2.1/../../../../arm-none-eabi/lib/thumb/v6-m/nofp/libc_nano.a(lib_a-closer.o)
 .ARM.attributes
                0x0000000000000821       0x2c /home/zhengxg/work/stm32/tools/gcc-arm-none-eabi-8-2018-q4-major/bin/../lib/gcc/arm-none-eabi/8.2.1/../../../../arm-none-eabi/lib/thumb/v6-m/nofp/libc_nano.a(lib_a-fstatr.o)
 .ARM.attributes
                0x000000000000084d       0x2c /home/zhengxg/work/stm32/tools/gcc-arm-none-eabi-8-2018-q4-major/bin/../lib/gcc/arm-none-eabi/8.2.1/../../../../arm-none-eabi/lib/thumb/v6-m/nofp/libc_nano.a(lib_a-isattyr.o)
 .ARM.attributes
                0x0000000000000879       0x2c /home/zhengxg/work/stm32/tools/gcc-arm-none-eabi-8-2018-q4-major/bin/../lib/gcc/arm-none-eabi/8.2.1/../../../../arm-none-eabi/lib/thumb/v6-m/nofp/libc_nano.a(lib_a-lseekr.o)
 .ARM.attributes
                0x00000000000008a5       0x2c /home/zhengxg/work/stm32/tools/gcc-arm-none-eabi-8-2018-q4-major/bin/../lib/gcc/arm-none-eabi/8.2.1/../../../../arm-none-eabi/lib/thumb/v6-m/nofp/libc_nano.a(lib_a-memchr-stub.o)
 .ARM.attributes
                0x00000000000008d1       0x2c /home/zhengxg/work/stm32/tools/gcc-arm-none-eabi-8-2018-q4-major/bin/../lib/gcc/arm-none-eabi/8.2.1/../../../../arm-none-eabi/lib/thumb/v6-m/nofp/libc_nano.a(lib_a-memcpy-stub.o)
 .ARM.attributes
                0x00000000000008fd       0x2c /home/zhengxg/work/stm32/tools/gcc-arm-none-eabi-8-2018-q4-major/bin/../lib/gcc/arm-none-eabi/8.2.1/../../../../arm-none-eabi/lib/thumb/v6-m/nofp/libc_nano.a(lib_a-memmove.o)
 .ARM.attributes
                0x0000000000000929       0x2c /home/zhengxg/work/stm32/tools/gcc-arm-none-eabi-8-2018-q4-major/bin/../lib/gcc/arm-none-eabi/8.2.1/../../../../arm-none-eabi/lib/thumb/v6-m/nofp/libc_nano.a(lib_a-mlock.o)
 .ARM.attributes
                0x0000000000000955       0x2c /home/zhengxg/work/stm32/tools/gcc-arm-none-eabi-8-2018-q4-major/bin/../lib/gcc/arm-none-eabi/8.2.1/../../../../arm-none-eabi/lib/thumb/v6-m/nofp/libc_nano.a(lib_a-nano-reallocr.o)
 .ARM.attributes
                0x0000000000000981       0x2c /home/zhengxg/work/stm32/tools/gcc-arm-none-eabi-8-2018-q4-major/bin/../lib/gcc/arm-none-eabi/8.2.1/../../../../arm-none-eabi/lib/thumb/v6-m/nofp/libc_nano.a(lib_a-readr.o)
 .ARM.attributes
                0x00000000000009ad       0x2c /home/zhengxg/work/stm32/tools/gcc-arm-none-eabi-8-2018-q4-major/bin/../lib/gcc/arm-none-eabi/8.2.1/../../../../arm-none-eabi/lib/thumb/v6-m/nofp/libc_nano.a(lib_a-reent.o)
 .ARM.attributes
                0x00000000000009d9       0x2c /home/zhengxg/work/stm32/tools/gcc-arm-none-eabi-8-2018-q4-major/bin/../lib/gcc/arm-none-eabi/8.2.1/../../../../arm-none-eabi/lib/thumb/v6-m/nofp/libc_nano.a(lib_a-nano-msizer.o)
 .ARM.attributes
                0x0000000000000a05       0x2c /home/zhengxg/work/stm32/tools/gcc-arm-none-eabi-8-2018-q4-major/bin/../lib/gcc/arm-none-eabi/8.2.1/../../../../arm-none-eabi/lib/thumb/v6-m/nofp/libm.a(lib_a-w_pow.o)
 .ARM.attributes
                0x0000000000000a31       0x2c /home/zhengxg/work/stm32/tools/gcc-arm-none-eabi-8-2018-q4-major/bin/../lib/gcc/arm-none-eabi/8.2.1/../../../../arm-none-eabi/lib/thumb/v6-m/nofp/libm.a(lib_a-e_pow.o)
 .ARM.attributes
                0x0000000000000a5d       0x2c /home/zhengxg/work/stm32/tools/gcc-arm-none-eabi-8-2018-q4-major/bin/../lib/gcc/arm-none-eabi/8.2.1/../../../../arm-none-eabi/lib/thumb/v6-m/nofp/libm.a(lib_a-e_sqrt.o)
 .ARM.attributes
                0x0000000000000a89       0x2c /home/zhengxg/work/stm32/tools/gcc-arm-none-eabi-8-2018-q4-major/bin/../lib/gcc/arm-none-eabi/8.2.1/../../../../arm-none-eabi/lib/thumb/v6-m/nofp/libm.a(lib_a-s_fabs.o)
 .ARM.attributes
                0x0000000000000ab5       0x2c /home/zhengxg/work/stm32/tools/gcc-arm-none-eabi-8-2018-q4-major/bin/../lib/gcc/arm-none-eabi/8.2.1/../../../../arm-none-eabi/lib/thumb/v6-m/nofp/libm.a(lib_a-s_finite.o)
 .ARM.attributes
                0x0000000000000ae1       0x2c /home/zhengxg/work/stm32/tools/gcc-arm-none-eabi-8-2018-q4-major/bin/../lib/gcc/arm-none-eabi/8.2.1/../../../../arm-none-eabi/lib/thumb/v6-m/nofp/libm.a(lib_a-s_lib_ver.o)
 .ARM.attributes
                0x0000000000000b0d       0x2c /home/zhengxg/work/stm32/tools/gcc-arm-none-eabi-8-2018-q4-major/bin/../lib/gcc/arm-none-eabi/8.2.1/../../../../arm-none-eabi/lib/thumb/v6-m/nofp/libm.a(lib_a-s_matherr.o)
 .ARM.attributes
                0x0000000000000b39       0x2c /home/zhengxg/work/stm32/tools/gcc-arm-none-eabi-8-2018-q4-major/bin/../lib/gcc/arm-none-eabi/8.2.1/../../../../arm-none-eabi/lib/thumb/v6-m/nofp/libm.a(lib_a-s_nan.o)
 .ARM.attributes
                0x0000000000000b65       0x2c /home/zhengxg/work/stm32/tools/gcc-arm-none-eabi-8-2018-q4-major/bin/../lib/gcc/arm-none-eabi/8.2.1/../../../../arm-none-eabi/lib/thumb/v6-m/nofp/libm.a(lib_a-s_rint.o)
 .ARM.attributes
                0x0000000000000b91       0x2c /home/zhengxg/work/stm32/tools/gcc-arm-none-eabi-8-2018-q4-major/bin/../lib/gcc/arm-none-eabi/8.2.1/../../../../arm-none-eabi/lib/thumb/v6-m/nofp/libm.a(lib_a-s_scalbn.o)
 .ARM.attributes
                0x0000000000000bbd       0x2c /home/zhengxg/work/stm32/tools/gcc-arm-none-eabi-8-2018-q4-major/bin/../lib/gcc/arm-none-eabi/8.2.1/../../../../arm-none-eabi/lib/thumb/v6-m/nofp/libnosys.a(close.o)
 .ARM.attributes
                0x0000000000000be9       0x2c /home/zhengxg/work/stm32/tools/gcc-arm-none-eabi-8-2018-q4-major/bin/../lib/gcc/arm-none-eabi/8.2.1/../../../../arm-none-eabi/lib/thumb/v6-m/nofp/libnosys.a(fstat.o)
 .ARM.attributes
                0x0000000000000c15       0x2c /home/zhengxg/work/stm32/tools/gcc-arm-none-eabi-8-2018-q4-major/bin/../lib/gcc/arm-none-eabi/8.2.1/../../../../arm-none-eabi/lib/thumb/v6-m/nofp/libnosys.a(isatty.o)
 .ARM.attributes
                0x0000000000000c41       0x2c /home/zhengxg/work/stm32/tools/gcc-arm-none-eabi-8-2018-q4-major/bin/../lib/gcc/arm-none-eabi/8.2.1/../../../../arm-none-eabi/lib/thumb/v6-m/nofp/libnosys.a(lseek.o)
 .ARM.attributes
                0x0000000000000c6d       0x2c /home/zhengxg/work/stm32/tools/gcc-arm-none-eabi-8-2018-q4-major/bin/../lib/gcc/arm-none-eabi/8.2.1/../../../../arm-none-eabi/lib/thumb/v6-m/nofp/libnosys.a(read.o)
 .ARM.attributes
                0x0000000000000c99       0x2c /home/zhengxg/work/stm32/tools/gcc-arm-none-eabi-8-2018-q4-major/bin/../lib/gcc/arm-none-eabi/8.2.1/../../../../arm-none-eabi/lib/thumb/v6-m/nofp/libnosys.a(sbrk.o)
 .ARM.attributes
                0x0000000000000cc5       0x1e /home/zhengxg/work/stm32/tools/gcc-arm-none-eabi-8-2018-q4-major/bin/../lib/gcc/arm-none-eabi/8.2.1/thumb/v6-m/nofp/libgcc.a(_udivsi3.o)
 .ARM.attributes
                0x0000000000000ce3       0x1e /home/zhengxg/work/stm32/tools/gcc-arm-none-eabi-8-2018-q4-major/bin/../lib/gcc/arm-none-eabi/8.2.1/thumb/v6-m/nofp/libgcc.a(_divsi3.o)
 .ARM.attributes
                0x0000000000000d01       0x1e /home/zhengxg/work/stm32/tools/gcc-arm-none-eabi-8-2018-q4-major/bin/../lib/gcc/arm-none-eabi/8.2.1/thumb/v6-m/nofp/libgcc.a(_dvmd_tls.o)
 .ARM.attributes
                0x0000000000000d1f       0x1e /home/zhengxg/work/stm32/tools/gcc-arm-none-eabi-8-2018-q4-major/bin/../lib/gcc/arm-none-eabi/8.2.1/thumb/v6-m/nofp/libgcc.a(_arm_cmpdf2.o)
 .ARM.attributes
                0x0000000000000d3d       0x2c /home/zhengxg/work/stm32/tools/gcc-arm-none-eabi-8-2018-q4-major/bin/../lib/gcc/arm-none-eabi/8.2.1/thumb/v6-m/nofp/libgcc.a(adddf3.o)
 .ARM.attributes
                0x0000000000000d69       0x2c /home/zhengxg/work/stm32/tools/gcc-arm-none-eabi-8-2018-q4-major/bin/../lib/gcc/arm-none-eabi/8.2.1/thumb/v6-m/nofp/libgcc.a(divdf3.o)
 .ARM.attributes
                0x0000000000000d95       0x2c /home/zhengxg/work/stm32/tools/gcc-arm-none-eabi-8-2018-q4-major/bin/../lib/gcc/arm-none-eabi/8.2.1/thumb/v6-m/nofp/libgcc.a(eqdf2.o)
 .ARM.attributes
                0x0000000000000dc1       0x2c /home/zhengxg/work/stm32/tools/gcc-arm-none-eabi-8-2018-q4-major/bin/../lib/gcc/arm-none-eabi/8.2.1/thumb/v6-m/nofp/libgcc.a(gedf2.o)
 .ARM.attributes
                0x0000000000000ded       0x2c /home/zhengxg/work/stm32/tools/gcc-arm-none-eabi-8-2018-q4-major/bin/../lib/gcc/arm-none-eabi/8.2.1/thumb/v6-m/nofp/libgcc.a(ledf2.o)
 .ARM.attributes
                0x0000000000000e19       0x2c /home/zhengxg/work/stm32/tools/gcc-arm-none-eabi-8-2018-q4-major/bin/../lib/gcc/arm-none-eabi/8.2.1/thumb/v6-m/nofp/libgcc.a(muldf3.o)
 .ARM.attributes
                0x0000000000000e45       0x2c /home/zhengxg/work/stm32/tools/gcc-arm-none-eabi-8-2018-q4-major/bin/../lib/gcc/arm-none-eabi/8.2.1/thumb/v6-m/nofp/libgcc.a(subdf3.o)
 .ARM.attributes
                0x0000000000000e71       0x2c /home/zhengxg/work/stm32/tools/gcc-arm-none-eabi-8-2018-q4-major/bin/../lib/gcc/arm-none-eabi/8.2.1/thumb/v6-m/nofp/libgcc.a(unorddf2.o)
 .ARM.attributes
                0x0000000000000e9d       0x2c /home/zhengxg/work/stm32/tools/gcc-arm-none-eabi-8-2018-q4-major/bin/../lib/gcc/arm-none-eabi/8.2.1/thumb/v6-m/nofp/libgcc.a(fixdfsi.o)
 .ARM.attributes
                0x0000000000000ec9       0x2c /home/zhengxg/work/stm32/tools/gcc-arm-none-eabi-8-2018-q4-major/bin/../lib/gcc/arm-none-eabi/8.2.1/thumb/v6-m/nofp/libgcc.a(floatsidf.o)
 .ARM.attributes
                0x0000000000000ef5       0x1e /home/zhengxg/work/stm32/tools/gcc-arm-none-eabi-8-2018-q4-major/bin/../lib/gcc/arm-none-eabi/8.2.1/thumb/v6-m/nofp/libgcc.a(_clzsi2.o)
 .ARM.attributes
                0x0000000000000f13       0x2c /home/zhengxg/work/stm32/tools/gcc-arm-none-eabi-8-2018-q4-major/bin/../lib/gcc/arm-none-eabi/8.2.1/../../../../arm-none-eabi/lib/thumb/v6-m/nofp/libc_nano.a(lib_a-errno.o)
 .ARM.attributes
                0x0000000000000f3f       0x1e /home/zhengxg/work/stm32/tools/gcc-arm-none-eabi-8-2018-q4-major/bin/../lib/gcc/arm-none-eabi/8.2.1/thumb/v6-m/nofp/crtn.o
OUTPUT(build/DigitalPower.elf elf32-littlearm)

.debug_info     0x0000000000000000    0x23b70
 .debug_info    0x0000000000000000     0x3566 build/main.o
 .debug_info    0x0000000000003566     0x1b5f build/menu.o
 .debug_info    0x00000000000050c5     0x211f build/oled.o
 .debug_info    0x00000000000071e4     0x14d3 build/stm32f0xx_it.o
 .debug_info    0x00000000000086b7     0x2372 build/stm32f0xx_hal_msp.o
 .debug_info    0x000000000000aa29      0x72d build/lv_font.o
 .debug_info    0x000000000000b156      0x2db build/lv_font_yahei_16.o
 .debug_info    0x000000000000b431      0x2db build/lv_font_yahei_24.o
 .debug_info    0x000000000000b70c     0x1f2b build/stm32f0xx_hal_adc.o
 .debug_info    0x000000000000d637     0x14aa build/stm32f0xx_hal_dac.o
 .debug_info    0x000000000000eae1     0x1796 build/stm32f0xx_hal_dac_ex.o
 .debug_info    0x0000000000010277     0x57de build/stm32f0xx_hal_tim.o
 .debug_info    0x0000000000015a55     0x2731 build/stm32f0xx_hal_tim_ex.o
 .debug_info    0x0000000000018186     0x292c build/stm32f0xx_hal_uart.o
 .debug_info    0x000000000001aab2     0x177c build/stm32f0xx_hal_rcc.o
 .debug_info    0x000000000001c22e     0x1360 build/stm32f0xx_hal_rcc_ex.o
 .debug_info    0x000000000001d58e     0x10f3 build/stm32f0xx_hal.o
 .debug_info    0x000000000001e681     0x12c3 build/stm32f0xx_hal_gpio.o
 .debug_info    0x000000000001f944     0x139d build/stm32f0xx_hal_cortex.o
 .debug_info    0x0000000000020ce1      0xc2f build/system_stm32f0xx.o
 .debug_info    0x0000000000021910     0x223e build/stm32f0xx_hal_rtc.o
 .debug_info    0x0000000000023b4e       0x22 build/startup_stm32f072xb.o

.debug_abbrev   0x0000000000000000     0x3d78
 .debug_abbrev  0x0000000000000000      0x42d build/main.o
 .debug_abbrev  0x000000000000042d      0x32e build/menu.o
 .debug_abbrev  0x000000000000075b      0x3cb build/oled.o
 .debug_abbrev  0x0000000000000b26      0x248 build/stm32f0xx_it.o
 .debug_abbrev  0x0000000000000d6e      0x317 build/stm32f0xx_hal_msp.o
 .debug_abbrev  0x0000000000001085      0x1ec build/lv_font.o
 .debug_abbrev  0x0000000000001271      0x115 build/lv_font_yahei_16.o
 .debug_abbrev  0x0000000000001386      0x115 build/lv_font_yahei_24.o
 .debug_abbrev  0x000000000000149b      0x35d build/stm32f0xx_hal_adc.o
 .debug_abbrev  0x00000000000017f8      0x2ae build/stm32f0xx_hal_dac.o
 .debug_abbrev  0x0000000000001aa6      0x32d build/stm32f0xx_hal_dac_ex.o
 .debug_abbrev  0x0000000000001dd3      0x360 build/stm32f0xx_hal_tim.o
 .debug_abbrev  0x0000000000002133      0x346 build/stm32f0xx_hal_tim_ex.o
 .debug_abbrev  0x0000000000002479      0x344 build/stm32f0xx_hal_uart.o
 .debug_abbrev  0x00000000000027bd      0x30a build/stm32f0xx_hal_rcc.o
 .debug_abbrev  0x0000000000002ac7      0x347 build/stm32f0xx_hal_rcc_ex.o
 .debug_abbrev  0x0000000000002e0e      0x320 build/stm32f0xx_hal.o
 .debug_abbrev  0x000000000000312e      0x329 build/stm32f0xx_hal_gpio.o
 .debug_abbrev  0x0000000000003457      0x3d9 build/stm32f0xx_hal_cortex.o
 .debug_abbrev  0x0000000000003830      0x21a build/system_stm32f0xx.o
 .debug_abbrev  0x0000000000003a4a      0x31c build/stm32f0xx_hal_rtc.o
 .debug_abbrev  0x0000000000003d66       0x12 build/startup_stm32f072xb.o

.debug_loc      0x0000000000000000     0xf348
 .debug_loc     0x0000000000000000      0x610 build/main.o
 .debug_loc     0x0000000000000610      0x40d build/menu.o
 .debug_loc     0x0000000000000a1d      0xc5a build/oled.o
 .debug_loc     0x0000000000001677       0xa0 build/stm32f0xx_it.o
 .debug_loc     0x0000000000001717      0x438 build/stm32f0xx_hal_msp.o
 .debug_loc     0x0000000000001b4f      0x695 build/lv_font.o
 .debug_loc     0x00000000000021e4      0xfc0 build/stm32f0xx_hal_adc.o
 .debug_loc     0x00000000000031a4      0x4ce build/stm32f0xx_hal_dac.o
 .debug_loc     0x0000000000003672      0xc14 build/stm32f0xx_hal_dac_ex.o
 .debug_loc     0x0000000000004286     0x4502 build/stm32f0xx_hal_tim.o
 .debug_loc     0x0000000000008788     0x18a1 build/stm32f0xx_hal_tim_ex.o
 .debug_loc     0x000000000000a029     0x2019 build/stm32f0xx_hal_uart.o
 .debug_loc     0x000000000000c042      0x853 build/stm32f0xx_hal_rcc.o
 .debug_loc     0x000000000000c895      0x80e build/stm32f0xx_hal_rcc_ex.o
 .debug_loc     0x000000000000d0a3      0x118 build/stm32f0xx_hal.o
 .debug_loc     0x000000000000d1bb      0x6e0 build/stm32f0xx_hal_gpio.o
 .debug_loc     0x000000000000d89b      0x590 build/stm32f0xx_hal_cortex.o
 .debug_loc     0x000000000000de2b      0x177 build/system_stm32f0xx.o
 .debug_loc     0x000000000000dfa2     0x13a6 build/stm32f0xx_hal_rtc.o

.debug_aranges  0x0000000000000000      0xfb0
 .debug_aranges
                0x0000000000000000       0xc8 build/main.o
 .debug_aranges
                0x00000000000000c8       0x58 build/menu.o
 .debug_aranges
                0x0000000000000120       0x98 build/oled.o
 .debug_aranges
                0x00000000000001b8       0x60 build/stm32f0xx_it.o
 .debug_aranges
                0x0000000000000218       0x80 build/stm32f0xx_hal_msp.o
 .debug_aranges
                0x0000000000000298       0x78 build/lv_font.o
 .debug_aranges
                0x0000000000000310       0x18 build/lv_font_yahei_16.o
 .debug_aranges
                0x0000000000000328       0x18 build/lv_font_yahei_24.o
 .debug_aranges
                0x0000000000000340       0xf8 build/stm32f0xx_hal_adc.o
 .debug_aranges
                0x0000000000000438       0xa8 build/stm32f0xx_hal_dac.o
 .debug_aranges
                0x00000000000004e0       0xb0 build/stm32f0xx_hal_dac_ex.o
 .debug_aranges
                0x0000000000000590      0x378 build/stm32f0xx_hal_tim.o
 .debug_aranges
                0x0000000000000908      0x148 build/stm32f0xx_hal_tim_ex.o
 .debug_aranges
                0x0000000000000a50      0x1d8 build/stm32f0xx_hal_uart.o
 .debug_aranges
                0x0000000000000c28       0x80 build/stm32f0xx_hal_rcc.o
 .debug_aranges
                0x0000000000000ca8       0x78 build/stm32f0xx_hal_rcc_ex.o
 .debug_aranges
                0x0000000000000d20       0xb8 build/stm32f0xx_hal.o
 .debug_aranges
                0x0000000000000dd8       0x58 build/stm32f0xx_hal_gpio.o
 .debug_aranges
                0x0000000000000e30       0x78 build/stm32f0xx_hal_cortex.o
 .debug_aranges
                0x0000000000000ea8       0x28 build/system_stm32f0xx.o
 .debug_aranges
                0x0000000000000ed0       0xb8 build/stm32f0xx_hal_rtc.o
 .debug_aranges
                0x0000000000000f88       0x28 build/startup_stm32f072xb.o

.debug_ranges   0x0000000000000000      0xef0
 .debug_ranges  0x0000000000000000       0xb8 build/main.o
 .debug_ranges  0x00000000000000b8       0x48 build/menu.o
 .debug_ranges  0x0000000000000100       0xb8 build/oled.o
 .debug_ranges  0x00000000000001b8       0x50 build/stm32f0xx_it.o
 .debug_ranges  0x0000000000000208       0x70 build/stm32f0xx_hal_msp.o
 .debug_ranges  0x0000000000000278       0x68 build/lv_font.o
 .debug_ranges  0x00000000000002e0       0xe8 build/stm32f0xx_hal_adc.o
 .debug_ranges  0x00000000000003c8       0x98 build/stm32f0xx_hal_dac.o
 .debug_ranges  0x0000000000000460       0xa0 build/stm32f0xx_hal_dac_ex.o
 .debug_ranges  0x0000000000000500      0x368 build/stm32f0xx_hal_tim.o
 .debug_ranges  0x0000000000000868      0x138 build/stm32f0xx_hal_tim_ex.o
 .debug_ranges  0x00000000000009a0      0x1c8 build/stm32f0xx_hal_uart.o
 .debug_ranges  0x0000000000000b68       0x88 build/stm32f0xx_hal_rcc.o
 .debug_ranges  0x0000000000000bf0       0x80 build/stm32f0xx_hal_rcc_ex.o
 .debug_ranges  0x0000000000000c70       0xa8 build/stm32f0xx_hal.o
 .debug_ranges  0x0000000000000d18       0x48 build/stm32f0xx_hal_gpio.o
 .debug_ranges  0x0000000000000d60       0xb0 build/stm32f0xx_hal_cortex.o