Archive member included to satisfy reference by file (symbol)

/usr/local/gcc-arm-none-eabi/bin/../lib/gcc/arm-none-eabi/5.4.1/../../../../arm-none-eabi/lib/armv6-m/libc_nano.a(lib_a-exit.o)
                              /usr/local/gcc-arm-none-eabi/bin/../lib/gcc/arm-none-eabi/5.4.1/../../../../arm-none-eabi/lib/armv6-m/crt0.o (exit)
/usr/local/gcc-arm-none-eabi/bin/../lib/gcc/arm-none-eabi/5.4.1/../../../../arm-none-eabi/lib/armv6-m/libc_nano.a(lib_a-impure.o)
                              /usr/local/gcc-arm-none-eabi/bin/../lib/gcc/arm-none-eabi/5.4.1/../../../../arm-none-eabi/lib/armv6-m/libc_nano.a(lib_a-exit.o) (_global_impure_ptr)
/usr/local/gcc-arm-none-eabi/bin/../lib/gcc/arm-none-eabi/5.4.1/../../../../arm-none-eabi/lib/armv6-m/libc_nano.a(lib_a-init.o)
                              /usr/local/gcc-arm-none-eabi/bin/../lib/gcc/arm-none-eabi/5.4.1/../../../../arm-none-eabi/lib/armv6-m/crt0.o (__libc_init_array)
/usr/local/gcc-arm-none-eabi/bin/../lib/gcc/arm-none-eabi/5.4.1/../../../../arm-none-eabi/lib/armv6-m/libc_nano.a(lib_a-memcpy-stub.o)
                              build/stm32f0xx_hal_rcc.o (memcpy)
/usr/local/gcc-arm-none-eabi/bin/../lib/gcc/arm-none-eabi/5.4.1/../../../../arm-none-eabi/lib/armv6-m/libc_nano.a(lib_a-memset.o)
                              /usr/local/gcc-arm-none-eabi/bin/../lib/gcc/arm-none-eabi/5.4.1/../../../../arm-none-eabi/lib/armv6-m/crt0.o (memset)
/usr/local/gcc-arm-none-eabi/bin/../lib/gcc/arm-none-eabi/5.4.1/../../../../arm-none-eabi/lib/armv6-m/libc_nano.a(lib_a-printf.o)
                              build/main.o (printf)
/usr/local/gcc-arm-none-eabi/bin/../lib/gcc/arm-none-eabi/5.4.1/../../../../arm-none-eabi/lib/armv6-m/libc_nano.a(lib_a-puts.o)
                              build/main.o (puts)
/usr/local/gcc-arm-none-eabi/bin/../lib/gcc/arm-none-eabi/5.4.1/../../../../arm-none-eabi/lib/armv6-m/libc_nano.a(lib_a-sprintf.o)
                              build/menu.o (sprintf)
/usr/local/gcc-arm-none-eabi/bin/../lib/gcc/arm-none-eabi/5.4.1/../../../../arm-none-eabi/lib/armv6-m/libc_nano.a(lib_a-wbuf.o)
                              /usr/local/gcc-arm-none-eabi/bin/../lib/gcc/arm-none-eabi/5.4.1/../../../../arm-none-eabi/lib/armv6-m/libc_nano.a(lib_a-puts.o) (__swbuf_r)
/usr/local/gcc-arm-none-eabi/bin/../lib/gcc/arm-none-eabi/5.4.1/../../../../arm-none-eabi/lib/armv6-m/libc_nano.a(lib_a-wsetup.o)
                              /usr/local/gcc-arm-none-eabi/bin/../lib/gcc/arm-none-eabi/5.4.1/../../../../arm-none-eabi/lib/armv6-m/libc_nano.a(lib_a-puts.o) (__swsetup_r)
/usr/local/gcc-arm-none-eabi/bin/../lib/gcc/arm-none-eabi/5.4.1/../../../../arm-none-eabi/lib/armv6-m/libc_nano.a(lib_a-fflush.o)
                              /usr/local/gcc-arm-none-eabi/bin/../lib/gcc/arm-none-eabi/5.4.1/../../../../arm-none-eabi/lib/armv6-m/libc_nano.a(lib_a-wbuf.o) (_fflush_r)
/usr/local/gcc-arm-none-eabi/bin/../lib/gcc/arm-none-eabi/5.4.1/../../../../arm-none-eabi/lib/armv6-m/libc_nano.a(lib_a-findfp.o)
                              /usr/local/gcc-arm-none-eabi/bin/../lib/gcc/arm-none-eabi/5.4.1/../../../../arm-none-eabi/lib/armv6-m/libc_nano.a(lib_a-printf.o) (__sinit)
/usr/local/gcc-arm-none-eabi/bin/../lib/gcc/arm-none-eabi/5.4.1/../../../../arm-none-eabi/lib/armv6-m/libc_nano.a(lib_a-fwalk.o)
                              /usr/local/gcc-arm-none-eabi/bin/../lib/gcc/arm-none-eabi/5.4.1/../../../../arm-none-eabi/lib/armv6-m/libc_nano.a(lib_a-findfp.o) (_fwalk)
/usr/local/gcc-arm-none-eabi/bin/../lib/gcc/arm-none-eabi/5.4.1/../../../../arm-none-eabi/lib/armv6-m/libc_nano.a(lib_a-makebuf.o)
                              /usr/local/gcc-arm-none-eabi/bin/../lib/gcc/arm-none-eabi/5.4.1/../../../../arm-none-eabi/lib/armv6-m/libc_nano.a(lib_a-wsetup.o) (__smakebuf_r)
/usr/local/gcc-arm-none-eabi/bin/../lib/gcc/arm-none-eabi/5.4.1/../../../../arm-none-eabi/lib/armv6-m/libc_nano.a(lib_a-nano-freer.o)
                              /usr/local/gcc-arm-none-eabi/bin/../lib/gcc/arm-none-eabi/5.4.1/../../../../arm-none-eabi/lib/armv6-m/libc_nano.a(lib_a-wsetup.o) (_free_r)
/usr/local/gcc-arm-none-eabi/bin/../lib/gcc/arm-none-eabi/5.4.1/../../../../arm-none-eabi/lib/armv6-m/libc_nano.a(lib_a-nano-mallocr.o)
                              /usr/local/gcc-arm-none-eabi/bin/../lib/gcc/arm-none-eabi/5.4.1/../../../../arm-none-eabi/lib/armv6-m/libc_nano.a(lib_a-findfp.o) (_malloc_r)
/usr/local/gcc-arm-none-eabi/bin/../lib/gcc/arm-none-eabi/5.4.1/../../../../arm-none-eabi/lib/armv6-m/libc_nano.a(lib_a-nano-svfprintf.o)
                              /usr/local/gcc-arm-none-eabi/bin/../lib/gcc/arm-none-eabi/5.4.1/../../../../arm-none-eabi/lib/armv6-m/libc_nano.a(lib_a-sprintf.o) (_svfprintf_r)
/usr/local/gcc-arm-none-eabi/bin/../lib/gcc/arm-none-eabi/5.4.1/../../../../arm-none-eabi/lib/armv6-m/libc_nano.a(lib_a-nano-vfprintf.o)
                              /usr/local/gcc-arm-none-eabi/bin/../lib/gcc/arm-none-eabi/5.4.1/../../../../arm-none-eabi/lib/armv6-m/libc_nano.a(lib_a-printf.o) (_vfprintf_r)
[...]
Memory Configuration

Name             Origin             Length             Attributes
RAM              0x20000000         0x00004000         xrw
FLASH            0x08000000         0x00010000         xr
*default*        0x00000000         0xffffffff

Linker script and memory map

LOAD /usr/local/gcc-arm-none-eabi/bin/../lib/gcc/arm-none-eabi/5.4.1/armv6-m/crti.o
LOAD /usr/local/gcc-arm-none-eabi/bin/../lib/gcc/arm-none-eabi/5.4.1/armv6-m/crtbegin.o
LOAD /usr/local/gcc-arm-none-eabi/bin/../lib/gcc/arm-none-eabi/5.4.1/../../../../arm-none-eabi/lib/armv6-m/crt0.o
LOAD build/main.o
LOAD build/menu.o
LOAD build/oled.o
LOAD build/stm32f0xx_it.o
LOAD build/stm32f0xx_hal_msp.o
LOAD build/lv_font.o
LOAD build/lv_font_unscii_8.o
LOAD build/lv_font_dejavu_10.o
LOAD build/lv_font_dejavu_20.o
LOAD build/lv_font_yahei_12.o
LOAD build/lv_font_yahei_16.o
LOAD build/lv_font_yahei_20.o
LOAD build/lv_font_yahei_24.o
LOAD build/stm32f0xx_hal_adc.o
LOAD build/stm32f0xx_hal_adc_ex.o
LOAD build/stm32f0xx_hal_dac.o
LOAD build/stm32f0xx_hal_dac_ex.o
LOAD build/stm32f0xx_hal_tim.o
LOAD build/stm32f0xx_hal_tim_ex.o
LOAD build/stm32f0xx_hal_uart.o
LOAD build/stm32f0xx_hal_uart_ex.o
LOAD build/stm32f0xx_hal_rcc.o
LOAD build/stm32f0xx_hal_rcc_ex.o
LOAD build/stm32f0xx_hal.o
LOAD build/stm32f0xx_hal_i2c.o
LOAD build/stm32f0xx_hal_i2c_ex.o
LOAD build/stm32f0xx_hal_gpio.o
LOAD build/stm32f0xx_hal_dma.o
LOAD build/stm32f0xx_hal_cortex.o
LOAD build/stm32f0xx_hal_pwr.o
LOAD build/stm32f0xx_hal_pwr_ex.o
LOAD build/stm32f0xx_hal_flash.o
LOAD build/stm32f0xx_hal_flash_ex.o
LOAD build/system_stm32f0xx.o
LOAD build/stm32f0xx_hal_rtc.o
LOAD build/stm32f0xx_hal_rtc_ex.o
LOAD build/startup_stm32f072xb.o
LOAD /usr/local/gcc-arm-none-eabi/bin/../lib/gcc/arm-none-eabi/5.4.1/../../../../arm-none-eabi/lib/armv6-m/libc_nano.a
LOAD /usr/local/gcc-arm-none-eabi/bin/../lib/gcc/arm-none-eabi/5.4.1/../../../../arm-none-eabi/lib/armv6-m/libm.a
LOAD /usr/local/gcc-arm-none-eabi/bin/../lib/gcc/arm-none-eabi/5.4.1/../../../../arm-none-eabi/lib/armv6-m/libnosys.a
START GROUP
LOAD /usr/local/gcc-arm-none-eabi/bin/../lib/gcc/arm-none-eabi/5.4.1/armv6-m/libgcc.a
LOAD /usr/local/gcc-arm-none-eabi/bin/../lib/gcc/arm-none-eabi/5.4.1/../../../../arm-none-eabi/lib/armv6-m/libc_nano.a
END GROUP
START GROUP
LOAD /usr/local/gcc-arm-none-eabi/bin/../lib/gcc/arm-none-eabi/5.4.1/armv6-m/libgcc.a
LOAD /usr/local/gcc-arm-none-eabi/bin/../lib/gcc/arm-none-eabi/5.4.1/../../../../arm-none-eabi/lib/armv6-m/libc_nano.a
END GROUP
LOAD /usr/local/gcc-arm-none-eabi/bin/../lib/gcc/arm-none-eabi/5.4.1/armv6-m/crtend.o
LOAD /usr/local/gcc-arm-none-eabi/bin/../lib/gcc/arm-none-eabi/5.4.1/armv6-m/crtn.o
                0x20004000                _estack = 0x20004000
                0x00000200                _Min_Heap_Size = 0x200
                0x00000400                _Min_Stack_Size = 0x400

.isr_vector     0x08000000       0xc0
                0x08000000                . = ALIGN (0x4)
 *(.isr_vector)
 .isr_vector    0x08000000       0xc0 build/startup_stm32f072xb.o
                0x08000000                g_pfnVectors
                0x080000c0                . = ALIGN (0x4)

.text           0x080000c0     0x5dbc
                0x080000c0                . = ALIGN (0x4)
 *(.text)
 .text          0x080000c0       0x60 /usr/local/gcc-arm-none-eabi/bin/../lib/gcc/arm-none-eabi/5.4.1/armv6-m/crtbegin.o
 .text          0x08000120      0x114 /usr/local/gcc-arm-none-eabi/bin/../lib/gcc/arm-none-eabi/5.4.1/armv6-m/libgcc.a(_udivsi3.o)
                0x08000120                __udivsi3
                0x08000120                __aeabi_uidiv
                0x0800022c                __aeabi_uidivmod
 .text          0x08000234      0x1d4 /usr/local/gcc-arm-none-eabi/bin/../lib/gcc/arm-none-eabi/5.4.1/armv6-m/libgcc.a(_divsi3.o)
                0x08000234                __aeabi_idiv
                0x08000234                __divsi3
                0x08000400                __aeabi_idivmod
 .text          0x08000408        0x4 /usr/local/gcc-arm-none-eabi/bin/../lib/gcc/arm-none-eabi/5.4.1/armv6-m/libgcc.a(_dvmd_tls.o)
                0x08000408                __aeabi_ldiv0
                0x08000408                __aeabi_idiv0
 *(.text*)
 .text.MX_GPIO_Init
                0x0800040c       0xb0 build/main.o
 .text.MX_ADC_Init
                0x080004bc       0x6c build/main.o
 .text.MX_DAC_Init
                0x08000528       0x40 build/main.o
 .text.MX_USART1_UART_Init
                0x08000568       0x30 build/main.o
 .text.MX_TIM3_Init
                0x08000598       0x68 build/main.o
 .text.MX_TIM2_Init
                0x08000600       0x60 build/main.o
 .text.MX_RTC_Init
                0x08000660       0xa0 build/main.o
 .text.MX_NVIC_Init
                0x08000700       0x44 build/main.o
 .text.DacConvert
                0x08000744       0x14 build/main.o
                0x08000744                DacConvert
 .text._write   0x08000758       0x20 build/main.o
                0x08000758                _write
 .text.HAL_TIM_IC_CaptureCallback
                0x08000778       0x20 build/main.o
                0x08000778                HAL_TIM_IC_CaptureCallback
 .text.HAL_GPIO_EXTI_Callback
                0x08000798       0x14 build/main.o
                0x08000798                HAL_GPIO_EXTI_Callback
 .text.HAL_RTC_AlarmAEventCallback
                0x080007ac       0x40 build/main.o
                0x080007ac                HAL_RTC_AlarmAEventCallback
 .text.HAL_TIM_OC_DelayElapsedCallback
                0x080007ec       0x10 build/main.o
                0x080007ec                HAL_TIM_OC_DelayElapsedCallback
 .text.HAL_TIM_PeriodElapsedCallback
                0x080007fc       0x18 build/main.o
                0x080007fc                HAL_TIM_PeriodElapsedCallback
 .text.SystemClock_Config
                0x08000814       0x78 build/main.o
                0x08000814                SystemClock_Config
 .text.EncoderInit
                0x0800088c       0x58 build/main.o
                0x0800088c                EncoderInit
 .text.HAL_TIM_Encoder_MspInit
                0x080008e4       0x58 build/main.o
                0x080008e4                HAL_TIM_Encoder_MspInit
 .text.main     0x0800093c       0xe4 build/main.o
                0x0800093c                main
 .text.assert_failed
                0x08000a20        0x4 build/main.o
                0x08000a20                assert_failed
 .text.menu_main_display
                0x08000a24       0xd8 build/menu.o
                0x08000a24                menu_main_display
 .text.Ins_trans
                0x08000afc       0x94 build/oled.o
                0x08000afc                Ins_trans
 .text.Data_trans
                0x08000b90       0x94 build/oled.o
                0x08000b90                Data_trans
 .text.Column_set
                0x08000c24       0x1c build/oled.o
                0x08000c24                Column_set
 .text.Page_set
                0x08000c40        0xc build/oled.o
                0x08000c40                Page_set
 .text.Picture_display
                0x08000c4c       0x38 build/oled.o
                0x08000c4c                Picture_display
 .text.OLED_Init
                0x08000c84       0x40 build/oled.o
                0x08000c84                OLED_Init
 .text.getRotation
                0x08000cc4        0x4 build/oled.o
                0x08000cc4                getRotation
 .text.width    0x08000cc8        0x4 build/oled.o
                0x08000cc8                width
 .text.height   0x08000ccc        0x4 build/oled.o
                0x08000ccc                height
 .text.OledDrawPixel
                0x08000cd0       0xc8 build/oled.o
                0x08000cd0                OledDrawPixel
 .text.OledDrawText
                0x08000d98       0xe8 build/oled.o
                0x08000d98                OledDrawText
 .text.OledDisplayRefresh
                0x08000e80       0x10 build/oled.o
                0x08000e80                OledDisplayRefresh
 .text.NMI_Handler
                0x08000e90        0x4 build/stm32f0xx_it.o
                0x08000e90                NMI_Handler
 .text.HardFault_Handler
                0x08000e94        0x4 build/stm32f0xx_it.o
                0x08000e94                HardFault_Handler
 .text.SVC_Handler
                0x08000e98        0x4 build/stm32f0xx_it.o
                0x08000e98                SVC_Handler
 .text.PendSV_Handler
                0x08000e9c        0x4 build/stm32f0xx_it.o
                0x08000e9c                PendSV_Handler
 .text.SysTick_Handler
                0x08000ea0        0x8 build/stm32f0xx_it.o
                0x08000ea0                SysTick_Handler
 .text.RTC_IRQHandler
                0x08000ea8       0x10 build/stm32f0xx_it.o
                0x08000ea8                RTC_IRQHandler
 .text.EXTI2_3_IRQHandler
                0x08000eb8        0xc build/stm32f0xx_it.o
                0x08000eb8                EXTI2_3_IRQHandler
 .text.TIM2_IRQHandler
                0x08000ec4       0x10 build/stm32f0xx_it.o
                0x08000ec4                TIM2_IRQHandler
 .text.TIM3_IRQHandler
                0x08000ed4       0x10 build/stm32f0xx_it.o
                0x08000ed4                TIM3_IRQHandler
 .text.HAL_MspInit
                0x08000ee4       0x30 build/stm32f0xx_hal_msp.o
                0x08000ee4                HAL_MspInit
 .text.HAL_ADC_MspInit
                0x08000f14       0x5c build/stm32f0xx_hal_msp.o
                0x08000f14                HAL_ADC_MspInit
 .text.HAL_DAC_MspInit
                0x08000f70       0x5c build/stm32f0xx_hal_msp.o
                0x08000f70                HAL_DAC_MspInit
 .text.HAL_RTC_MspInit
                0x08000fcc       0x20 build/stm32f0xx_hal_msp.o
                0x08000fcc                HAL_RTC_MspInit
 .text.HAL_TIM_Base_MspInit
                0x08000fec       0x28 build/stm32f0xx_hal_msp.o
                0x08000fec                HAL_TIM_Base_MspInit
 .text.HAL_TIM_IC_MspInit
                0x08001014       0x60 build/stm32f0xx_hal_msp.o
                0x08001014                HAL_TIM_IC_MspInit
 .text.HAL_UART_MspInit
                0x08001074       0x68 build/stm32f0xx_hal_msp.o
                0x08001074                HAL_UART_MspInit
 .text.lv_font_get_bitmap
                0x080010dc       0x20 build/lv_font.o
                0x080010dc                lv_font_get_bitmap
 .text.lv_font_get_width
                0x080010fc       0x2c build/lv_font.o
                0x080010fc                lv_font_get_width
 .text.lv_font_get_bpp
                0x08001128       0x20 build/lv_font.o
                0x08001128                lv_font_get_bpp
 .text.lv_font_get_bitmap_continuous
                0x08001148       0x24 build/lv_font.o
                0x08001148                lv_font_get_bitmap_continuous
 .text.lv_font_get_width_continuous
                0x0800116c       0x24 build/lv_font.o
                0x0800116c                lv_font_get_width_continuous
 .text.HAL_ADC_Init
                0x08001190      0x2c8 build/stm32f0xx_hal_adc.o
                0x08001190                HAL_ADC_Init
 .text.HAL_ADC_ConfigChannel
                0x08001458      0x1ec build/stm32f0xx_hal_adc.o
                0x08001458                HAL_ADC_ConfigChannel
 .text.HAL_DAC_Init
                0x08001644       0x44 build/stm32f0xx_hal_dac.o
                0x08001644                HAL_DAC_Init
 .text.HAL_DAC_SetValue
                0x08001688       0x78 build/stm32f0xx_hal_dac.o
                0x08001688                HAL_DAC_SetValue
 .text.HAL_DAC_ConfigChannel
                0x08001700       0xbc build/stm32f0xx_hal_dac_ex.o
                0x08001700                HAL_DAC_ConfigChannel
 .text.HAL_DAC_Start
                0x080017bc       0x74 build/stm32f0xx_hal_dac_ex.o
                0x080017bc                HAL_DAC_Start
 .text.TIM_TI1_ConfigInputStage
                0x08001830       0x24 build/stm32f0xx_hal_tim.o
 .text.TIM_TI2_SetConfig
                0x08001854       0x3c build/stm32f0xx_hal_tim.o
 .text.TIM_TI2_ConfigInputStage
                0x08001890       0x28 build/stm32f0xx_hal_tim.o
 .text.TIM_TI3_SetConfig
                0x080018b8       0x40 build/stm32f0xx_hal_tim.o
 .text.TIM_TI4_SetConfig
                0x080018f8       0x44 build/stm32f0xx_hal_tim.o
 .text.TIM_ITRx_SetConfig
                0x0800193c       0x14 build/stm32f0xx_hal_tim.o
 .text.HAL_TIM_Base_Start_IT
                0x08001950       0x84 build/stm32f0xx_hal_tim.o
                0x08001950                HAL_TIM_Base_Start_IT
 .text.HAL_TIM_PWM_PulseFinishedCallback
                0x080019d4        0x4 build/stm32f0xx_hal_tim.o
                0x080019d4                HAL_TIM_PWM_PulseFinishedCallback
 .text.HAL_TIM_TriggerCallback
                0x080019d8        0x4 build/stm32f0xx_hal_tim.o
                0x080019d8                HAL_TIM_TriggerCallback
 .text.HAL_TIM_IRQHandler
                0x080019dc      0x154 build/stm32f0xx_hal_tim.o
                0x080019dc                HAL_TIM_IRQHandler
 .text.TIM_Base_SetConfig
                0x08001b30       0xa4 build/stm32f0xx_hal_tim.o
                0x08001b30                TIM_Base_SetConfig
 .text.HAL_TIM_Base_Init
                0x08001bd4       0xe8 build/stm32f0xx_hal_tim.o
                0x08001bd4                HAL_TIM_Base_Init
 .text.HAL_TIM_IC_Init
                0x08001cbc       0xf8 build/stm32f0xx_hal_tim.o
                0x08001cbc                HAL_TIM_IC_Init
 .text.HAL_TIM_Encoder_Init
                0x08001db4      0x200 build/stm32f0xx_hal_tim.o
                0x08001db4                HAL_TIM_Encoder_Init
 .text.TIM_TI1_SetConfig
                0x08001fb4       0x74 build/stm32f0xx_hal_tim.o
                0x08001fb4                TIM_TI1_SetConfig
 .text.HAL_TIM_IC_ConfigChannel
                0x08002028      0x1ec build/stm32f0xx_hal_tim.o
                0x08002028                HAL_TIM_IC_ConfigChannel
 .text.TIM_ETR_SetConfig
                0x08002214       0x18 build/stm32f0xx_hal_tim.o
                0x08002214                TIM_ETR_SetConfig
 .text.HAL_TIM_ConfigClockSource
                0x0800222c      0x4a0 build/stm32f0xx_hal_tim.o
                0x0800222c                HAL_TIM_ConfigClockSource
 .text.TIM_CCxChannelCmd
                0x080026cc       0x90 build/stm32f0xx_hal_tim.o
                0x080026cc                TIM_CCxChannelCmd
 .text.HAL_TIM_Encoder_Start_IT
                0x0800275c       0xac build/stm32f0xx_hal_tim.o
                0x0800275c                HAL_TIM_Encoder_Start_IT
 .text.HAL_TIMEx_MasterConfigSynchronization
                0x08002808       0xe0 build/stm32f0xx_hal_tim_ex.o
                0x08002808                HAL_TIMEx_MasterConfigSynchronization
 .text.HAL_TIMEx_CommutationCallback
                0x080028e8        0x4 build/stm32f0xx_hal_tim_ex.o
                0x080028e8                HAL_TIMEx_CommutationCallback
 .text.HAL_TIMEx_BreakCallback
                0x080028ec        0x4 build/stm32f0xx_hal_tim_ex.o
                0x080028ec                HAL_TIMEx_BreakCallback
 .text.UART_SetConfig
                0x080028f0      0x30c build/stm32f0xx_hal_uart.o
                0x080028f0                UART_SetConfig
 .text.UART_AdvFeatureConfig
                0x08002bfc      0x214 build/stm32f0xx_hal_uart.o
                0x08002bfc                UART_AdvFeatureConfig
 .text.UART_WaitOnFlagUntilTimeout
                0x08002e10       0x6c build/stm32f0xx_hal_uart.o
                0x08002e10                UART_WaitOnFlagUntilTimeout
 .text.HAL_UART_Transmit
                0x08002e7c       0xe4 build/stm32f0xx_hal_uart.o
                0x08002e7c                HAL_UART_Transmit
 .text.UART_CheckIdleState
                0x08002f60       0x84 build/stm32f0xx_hal_uart.o
                0x08002f60                UART_CheckIdleState
 .text.HAL_UART_Init
                0x08002fe4       0xd4 build/stm32f0xx_hal_uart.o
                0x08002fe4                HAL_UART_Init
 .text.HAL_RCC_OscConfig
                0x080030b8      0x6c4 build/stm32f0xx_hal_rcc.o
                0x080030b8                HAL_RCC_OscConfig
 .text.HAL_RCC_GetSysClockFreq
                0x0800377c       0x90 build/stm32f0xx_hal_rcc.o
                0x0800377c                HAL_RCC_GetSysClockFreq
 .text.HAL_RCC_ClockConfig
                0x0800380c      0x244 build/stm32f0xx_hal_rcc.o
                0x0800380c                HAL_RCC_ClockConfig
 .text.HAL_RCC_GetHCLKFreq
                0x08003a50        0xc build/stm32f0xx_hal_rcc.o
                0x08003a50                HAL_RCC_GetHCLKFreq
 .text.HAL_RCC_GetPCLK1Freq
                0x08003a5c       0x20 build/stm32f0xx_hal_rcc.o
                0x08003a5c                HAL_RCC_GetPCLK1Freq
 .text.HAL_RCCEx_PeriphCLKConfig
                0x08003a7c      0x208 build/stm32f0xx_hal_rcc_ex.o
                0x08003a7c                HAL_RCCEx_PeriphCLKConfig
 .text.HAL_InitTick
                0x08003c84       0x24 build/stm32f0xx_hal.o
                0x08003c84                HAL_InitTick
 .text.HAL_Init
                0x08003ca8       0x20 build/stm32f0xx_hal.o
                0x08003ca8                HAL_Init
 .text.HAL_IncTick
                0x08003cc8       0x10 build/stm32f0xx_hal.o
                0x08003cc8                HAL_IncTick
 .text.HAL_GetTick
                0x08003cd8        0xc build/stm32f0xx_hal.o
                0x08003cd8                HAL_GetTick
 .text.HAL_Delay
                0x08003ce4       0x24 build/stm32f0xx_hal.o
                0x08003ce4                HAL_Delay
 .text.HAL_GPIO_Init
                0x08003d08      0x2a0 build/stm32f0xx_hal_gpio.o
                0x08003d08                HAL_GPIO_Init
 .text.HAL_GPIO_WritePin
                0x08003fa8       0x34 build/stm32f0xx_hal_gpio.o
                0x08003fa8                HAL_GPIO_WritePin
 .text.HAL_GPIO_EXTI_IRQHandler
                0x08003fdc       0x18 build/stm32f0xx_hal_gpio.o
                0x08003fdc                HAL_GPIO_EXTI_IRQHandler
 .text.HAL_NVIC_SetPriority
                0x08003ff4       0x7c build/stm32f0xx_hal_cortex.o
                0x08003ff4                HAL_NVIC_SetPriority
 .text.HAL_NVIC_EnableIRQ
                0x08004070       0x24 build/stm32f0xx_hal_cortex.o
                0x08004070                HAL_NVIC_EnableIRQ
 .text.HAL_SYSTICK_Config
                0x08004094       0x38 build/stm32f0xx_hal_cortex.o
                0x08004094                HAL_SYSTICK_Config
 .text.SystemInit
                0x080040cc       0x60 build/system_stm32f0xx.o
                0x080040cc                SystemInit
 .text.HAL_RTC_AlarmIRQHandler
                0x0800412c       0x3c build/stm32f0xx_hal_rtc.o
                0x0800412c                HAL_RTC_AlarmIRQHandler
 .text.HAL_RTC_WaitForSynchro
                0x08004168       0x34 build/stm32f0xx_hal_rtc.o
                0x08004168                HAL_RTC_WaitForSynchro
 .text.RTC_EnterInitMode
                0x0800419c       0x3c build/stm32f0xx_hal_rtc.o
                0x0800419c                RTC_EnterInitMode
 .text.HAL_RTC_Init
                0x080041d8      0x15c build/stm32f0xx_hal_rtc.o
                0x080041d8                HAL_RTC_Init
 .text.RTC_ByteToBcd2
                0x08004334       0x18 build/stm32f0xx_hal_rtc.o
                0x08004334                RTC_ByteToBcd2
 .text.RTC_Bcd2ToByte
                0x0800434c       0x14 build/stm32f0xx_hal_rtc.o
                0x0800434c                RTC_Bcd2ToByte
 .text.HAL_RTC_SetTime
                0x08004360      0x20c build/stm32f0xx_hal_rtc.o
                0x08004360                HAL_RTC_SetTime
 .text.HAL_RTC_SetDate
                0x0800456c      0x188 build/stm32f0xx_hal_rtc.o
                0x0800456c                HAL_RTC_SetDate
 .text.HAL_RTC_SetAlarm_IT
                0x080046f4      0x378 build/stm32f0xx_hal_rtc.o
                0x080046f4                HAL_RTC_SetAlarm_IT
 .text.Reset_Handler
                0x08004a6c       0x50 build/startup_stm32f072xb.o
                0x08004a6c                Reset_Handler
 .text.Default_Handler
                0x08004abc        0x2 build/startup_stm32f072xb.o
                0x08004abc                TIM1_CC_IRQHandler
                0x08004abc                TSC_IRQHandler
                0x08004abc                ADC1_COMP_IRQHandler
                0x08004abc                I2C1_IRQHandler
                0x08004abc                RCC_CRS_IRQHandler
                0x08004abc                SPI1_IRQHandler
                0x08004abc                TIM6_DAC_IRQHandler
                0x08004abc                USART3_4_IRQHandler
                0x08004abc                I2C2_IRQHandler
                0x08004abc                TIM17_IRQHandler
                0x08004abc                CEC_CAN_IRQHandler
                0x08004abc                PVD_VDDIO2_IRQHandler
                0x08004abc                DMA1_Channel4_5_6_7_IRQHandler
                0x08004abc                TIM16_IRQHandler
                0x08004abc                EXTI4_15_IRQHandler
                0x08004abc                DMA1_Channel1_IRQHandler
                0x08004abc                Default_Handler
                0x08004abc                TIM14_IRQHandler
                0x08004abc                TIM7_IRQHandler
                0x08004abc                TIM15_IRQHandler
                0x08004abc                EXTI0_1_IRQHandler
                0x08004abc                USB_IRQHandler
                0x08004abc                SPI2_IRQHandler
                0x08004abc                WWDG_IRQHandler
                0x08004abc                DMA1_Channel2_3_IRQHandler
                0x08004abc                USART2_IRQHandler
                0x08004abc                FLASH_IRQHandler
                0x08004abc                USART1_IRQHandler
                0x08004abc                TIM1_BRK_UP_TRG_COM_IRQHandler
 *fill*         0x08004abe        0x2 
 .text.__libc_init_array
                0x08004ac0       0x4c /usr/local/gcc-arm-none-eabi/bin/../lib/gcc/arm-none-eabi/5.4.1/../../../../arm-none-eabi/lib/armv6-m/libc_nano.a(lib_a-init.o)
                0x08004ac0                __libc_init_array
 .text.memcpy   0x08004b0c       0x12 /usr/local/gcc-arm-none-eabi/bin/../lib/gcc/arm-none-eabi/5.4.1/../../../../arm-none-eabi/lib/armv6-m/libc_nano.a(lib_a-memcpy-stub.o)
                0x08004b0c                memcpy
 .text.memset   0x08004b1e       0x10 /usr/local/gcc-arm-none-eabi/bin/../lib/gcc/arm-none-eabi/5.4.1/../../../../arm-none-eabi/lib/armv6-m/libc_nano.a(lib_a-memset.o)
                0x08004b1e                memset
 *fill*         0x08004b2e        0x2 
 .text.printf   0x08004b30       0x34 /usr/local/gcc-arm-none-eabi/bin/../lib/gcc/arm-none-eabi/5.4.1/../../../../arm-none-eabi/lib/armv6-m/libc_nano.a(lib_a-printf.o)
                0x08004b30                printf
                0x08004b30                iprintf
 .text._puts_r  0x08004b64       0xc4 /usr/local/gcc-arm-none-eabi/bin/../lib/gcc/arm-none-eabi/5.4.1/../../../../arm-none-eabi/lib/armv6-m/libc_nano.a(lib_a-puts.o)
                0x08004b64                _puts_r
 .text.puts     0x08004c28       0x14 /usr/local/gcc-arm-none-eabi/bin/../lib/gcc/arm-none-eabi/5.4.1/../../../../arm-none-eabi/lib/armv6-m/libc_nano.a(lib_a-puts.o)
                0x08004c28                puts
 .text.sprintf  0x08004c3c       0x44 /usr/local/gcc-arm-none-eabi/bin/../lib/gcc/arm-none-eabi/5.4.1/../../../../arm-none-eabi/lib/armv6-m/libc_nano.a(lib_a-sprintf.o)
                0x08004c3c                sprintf
                0x08004c3c                siprintf
 .text.__swbuf_r
                0x08004c80       0xac /usr/local/gcc-arm-none-eabi/bin/../lib/gcc/arm-none-eabi/5.4.1/../../../../arm-none-eabi/lib/armv6-m/libc_nano.a(lib_a-wbuf.o)
                0x08004c80                __swbuf_r
 .text.__swsetup_r
                0x08004d2c       0xec /usr/local/gcc-arm-none-eabi/bin/../lib/gcc/arm-none-eabi/5.4.1/../../../../arm-none-eabi/lib/armv6-m/libc_nano.a(lib_a-wsetup.o)
                0x08004d2c                __swsetup_r
 .text.__sflush_r
                0x08004e18      0x10c /usr/local/gcc-arm-none-eabi/bin/../lib/gcc/arm-none-eabi/5.4.1/../../../../arm-none-eabi/lib/armv6-m/libc_nano.a(lib_a-fflush.o)
                0x08004e18                __sflush_r
 .text._fflush_r
                0x08004f24       0x58 /usr/local/gcc-arm-none-eabi/bin/../lib/gcc/arm-none-eabi/5.4.1/../../../../arm-none-eabi/lib/armv6-m/libc_nano.a(lib_a-fflush.o)
                0x08004f24                _fflush_r
 .text._cleanup_r
                0x08004f7c       0x10 /usr/local/gcc-arm-none-eabi/bin/../lib/gcc/arm-none-eabi/5.4.1/../../../../arm-none-eabi/lib/armv6-m/libc_nano.a(lib_a-findfp.o)
                0x08004f7c                _cleanup_r
 .text.std.isra.0
                0x08004f8c       0x48 /usr/local/gcc-arm-none-eabi/bin/../lib/gcc/arm-none-eabi/5.4.1/../../../../arm-none-eabi/lib/armv6-m/libc_nano.a(lib_a-findfp.o)
 .text.__sfmoreglue
                0x08004fd4       0x2c /usr/local/gcc-arm-none-eabi/bin/../lib/gcc/arm-none-eabi/5.4.1/../../../../arm-none-eabi/lib/armv6-m/libc_nano.a(lib_a-findfp.o)
                0x08004fd4                __sfmoreglue
 .text.__sinit  0x08005000       0x68 /usr/local/gcc-arm-none-eabi/bin/../lib/gcc/arm-none-eabi/5.4.1/../../../../arm-none-eabi/lib/armv6-m/libc_nano.a(lib_a-findfp.o)
                0x08005000                __sinit
 .text.__sfp    0x08005068       0x7c /usr/local/gcc-arm-none-eabi/bin/../lib/gcc/arm-none-eabi/5.4.1/../../../../arm-none-eabi/lib/armv6-m/libc_nano.a(lib_a-findfp.o)
                0x08005068                __sfp
 .text._fwalk_reent
                0x080050e4       0x42 /usr/local/gcc-arm-none-eabi/bin/../lib/gcc/arm-none-eabi/5.4.1/../../../../arm-none-eabi/lib/armv6-m/libc_nano.a(lib_a-fwalk.o)
                0x080050e4                _fwalk_reent
 *fill*         0x08005126        0x2 
 .text.__swhatbuf_r
                0x08005128       0x4c /usr/local/gcc-arm-none-eabi/bin/../lib/gcc/arm-none-eabi/5.4.1/../../../../arm-none-eabi/lib/armv6-m/libc_nano.a(lib_a-makebuf.o)
                0x08005128                __swhatbuf_r
 .text.__smakebuf_r
                0x08005174       0x7c /usr/local/gcc-arm-none-eabi/bin/../lib/gcc/arm-none-eabi/5.4.1/../../../../arm-none-eabi/lib/armv6-m/libc_nano.a(lib_a-makebuf.o)
                0x08005174                __smakebuf_r
 .text._free_r  0x080051f0       0x98 /usr/local/gcc-arm-none-eabi/bin/../lib/gcc/arm-none-eabi/5.4.1/../../../../arm-none-eabi/lib/armv6-m/libc_nano.a(lib_a-nano-freer.o)
                0x080051f0                _free_r
 .text._malloc_r
                0x08005288       0xc0 /usr/local/gcc-arm-none-eabi/bin/../lib/gcc/arm-none-eabi/5.4.1/../../../../arm-none-eabi/lib/armv6-m/libc_nano.a(lib_a-nano-mallocr.o)
                0x08005288                _malloc_r
 .text.__ssputs_r
                0x08005348       0xc4 /usr/local/gcc-arm-none-eabi/bin/../lib/gcc/arm-none-eabi/5.4.1/../../../../arm-none-eabi/lib/armv6-m/libc_nano.a(lib_a-nano-svfprintf.o)
                0x08005348                __ssputs_r
 .text._svfprintf_r
                0x0800540c      0x1fc /usr/local/gcc-arm-none-eabi/bin/../lib/gcc/arm-none-eabi/5.4.1/../../../../arm-none-eabi/lib/armv6-m/libc_nano.a(lib_a-nano-svfprintf.o)
                0x0800540c                _svfprintf_r
                0x0800540c                _svfiprintf_r
 .text.__sfputc_r
                0x08005608       0x2a /usr/local/gcc-arm-none-eabi/bin/../lib/gcc/arm-none-eabi/5.4.1/../../../../arm-none-eabi/lib/armv6-m/libc_nano.a(lib_a-nano-vfprintf.o)
 .text.__sfputs_r
                0x08005632       0x24 /usr/local/gcc-arm-none-eabi/bin/../lib/gcc/arm-none-eabi/5.4.1/../../../../arm-none-eabi/lib/armv6-m/libc_nano.a(lib_a-nano-vfprintf.o)
                0x08005632                __sfputs_r
 *fill*         0x08005656        0x2 
 .text._vfprintf_r
                0x08005658      0x238 /usr/local/gcc-arm-none-eabi/bin/../lib/gcc/arm-none-eabi/5.4.1/../../../../arm-none-eabi/lib/armv6-m/libc_nano.a(lib_a-nano-vfprintf.o)
                0x08005658                _vfiprintf_r
                0x08005658                _vfprintf_r
 .text._printf_common
                0x08005890       0xdc /usr/local/gcc-arm-none-eabi/bin/../lib/gcc/arm-none-eabi/5.4.1/../../../../arm-none-eabi/lib/armv6-m/libc_nano.a(lib_a-nano-vfprintf_i.o)
                0x08005890                _printf_common
 .text._printf_i
                0x0800596c      0x244 /usr/local/gcc-arm-none-eabi/bin/../lib/gcc/arm-none-eabi/5.4.1/../../../../arm-none-eabi/lib/armv6-m/libc_nano.a(lib_a-nano-vfprintf_i.o)
                0x0800596c                _printf_i
 .text._sbrk_r  0x08005bb0       0x24 /usr/local/gcc-arm-none-eabi/bin/../lib/gcc/arm-none-eabi/5.4.1/../../../../arm-none-eabi/lib/armv6-m/libc_nano.a(lib_a-sbrkr.o)
                0x08005bb0                _sbrk_r
 .text.__sread  0x08005bd4       0x28 /usr/local/gcc-arm-none-eabi/bin/../lib/gcc/arm-none-eabi/5.4.1/../../../../arm-none-eabi/lib/armv6-m/libc_nano.a(lib_a-stdio.o)
                0x08005bd4                __sread
 .text.__swrite
                0x08005bfc       0x38 /usr/local/gcc-arm-none-eabi/bin/../lib/gcc/arm-none-eabi/5.4.1/../../../../arm-none-eabi/lib/armv6-m/libc_nano.a(lib_a-stdio.o)
                0x08005bfc                __swrite
 .text.__sseek  0x08005c34       0x2c /usr/local/gcc-arm-none-eabi/bin/../lib/gcc/arm-none-eabi/5.4.1/../../../../arm-none-eabi/lib/armv6-m/libc_nano.a(lib_a-stdio.o)
                0x08005c34                __sseek
 .text.__sclose
                0x08005c60        0xc /usr/local/gcc-arm-none-eabi/bin/../lib/gcc/arm-none-eabi/5.4.1/../../../../arm-none-eabi/lib/armv6-m/libc_nano.a(lib_a-stdio.o)
                0x08005c60                __sclose
 .text._write_r
                0x08005c6c       0x28 /usr/local/gcc-arm-none-eabi/bin/../lib/gcc/arm-none-eabi/5.4.1/../../../../arm-none-eabi/lib/armv6-m/libc_nano.a(lib_a-writer.o)
                0x08005c6c                _write_r
 .text._close_r
                0x08005c94       0x24 /usr/local/gcc-arm-none-eabi/bin/../lib/gcc/arm-none-eabi/5.4.1/../../../../arm-none-eabi/lib/armv6-m/libc_nano.a(lib_a-closer.o)
                0x08005c94                _close_r
 .text._fstat_r
                0x08005cb8       0x24 /usr/local/gcc-arm-none-eabi/bin/../lib/gcc/arm-none-eabi/5.4.1/../../../../arm-none-eabi/lib/armv6-m/libc_nano.a(lib_a-fstatr.o)
                0x08005cb8                _fstat_r
 .text._isatty_r
                0x08005cdc       0x24 /usr/local/gcc-arm-none-eabi/bin/../lib/gcc/arm-none-eabi/5.4.1/../../../../arm-none-eabi/lib/armv6-m/libc_nano.a(lib_a-isattyr.o)
                0x08005cdc                _isatty_r
 .text._lseek_r
                0x08005d00       0x28 /usr/local/gcc-arm-none-eabi/bin/../lib/gcc/arm-none-eabi/5.4.1/../../../../arm-none-eabi/lib/armv6-m/libc_nano.a(lib_a-lseekr.o)
                0x08005d00                _lseek_r
 .text.memchr   0x08005d28       0x16 /usr/local/gcc-arm-none-eabi/bin/../lib/gcc/arm-none-eabi/5.4.1/../../../../arm-none-eabi/lib/armv6-m/libc_nano.a(lib_a-memchr-stub.o)
                0x08005d28                memchr
 .text.memmove  0x08005d3e       0x2a /usr/local/gcc-arm-none-eabi/bin/../lib/gcc/arm-none-eabi/5.4.1/../../../../arm-none-eabi/lib/armv6-m/libc_nano.a(lib_a-memmove.o)
                0x08005d3e                memmove
 .text.__malloc_lock
                0x08005d68        0x2 /usr/local/gcc-arm-none-eabi/bin/../lib/gcc/arm-none-eabi/5.4.1/../../../../arm-none-eabi/lib/armv6-m/libc_nano.a(lib_a-mlock.o)
                0x08005d68                __malloc_lock
 .text.__malloc_unlock
                0x08005d6a        0x2 /usr/local/gcc-arm-none-eabi/bin/../lib/gcc/arm-none-eabi/5.4.1/../../../../arm-none-eabi/lib/armv6-m/libc_nano.a(lib_a-mlock.o)
                0x08005d6a                __malloc_unlock
 .text._realloc_r
                0x08005d6c       0x4c /usr/local/gcc-arm-none-eabi/bin/../lib/gcc/arm-none-eabi/5.4.1/../../../../arm-none-eabi/lib/armv6-m/libc_nano.a(lib_a-nano-reallocr.o)
                0x08005d6c                _realloc_r
 .text._read_r  0x08005db8       0x28 /usr/local/gcc-arm-none-eabi/bin/../lib/gcc/arm-none-eabi/5.4.1/../../../../arm-none-eabi/lib/armv6-m/libc_nano.a(lib_a-readr.o)
                0x08005db8                _read_r
 .text._malloc_usable_size_r
                0x08005de0       0x16 /usr/local/gcc-arm-none-eabi/bin/../lib/gcc/arm-none-eabi/5.4.1/../../../../arm-none-eabi/lib/armv6-m/libc_nano.a(lib_a-nano-msizer.o)
                0x08005de0                _malloc_usable_size_r
 *fill*         0x08005df6        0x2 
 .text._close   0x08005df8       0x10 /usr/local/gcc-arm-none-eabi/bin/../lib/gcc/arm-none-eabi/5.4.1/../../../../arm-none-eabi/lib/armv6-m/libnosys.a(close.o)
                0x08005df8                _close
 .text._fstat   0x08005e08       0x10 /usr/local/gcc-arm-none-eabi/bin/../lib/gcc/arm-none-eabi/5.4.1/../../../../arm-none-eabi/lib/armv6-m/libnosys.a(fstat.o)
                0x08005e08                _fstat
 .text._isatty  0x08005e18       0x10 /usr/local/gcc-arm-none-eabi/bin/../lib/gcc/arm-none-eabi/5.4.1/../../../../arm-none-eabi/lib/armv6-m/libnosys.a(isatty.o)
                0x08005e18                _isatty
 .text._lseek   0x08005e28       0x10 /usr/local/gcc-arm-none-eabi/bin/../lib/gcc/arm-none-eabi/5.4.1/../../../../arm-none-eabi/lib/armv6-m/libnosys.a(lseek.o)
                0x08005e28                _lseek
 .text._read    0x08005e38       0x10 /usr/local/gcc-arm-none-eabi/bin/../lib/gcc/arm-none-eabi/5.4.1/../../../../arm-none-eabi/lib/armv6-m/libnosys.a(read.o)
                0x08005e38                _read
 .text._sbrk    0x08005e48       0x1c /usr/local/gcc-arm-none-eabi/bin/../lib/gcc/arm-none-eabi/5.4.1/../../../../arm-none-eabi/lib/armv6-m/libnosys.a(sbrk.o)
                0x08005e48                _sbrk
 *(.glue_7)
 .glue_7        0x08005e64        0x0 linker stubs
 *(.glue_7t)
 .glue_7t       0x08005e64        0x0 linker stubs
 *(.eh_frame)
 .eh_frame      0x08005e64        0x0 /usr/local/gcc-arm-none-eabi/bin/../lib/gcc/arm-none-eabi/5.4.1/armv6-m/crtbegin.o
 *(.init)
 .init          0x08005e64        0x4 /usr/local/gcc-arm-none-eabi/bin/../lib/gcc/arm-none-eabi/5.4.1/armv6-m/crti.o
                0x08005e64                _init
 .init          0x08005e68        0x8 /usr/local/gcc-arm-none-eabi/bin/../lib/gcc/arm-none-eabi/5.4.1/armv6-m/crtn.o
 *(.fini)
 .fini          0x08005e70        0x4 /usr/local/gcc-arm-none-eabi/bin/../lib/gcc/arm-none-eabi/5.4.1/armv6-m/crti.o
                0x08005e70                _fini
 .fini          0x08005e74        0x8 /usr/local/gcc-arm-none-eabi/bin/../lib/gcc/arm-none-eabi/5.4.1/armv6-m/crtn.o
                0x08005e7c                . = ALIGN (0x4)
                0x08005e7c                _etext = .

.vfp11_veneer   0x08005e7c        0x0
 .vfp11_veneer  0x08005e7c        0x0 linker stubs

.v4_bx          0x08005e7c        0x0
 .v4_bx         0x08005e7c        0x0 linker stubs

.iplt           0x08005e7c        0x0
 .iplt          0x08005e7c        0x0 /usr/local/gcc-arm-none-eabi/bin/../lib/gcc/arm-none-eabi/5.4.1/armv6-m/crtbegin.o

.rodata         0x08005e7c     0x1c40
                0x08005e7c                . = ALIGN (0x4)
 *(.rodata)
 .rodata        0x08005e7c       0x20 build/stm32f0xx_hal_rcc.o
 *(.rodata*)
 .rodata.str1.4
                0x08005e9c       0xb6 build/main.o
 *fill*         0x08005f52        0x2 
 .rodata.str1.4
                0x08005f54       0x5f build/menu.o
 *fill*         0x08005fb3        0x1 
 .rodata.lv_font_yahei_16_glyph_bitmap
                0x08005fb4      0x6a0 build/lv_font_yahei_16.o
 .rodata.lv_font_yahei_16_glyph_dsc
                0x08006654      0x17c build/lv_font_yahei_16.o
 .rodata.lv_font_yahei_24_glyph_bitmap
                0x080067d0      0xe58 build/lv_font_yahei_24.o
 .rodata.lv_font_yahei_24_glyph_dsc
                0x08007628      0x17c build/lv_font_yahei_24.o
 .rodata.str1.4
                0x080077a4       0x35 build/stm32f0xx_hal_adc.o
 *fill*         0x080077d9        0x3 
 .rodata.str1.4
                0x080077dc       0x35 build/stm32f0xx_hal_dac.o
 *fill*         0x08007811        0x3 
 .rodata.str1.4
                0x08007814       0x38 build/stm32f0xx_hal_dac_ex.o
 .rodata.str1.4
                0x0800784c       0x35 build/stm32f0xx_hal_tim.o
 *fill*         0x08007881        0x3 
 .rodata.str1.4
                0x08007884       0x38 build/stm32f0xx_hal_tim_ex.o
 .rodata.str1.4
                0x080078bc       0x36 build/stm32f0xx_hal_uart.o
 *fill*         0x080078f2        0x2 
 .rodata.str1.4
                0x080078f4       0x35 build/stm32f0xx_hal_rcc.o
 *fill*         0x08007929        0x3 
 .rodata.str1.4
                0x0800792c       0x38 build/stm32f0xx_hal_rcc_ex.o
 .rodata.str1.4
                0x08007964       0x36 build/stm32f0xx_hal_gpio.o
 *fill*         0x0800799a        0x2 
 .rodata.str1.4
                0x0800799c       0x38 build/stm32f0xx_hal_cortex.o
 .rodata.AHBPrescTable
                0x080079d4       0x10 build/system_stm32f0xx.o
                0x080079d4                AHBPrescTable
 .rodata.APBPrescTable
                0x080079e4        0x8 build/system_stm32f0xx.o
                0x080079e4                APBPrescTable
 .rodata.str1.4
                0x080079ec       0x38 build/stm32f0xx_hal_rtc.o
                                 0x35 (size before relaxing)
 .rodata._global_impure_ptr
                0x08007a24        0x4 /usr/local/gcc-arm-none-eabi/bin/../lib/gcc/arm-none-eabi/5.4.1/../../../../arm-none-eabi/lib/armv6-m/libc_nano.a(lib_a-impure.o)
                0x08007a24                _global_impure_ptr
 .rodata.__sf_fake_stdin
                0x08007a28       0x20 /usr/local/gcc-arm-none-eabi/bin/../lib/gcc/arm-none-eabi/5.4.1/../../../../arm-none-eabi/lib/armv6-m/libc_nano.a(lib_a-findfp.o)
                0x08007a28                __sf_fake_stdin
 .rodata.__sf_fake_stdout
                0x08007a48       0x20 /usr/local/gcc-arm-none-eabi/bin/../lib/gcc/arm-none-eabi/5.4.1/../../../../arm-none-eabi/lib/armv6-m/libc_nano.a(lib_a-findfp.o)
                0x08007a48                __sf_fake_stdout
 .rodata.__sf_fake_stderr
                0x08007a68       0x20 /usr/local/gcc-arm-none-eabi/bin/../lib/gcc/arm-none-eabi/5.4.1/../../../../arm-none-eabi/lib/armv6-m/libc_nano.a(lib_a-findfp.o)
                0x08007a68                __sf_fake_stderr
 .rodata.str1.1
                0x08007a88       0x11 /usr/local/gcc-arm-none-eabi/bin/../lib/gcc/arm-none-eabi/5.4.1/../../../../arm-none-eabi/lib/armv6-m/libc_nano.a(lib_a-nano-svfprintf.o)
 .rodata.str1.1
                0x08007a99       0x11 /usr/local/gcc-arm-none-eabi/bin/../lib/gcc/arm-none-eabi/5.4.1/../../../../arm-none-eabi/lib/armv6-m/libc_nano.a(lib_a-nano-vfprintf.o)
 .rodata.str1.1
                0x08007a99       0x22 /usr/local/gcc-arm-none-eabi/bin/../lib/gcc/arm-none-eabi/5.4.1/../../../../arm-none-eabi/lib/armv6-m/libc_nano.a(lib_a-nano-vfprintf_i.o)
                0x08007abc                . = ALIGN (0x4)
 *fill*         0x08007abb        0x1 

.rel.dyn        0x08007abc        0x0
 .rel.iplt      0x08007abc        0x0 /usr/local/gcc-arm-none-eabi/bin/../lib/gcc/arm-none-eabi/5.4.1/armv6-m/crtbegin.o

.ARM.extab
 *(.ARM.extab* .gnu.linkonce.armextab.*)

.ARM            0x08007abc        0x0
                0x08007abc                __exidx_start = .
 *(.ARM.exidx*)
                0x08007abc                __exidx_end = .

.preinit_array  0x08007abc        0x0
                0x08007abc                PROVIDE (__preinit_array_start, .)
 *(.preinit_array*)
                0x08007abc                PROVIDE (__preinit_array_end, .)

.init_array     0x08007abc        0x4
                0x08007abc                PROVIDE (__init_array_start, .)
 *(SORT(.init_array.*))
 *(.init_array*)
 .init_array    0x08007abc        0x4 /usr/local/gcc-arm-none-eabi/bin/../lib/gcc/arm-none-eabi/5.4.1/armv6-m/crtbegin.o
                0x08007ac0                PROVIDE (__init_array_end, .)

.fini_array     0x08007ac0        0x4
                [!provide]                PROVIDE (__fini_array_start, .)
 *(SORT(.fini_array.*))
 *(.fini_array*)
 .fini_array    0x08007ac0        0x4 /usr/local/gcc-arm-none-eabi/bin/../lib/gcc/arm-none-eabi/5.4.1/armv6-m/crtbegin.o
                [!provide]                PROVIDE (__fini_array_end, .)
                0x08007ac4                _sidata = LOADADDR (.data)

.data           0x20000000       0xd0 load address 0x08007ac4
                0x20000000                . = ALIGN (0x4)
                0x20000000                _sdata = .
 *(.data)
 *(.data*)
 .data.initial_tab
                0x20000000       0x17 build/oled.o
                0x20000000                initial_tab
 *fill*         0x20000017        0x1 
 .data.lv_font_yahei_16
                0x20000018       0x28 build/lv_font_yahei_16.o
                0x20000018                lv_font_yahei_16
 .data.lv_font_yahei_24
                0x20000040       0x28 build/lv_font_yahei_24.o
                0x20000040                lv_font_yahei_24
 .data.SystemCoreClock
                0x20000068        0x4 build/system_stm32f0xx.o
                0x20000068                SystemCoreClock
 .data.impure_data
                0x2000006c       0x60 /usr/local/gcc-arm-none-eabi/bin/../lib/gcc/arm-none-eabi/5.4.1/../../../../arm-none-eabi/lib/armv6-m/libc_nano.a(lib_a-impure.o)
 .data._impure_ptr
                0x200000cc        0x4 /usr/local/gcc-arm-none-eabi/bin/../lib/gcc/arm-none-eabi/5.4.1/../../../../arm-none-eabi/lib/armv6-m/libc_nano.a(lib_a-impure.o)
                0x200000cc                _impure_ptr
                0x200000d0                . = ALIGN (0x4)
                0x200000d0                _edata = .

.jcr            0x200000d0        0x0 load address 0x08007b94
 .jcr           0x200000d0        0x0 /usr/local/gcc-arm-none-eabi/bin/../lib/gcc/arm-none-eabi/5.4.1/armv6-m/crtbegin.o

.igot.plt       0x200000d0        0x0 load address 0x08007b94
 .igot.plt      0x200000d0        0x0 /usr/local/gcc-arm-none-eabi/bin/../lib/gcc/arm-none-eabi/5.4.1/armv6-m/crtbegin.o
                0x200000d0                . = ALIGN (0x4)

.bss            0x200000d0      0x604 load address 0x08007b94
                0x200000d0                _sbss = .
                0x200000d0                __bss_start__ = _sbss
 *(.bss)
 .bss           0x200000d0       0x1c /usr/local/gcc-arm-none-eabi/bin/../lib/gcc/arm-none-eabi/5.4.1/armv6-m/crtbegin.o
 *(.bss*)
 .bss.VSetDacValue
                0x200000ec        0x4 build/main.o
                0x200000ec                VSetDacValue
 .bss.EncodeCount
                0x200000f0        0x4 build/main.o
                0x200000f0                EncodeCount
 .bss.ISetDacValue
                0x200000f4        0x4 build/main.o
                0x200000f4                ISetDacValue
 .bss.i.7685    0x200000f8        0x4 build/main.o
 .bss.__malloc_sbrk_start
                0x200000fc        0x4 /usr/local/gcc-arm-none-eabi/bin/../lib/gcc/arm-none-eabi/5.4.1/../../../../arm-none-eabi/lib/armv6-m/libc_nano.a(lib_a-nano-mallocr.o)
                0x200000fc                __malloc_sbrk_start
 .bss.__malloc_free_list
                0x20000100        0x4 /usr/local/gcc-arm-none-eabi/bin/../lib/gcc/arm-none-eabi/5.4.1/../../../../arm-none-eabi/lib/armv6-m/libc_nano.a(lib_a-nano-mallocr.o)
                0x20000100                __malloc_free_list
 .bss.heap_end.4167
                0x20000104        0x4 /usr/local/gcc-arm-none-eabi/bin/../lib/gcc/arm-none-eabi/5.4.1/../../../../arm-none-eabi/lib/armv6-m/libnosys.a(sbrk.o)
 *(COMMON)
 COMMON         0x20000108      0x1c4 build/main.o
                0x20000108                g_SystemInfo
                0x2000011c                hTimEncoder
                0x2000015c                htim3
                0x2000019c                huart1
                0x2000020c                hdac
                0x20000220                hrtc
                0x20000240                htim2
                0x20000280                hadc
 COMMON         0x200002cc      0x400 build/oled.o
                0x200002cc                OledDisplayBuffer
 COMMON         0x200006cc        0x4 build/stm32f0xx_hal.o
                0x200006cc                uwTick
 COMMON         0x200006d0        0x4 /usr/local/gcc-arm-none-eabi/bin/../lib/gcc/arm-none-eabi/5.4.1/../../../../arm-none-eabi/lib/armv6-m/libc_nano.a(lib_a-reent.o)
                0x200006d0                errno
                0x200006d4                . = ALIGN (0x4)
                0x200006d4                _ebss = .
                0x200006d4                __bss_end__ = _ebss

._user_heap_stack
                0x200006d4      0x604 load address 0x08007b94
                0x200006d8                . = ALIGN (0x8)
 *fill*         0x200006d4        0x4 
                0x200006d8                PROVIDE (end, .)
                [!provide]                PROVIDE (_end, .)
                0x200008d8                . = (. + _Min_Heap_Size)
 *fill*         0x200006d8      0x200 
                0x20000cd8                . = (. + _Min_Stack_Size)
 *fill*         0x200008d8      0x400 
                0x20000cd8                . = ALIGN (0x8)

/DISCARD/
 libc.a(*)
 libm.a(*)
 libgcc.a(*)

.ARM.attributes
                0x00000000       0x28
 *(.ARM.attributes)
 .ARM.attributes
                0x00000000       0x1e /usr/local/gcc-arm-none-eabi/bin/../lib/gcc/arm-none-eabi/5.4.1/armv6-m/crti.o
 .ARM.attributes
                0x0000001e       0x2c /usr/local/gcc-arm-none-eabi/bin/../lib/gcc/arm-none-eabi/5.4.1/armv6-m/crtbegin.o
 .ARM.attributes
                0x0000004a       0x31 build/main.o
 .ARM.attributes
                0x0000007b       0x31 build/menu.o
 .ARM.attributes
                0x000000ac       0x31 build/oled.o
 .ARM.attributes
                0x000000dd       0x31 build/stm32f0xx_it.o
 .ARM.attributes
                0x0000010e       0x31 build/stm32f0xx_hal_msp.o
 .ARM.attributes
                0x0000013f       0x31 build/lv_font.o
 .ARM.attributes
                0x00000170       0x31 build/lv_font_yahei_16.o
 .ARM.attributes
                0x000001a1       0x31 build/lv_font_yahei_24.o
 .ARM.attributes
                0x000001d2       0x31 build/stm32f0xx_hal_adc.o
 .ARM.attributes
                0x00000203       0x31 build/stm32f0xx_hal_dac.o
 .ARM.attributes
                0x00000234       0x31 build/stm32f0xx_hal_dac_ex.o
 .ARM.attributes
                0x00000265       0x31 build/stm32f0xx_hal_tim.o
 .ARM.attributes
                0x00000296       0x31 build/stm32f0xx_hal_tim_ex.o
 .ARM.attributes
                0x000002c7       0x31 build/stm32f0xx_hal_uart.o
 .ARM.attributes
                0x000002f8       0x31 build/stm32f0xx_hal_rcc.o
 .ARM.attributes
                0x00000329       0x31 build/stm32f0xx_hal_rcc_ex.o
 .ARM.attributes
                0x0000035a       0x31 build/stm32f0xx_hal.o
 .ARM.attributes
                0x0000038b       0x31 build/stm32f0xx_hal_gpio.o
 .ARM.attributes
                0x000003bc       0x31 build/stm32f0xx_hal_cortex.o
 .ARM.attributes
                0x000003ed       0x31 build/system_stm32f0xx.o
 .ARM.attributes
                0x0000041e       0x31 build/stm32f0xx_hal_rtc.o
 .ARM.attributes
                0x0000044f       0x21 build/startup_stm32f072xb.o
 .ARM.attributes
                0x00000470       0x2c /usr/local/gcc-arm-none-eabi/bin/../lib/gcc/arm-none-eabi/5.4.1/../../../../arm-none-eabi/lib/armv6-m/libc_nano.a(lib_a-impure.o)
 .ARM.attributes
                0x0000049c       0x2c /usr/local/gcc-arm-none-eabi/bin/../lib/gcc/arm-none-eabi/5.4.1/../../../../arm-none-eabi/lib/armv6-m/libc_nano.a(lib_a-init.o)
 .ARM.attributes
                0x000004c8       0x2c /usr/local/gcc-arm-none-eabi/bin/../lib/gcc/arm-none-eabi/5.4.1/../../../../arm-none-eabi/lib/armv6-m/libc_nano.a(lib_a-memcpy-stub.o)
 .ARM.attributes
                0x000004f4       0x2c /usr/local/gcc-arm-none-eabi/bin/../lib/gcc/arm-none-eabi/5.4.1/../../../../arm-none-eabi/lib/armv6-m/libc_nano.a(lib_a-memset.o)
 .ARM.attributes
                0x00000520       0x2c /usr/local/gcc-arm-none-eabi/bin/../lib/gcc/arm-none-eabi/5.4.1/../../../../arm-none-eabi/lib/armv6-m/libc_nano.a(lib_a-printf.o)
 .ARM.attributes
                0x0000054c       0x2c /usr/local/gcc-arm-none-eabi/bin/../lib/gcc/arm-none-eabi/5.4.1/../../../../arm-none-eabi/lib/armv6-m/libc_nano.a(lib_a-puts.o)
 .ARM.attributes
                0x00000578       0x2c /usr/local/gcc-arm-none-eabi/bin/../lib/gcc/arm-none-eabi/5.4.1/../../../../arm-none-eabi/lib/armv6-m/libc_nano.a(lib_a-sprintf.o)
 .ARM.attributes
                0x000005a4       0x2c /usr/local/gcc-arm-none-eabi/bin/../lib/gcc/arm-none-eabi/5.4.1/../../../../arm-none-eabi/lib/armv6-m/libc_nano.a(lib_a-wbuf.o)
 .ARM.attributes
                0x000005d0       0x2c /usr/local/gcc-arm-none-eabi/bin/../lib/gcc/arm-none-eabi/5.4.1/../../../../arm-none-eabi/lib/armv6-m/libc_nano.a(lib_a-wsetup.o)
 .ARM.attributes
                0x000005fc       0x2c /usr/local/gcc-arm-none-eabi/bin/../lib/gcc/arm-none-eabi/5.4.1/../../../../arm-none-eabi/lib/armv6-m/libc_nano.a(lib_a-fflush.o)
 .ARM.attributes
                0x00000628       0x2c /usr/local/gcc-arm-none-eabi/bin/../lib/gcc/arm-none-eabi/5.4.1/../../../../arm-none-eabi/lib/armv6-m/libc_nano.a(lib_a-findfp.o)
 .ARM.attributes
                0x00000654       0x2c /usr/local/gcc-arm-none-eabi/bin/../lib/gcc/arm-none-eabi/5.4.1/../../../../arm-none-eabi/lib/armv6-m/libc_nano.a(lib_a-fwalk.o)
 .ARM.attributes
                0x00000680       0x2c /usr/local/gcc-arm-none-eabi/bin/../lib/gcc/arm-none-eabi/5.4.1/../../../../arm-none-eabi/lib/armv6-m/libc_nano.a(lib_a-makebuf.o)
 .ARM.attributes
                0x000006ac       0x2c /usr/local/gcc-arm-none-eabi/bin/../lib/gcc/arm-none-eabi/5.4.1/../../../../arm-none-eabi/lib/armv6-m/libc_nano.a(lib_a-nano-freer.o)
 .ARM.attributes
                0x000006d8       0x2c /usr/local/gcc-arm-none-eabi/bin/../lib/gcc/arm-none-eabi/5.4.1/../../../../arm-none-eabi/lib/armv6-m/libc_nano.a(lib_a-nano-mallocr.o)
 .ARM.attributes
                0x00000704       0x2c /usr/local/gcc-arm-none-eabi/bin/../lib/gcc/arm-none-eabi/5.4.1/../../../../arm-none-eabi/lib/armv6-m/libc_nano.a(lib_a-nano-svfprintf.o)
 .ARM.attributes
                0x00000730       0x2c /usr/local/gcc-arm-none-eabi/bin/../lib/gcc/arm-none-eabi/5.4.1/../../../../arm-none-eabi/lib/armv6-m/libc_nano.a(lib_a-nano-vfprintf.o)
 .ARM.attributes
                0x0000075c       0x2c /usr/local/gcc-arm-none-eabi/bin/../lib/gcc/arm-none-eabi/5.4.1/../../../../arm-none-eabi/lib/armv6-m/libc_nano.a(lib_a-nano-vfprintf_i.o)
 .ARM.attributes
                0x00000788       0x2c /usr/local/gcc-arm-none-eabi/bin/../lib/gcc/arm-none-eabi/5.4.1/../../../../arm-none-eabi/lib/armv6-m/libc_nano.a(lib_a-sbrkr.o)
 .ARM.attributes
                0x000007b4       0x2c /usr/local/gcc-arm-none-eabi/bin/../lib/gcc/arm-none-eabi/5.4.1/../../../../arm-none-eabi/lib/armv6-m/libc_nano.a(lib_a-stdio.o)
 .ARM.attributes
                0x000007e0       0x2c /usr/local/gcc-arm-none-eabi/bin/../lib/gcc/arm-none-eabi/5.4.1/../../../../arm-none-eabi/lib/armv6-m/libc_nano.a(lib_a-writer.o)
 .ARM.attributes
                0x0000080c       0x2c /usr/local/gcc-arm-none-eabi/bin/../lib/gcc/arm-none-eabi/5.4.1/../../../../arm-none-eabi/lib/armv6-m/libc_nano.a(lib_a-closer.o)
 .ARM.attributes
                0x00000838       0x2c /usr/local/gcc-arm-none-eabi/bin/../lib/gcc/arm-none-eabi/5.4.1/../../../../arm-none-eabi/lib/armv6-m/libc_nano.a(lib_a-fstatr.o)
 .ARM.attributes
                0x00000864       0x2c /usr/local/gcc-arm-none-eabi/bin/../lib/gcc/arm-none-eabi/5.4.1/../../../../arm-none-eabi/lib/armv6-m/libc_nano.a(lib_a-isattyr.o)
 .ARM.attributes
                0x00000890       0x2c /usr/local/gcc-arm-none-eabi/bin/../lib/gcc/arm-none-eabi/5.4.1/../../../../arm-none-eabi/lib/armv6-m/libc_nano.a(lib_a-lseekr.o)
 .ARM.attributes
                0x000008bc       0x2c /usr/local/gcc-arm-none-eabi/bin/../lib/gcc/arm-none-eabi/5.4.1/../../../../arm-none-eabi/lib/armv6-m/libc_nano.a(lib_a-memchr-stub.o)
 .ARM.attributes
                0x000008e8       0x2c /usr/local/gcc-arm-none-eabi/bin/../lib/gcc/arm-none-eabi/5.4.1/../../../../arm-none-eabi/lib/armv6-m/libc_nano.a(lib_a-memmove.o)
 .ARM.attributes
                0x00000914       0x2c /usr/local/gcc-arm-none-eabi/bin/../lib/gcc/arm-none-eabi/5.4.1/../../../../arm-none-eabi/lib/armv6-m/libc_nano.a(lib_a-mlock.o)
 .ARM.attributes
                0x00000940       0x2c /usr/local/gcc-arm-none-eabi/bin/../lib/gcc/arm-none-eabi/5.4.1/../../../../arm-none-eabi/lib/armv6-m/libc_nano.a(lib_a-nano-reallocr.o)
 .ARM.attributes
                0x0000096c       0x2c /usr/local/gcc-arm-none-eabi/bin/../lib/gcc/arm-none-eabi/5.4.1/../../../../arm-none-eabi/lib/armv6-m/libc_nano.a(lib_a-readr.o)
 .ARM.attributes
                0x00000998       0x2c /usr/local/gcc-arm-none-eabi/bin/../lib/gcc/arm-none-eabi/5.4.1/../../../../arm-none-eabi/lib/armv6-m/libc_nano.a(lib_a-reent.o)
 .ARM.attributes
                0x000009c4       0x2c /usr/local/gcc-arm-none-eabi/bin/../lib/gcc/arm-none-eabi/5.4.1/../../../../arm-none-eabi/lib/armv6-m/libc_nano.a(lib_a-nano-msizer.o)
 .ARM.attributes
                0x000009f0       0x2c /usr/local/gcc-arm-none-eabi/bin/../lib/gcc/arm-none-eabi/5.4.1/../../../../arm-none-eabi/lib/armv6-m/libnosys.a(close.o)
 .ARM.attributes
                0x00000a1c       0x2c /usr/local/gcc-arm-none-eabi/bin/../lib/gcc/arm-none-eabi/5.4.1/../../../../arm-none-eabi/lib/armv6-m/libnosys.a(fstat.o)
 .ARM.attributes
                0x00000a48       0x2c /usr/local/gcc-arm-none-eabi/bin/../lib/gcc/arm-none-eabi/5.4.1/../../../../arm-none-eabi/lib/armv6-m/libnosys.a(isatty.o)
 .ARM.attributes
                0x00000a74       0x2c /usr/local/gcc-arm-none-eabi/bin/../lib/gcc/arm-none-eabi/5.4.1/../../../../arm-none-eabi/lib/armv6-m/libnosys.a(lseek.o)
 .ARM.attributes
                0x00000aa0       0x2c /usr/local/gcc-arm-none-eabi/bin/../lib/gcc/arm-none-eabi/5.4.1/../../../../arm-none-eabi/lib/armv6-m/libnosys.a(read.o)
 .ARM.attributes
                0x00000acc       0x2c /usr/local/gcc-arm-none-eabi/bin/../lib/gcc/arm-none-eabi/5.4.1/../../../../arm-none-eabi/lib/armv6-m/libnosys.a(sbrk.o)
 .ARM.attributes
                0x00000af8       0x1e /usr/local/gcc-arm-none-eabi/bin/../lib/gcc/arm-none-eabi/5.4.1/armv6-m/libgcc.a(_udivsi3.o)
 .ARM.attributes
                0x00000b16       0x1e /usr/local/gcc-arm-none-eabi/bin/../lib/gcc/arm-none-eabi/5.4.1/armv6-m/libgcc.a(_divsi3.o)
 .ARM.attributes
                0x00000b34       0x1e /usr/local/gcc-arm-none-eabi/bin/../lib/gcc/arm-none-eabi/5.4.1/armv6-m/libgcc.a(_dvmd_tls.o)
 .ARM.attributes
                0x00000b52       0x1e /usr/local/gcc-arm-none-eabi/bin/../lib/gcc/arm-none-eabi/5.4.1/armv6-m/crtn.o
OUTPUT(build/DigitalPower.elf elf32-littlearm)

.debug_info     0x00000000    0x15eac
 .debug_info    0x00000000     0x2f78 build/main.o
 .debug_info    0x00002f78      0x42e build/menu.o
 .debug_info    0x000033a6      0xbd6 build/oled.o
 .debug_info    0x00003f7c      0x996 build/stm32f0xx_it.o
 .debug_info    0x00004912     0x1766 build/stm32f0xx_hal_msp.o
 .debug_info    0x00006078      0x62e build/lv_font.o
 .debug_info    0x000066a6      0x292 build/lv_font_yahei_16.o
 .debug_info    0x00006938      0x292 build/lv_font_yahei_24.o
 .debug_info    0x00006bca     0x13cc build/stm32f0xx_hal_adc.o
 .debug_info    0x00007f96      0xa03 build/stm32f0xx_hal_dac.o
 .debug_info    0x00008999      0xc7d build/stm32f0xx_hal_dac_ex.o
 .debug_info    0x00009616     0x488e build/stm32f0xx_hal_tim.o
 .debug_info    0x0000dea4     0x1b2c build/stm32f0xx_hal_tim_ex.o
 .debug_info    0x0000f9d0     0x1cbd build/stm32f0xx_hal_uart.o
 .debug_info    0x0001168d      0xd93 build/stm32f0xx_hal_rcc.o
 .debug_info    0x00012420      0x8e6 build/stm32f0xx_hal_rcc_ex.o
 .debug_info    0x00012d06      0x6b4 build/stm32f0xx_hal.o
 .debug_info    0x000133ba      0x840 build/stm32f0xx_hal_gpio.o
 .debug_info    0x00013bfa      0x8df build/stm32f0xx_hal_cortex.o
 .debug_info    0x000144d9      0x273 build/system_stm32f0xx.o
 .debug_info    0x0001474c     0x170a build/stm32f0xx_hal_rtc.o
 .debug_info    0x00015e56       0x56 build/startup_stm32f072xb.o

.debug_abbrev   0x00000000     0x28ee
 .debug_abbrev  0x00000000      0x370 build/main.o
 .debug_abbrev  0x00000370      0x161 build/menu.o
 .debug_abbrev  0x000004d1      0x2aa build/oled.o
 .debug_abbrev  0x0000077b      0x18e build/stm32f0xx_it.o
 .debug_abbrev  0x00000909      0x217 build/stm32f0xx_hal_msp.o
 .debug_abbrev  0x00000b20      0x1ad build/lv_font.o
 .debug_abbrev  0x00000ccd       0xf4 build/lv_font_yahei_16.o
 .debug_abbrev  0x00000dc1       0xf4 build/lv_font_yahei_24.o
 .debug_abbrev  0x00000eb5      0x27f build/stm32f0xx_hal_adc.o
 .debug_abbrev  0x00001134      0x1aa build/stm32f0xx_hal_dac.o
 .debug_abbrev  0x000012de      0x216 build/stm32f0xx_hal_dac_ex.o
 .debug_abbrev  0x000014f4      0x258 build/stm32f0xx_hal_tim.o
 .debug_abbrev  0x0000174c      0x240 build/stm32f0xx_hal_tim_ex.o
 .debug_abbrev  0x0000198c      0x233 build/stm32f0xx_hal_uart.o
 .debug_abbrev  0x00001bbf      0x223 build/stm32f0xx_hal_rcc.o
 .debug_abbrev  0x00001de2      0x1f1 build/stm32f0xx_hal_rcc_ex.o
 .debug_abbrev  0x00001fd3      0x1cd build/stm32f0xx_hal.o
 .debug_abbrev  0x000021a0      0x20d build/stm32f0xx_hal_gpio.o
 .debug_abbrev  0x000023ad      0x25c build/stm32f0xx_hal_cortex.o
 .debug_abbrev  0x00002609       0xf2 build/system_stm32f0xx.o
 .debug_abbrev  0x000026fb      0x1e1 build/stm32f0xx_hal_rtc.o
 .debug_abbrev  0x000028dc       0x12 build/startup_stm32f072xb.o

.debug_loc      0x00000000     0xb667
 .debug_loc     0x00000000      0x4fd build/main.o
 .debug_loc     0x000004fd       0x69 build/menu.o
 .debug_loc     0x00000566      0x6aa build/oled.o
 .debug_loc     0x00000c10       0xa0 build/stm32f0xx_it.o
 .debug_loc     0x00000cb0      0x347 build/stm32f0xx_hal_msp.o
 .debug_loc     0x00000ff7      0x62c build/lv_font.o
 .debug_loc     0x00001623      0xc8e build/stm32f0xx_hal_adc.o
 .debug_loc     0x000022b1      0x3a3 build/stm32f0xx_hal_dac.o
 .debug_loc     0x00002654      0x90c build/stm32f0xx_hal_dac_ex.o
 .debug_loc     0x00002f60     0x3518 build/stm32f0xx_hal_tim.o
 .debug_loc     0x00006478     0x12e5 build/stm32f0xx_hal_tim_ex.o
 .debug_loc     0x0000775d     0x19e9 build/stm32f0xx_hal_uart.o
 .debug_loc     0x00009146      0x66d build/stm32f0xx_hal_rcc.o
 .debug_loc     0x000097b3      0x636 build/stm32f0xx_hal_rcc_ex.o
 .debug_loc     0x00009de9      0x108 build/stm32f0xx_hal.o
 .debug_loc     0x00009ef1      0x4f5 build/stm32f0xx_hal_gpio.o
 .debug_loc     0x0000a3e6      0x449 build/stm32f0xx_hal_cortex.o
 .debug_loc     0x0000a82f      0x129 build/system_stm32f0xx.o
 .debug_loc     0x0000a958      0xd0f build/stm32f0xx_hal_rtc.o

.debug_aranges  0x00000000      0xf68
 .debug_aranges
                0x00000000       0xc8 build/main.o
 .debug_aranges
                0x000000c8       0x20 build/menu.o
 .debug_aranges
                0x000000e8       0x88 build/oled.o
 .debug_aranges
                0x00000170       0x60 build/stm32f0xx_it.o
 .debug_aranges
                0x000001d0       0x80 build/stm32f0xx_hal_msp.o
 .debug_aranges
                0x00000250       0x78 build/lv_font.o
 .debug_aranges
                0x000002c8       0x18 build/lv_font_yahei_16.o
 .debug_aranges
                0x000002e0       0x18 build/lv_font_yahei_24.o
 .debug_aranges
                0x000002f8       0xf8 build/stm32f0xx_hal_adc.o
 .debug_aranges
                0x000003f0       0xa8 build/stm32f0xx_hal_dac.o
 .debug_aranges
                0x00000498       0xb0 build/stm32f0xx_hal_dac_ex.o
 .debug_aranges
                0x00000548      0x378 build/stm32f0xx_hal_tim.o
 .debug_aranges
                0x000008c0      0x148 build/stm32f0xx_hal_tim_ex.o
 .debug_aranges
                0x00000a08      0x1d8 build/stm32f0xx_hal_uart.o
 .debug_aranges
                0x00000be0       0x80 build/stm32f0xx_hal_rcc.o
 .debug_aranges
                0x00000c60       0x78 build/stm32f0xx_hal_rcc_ex.o
 .debug_aranges
                0x00000cd8       0xb8 build/stm32f0xx_hal.o
 .debug_aranges
                0x00000d90       0x58 build/stm32f0xx_hal_gpio.o
 .debug_aranges
                0x00000de8       0x78 build/stm32f0xx_hal_cortex.o
 .debug_aranges
                0x00000e60       0x28 build/system_stm32f0xx.o
 .debug_aranges
                0x00000e88       0xb8 build/stm32f0xx_hal_rtc.o
 .debug_aranges
                0x00000f40       0x28 build/startup_stm32f072xb.o

.debug_ranges   0x00000000      0xe30
 .debug_ranges  0x00000000       0xb8 build/main.o
 .debug_ranges  0x000000b8       0x10 build/menu.o
 .debug_ranges  0x000000c8       0x78 build/oled.o
 .debug_ranges  0x00000140       0x50 build/stm32f0xx_it.o
 .debug_ranges  0x00000190       0x70 build/stm32f0xx_hal_msp.o
 .debug_ranges  0x00000200       0x68 build/lv_font.o
 .debug_ranges  0x00000268       0xe8 build/stm32f0xx_hal_adc.o
 .debug_ranges  0x00000350       0x98 build/stm32f0xx_hal_dac.o
 .debug_ranges  0x000003e8       0xa0 build/stm32f0xx_hal_dac_ex.o
 .debug_ranges  0x00000488      0x368 build/stm32f0xx_hal_tim.o
 .debug_ranges  0x000007f0      0x138 build/stm32f0xx_hal_tim_ex.o
 .debug_ranges  0x00000928      0x1c8 build/stm32f0xx_hal_uart.o
 .debug_ranges  0x00000af0       0x88 build/stm32f0xx_hal_rcc.o
 .debug_ranges  0x00000b78       0x80 build/stm32f0xx_hal_rcc_ex.o
 .debug_ranges  0x00000bf8       0xa8 build/stm32f0xx_hal.o
 .debug_ranges  0x00000ca0       0x48 build/stm32f0xx_hal_gpio.o
 .debug_ranges  0x00000ce8       0x68 build/stm32f0xx_hal_cortex.o
 .debug_ranges  0x00000d50       0x18 build/system_stm32f0xx.o
 .debug_ranges  0x00000d68       0xa8 build/stm32f0xx_hal_rtc.o
 .debug_ranges  0x00000e10       0x20 build/startup_stm32f072xb.o

.debug_line     0x00000000     0x88b6
 .debug_line    0x00000000      0x5cc build/main.o
 .debug_line    0x000005cc      0x168 build/menu.o
 .debug_line    0x00000734      0x36a build/oled.o
 .debug_line    0x00000a9e      0x246 build/stm32f0xx_it.o
 .debug_line    0x00000ce4      0x310 build/stm32f0xx_hal_msp.o
 .debug_line    0x00000ff4      0x24b build/lv_font.o
 .debug_line    0x0000123f       0xda build/lv_font_yahei_16.o
 .debug_line    0x00001319       0xda build/lv_font_yahei_24.o
 .debug_line    0x000013f3      0x94f build/stm32f0xx_hal_adc.o
 .debug_line    0x00001d42      0x35f build/stm32f0xx_hal_dac.o
 .debug_line    0x000020a1      0x5d7 build/stm32f0xx_hal_dac_ex.o
 .debug_line    0x00002678     0x280c build/stm32f0xx_hal_tim.o
 .debug_line    0x00004e84      0xd81 build/stm32f0xx_hal_tim_ex.o
 .debug_line    0x00005c05      0xd3d build/stm32f0xx_hal_uart.o
 .debug_line    0x00006942      0x663 build/stm32f0xx_hal_rcc.o
 .debug_line    0x00006fa5      0x4f6 build/stm32f0xx_hal_rcc_ex.o
 .debug_line    0x0000749b      0x322 build/stm32f0xx_hal.o
 .debug_line    0x000077bd      0x3f0 build/stm32f0xx_hal_gpio.o
 .debug_line    0x00007bad      0x306 build/stm32f0xx_hal_cortex.o
 .debug_line    0x00007eb3      0x148 build/system_stm32f0xx.o
 .debug_line    0x00007ffb      0x843 build/stm32f0xx_hal_rtc.o
 .debug_line    0x0000883e       0x78 build/startup_stm32f072xb.o

.debug_str      0x00000000     0x4609
 .debug_str     0x00000000     0x1a39 build/main.o
                               0x1b62 (size before relaxing)
 .debug_str     0x00001a39       0xf2 build/menu.o
                                0x334 (size before relaxing)
 .debug_str     0x00001b2b      0x145 build/oled.o
                                0x444 (size before relaxing)
 .debug_str     0x00001c70       0xee build/stm32f0xx_it.o
                                0x797 (size before relaxing)
 .debug_str     0x00001d5e      0x13e build/stm32f0xx_hal_msp.o
                                0xf54 (size before relaxing)
 .debug_str     0x00001e9c      0x116 build/lv_font.o
                                0x3aa (size before relaxing)
 .debug_str     0x00001fb2       0x53 build/lv_font_yahei_16.o
                                0x2b1 (size before relaxing)
 .debug_str     0x00002005       0x53 build/lv_font_yahei_24.o
                                0x2b1 (size before relaxing)
 .debug_str     0x00002058      0x324 build/stm32f0xx_hal_adc.o
                                0x8ac (size before relaxing)
 .debug_str     0x0000237c      0x12e build/stm32f0xx_hal_dac.o
                                0x694 (size before relaxing)
 .debug_str     0x000024aa      0x1ab build/stm32f0xx_hal_dac_ex.o
                                0x78f (size before relaxing)
 .debug_str     0x00002655      0xb1e build/stm32f0xx_hal_tim.o
                               0x1371 (size before relaxing)
 .debug_str     0x00003173      0x49a build/stm32f0xx_hal_tim_ex.o
                                0xc9d (size before relaxing)
 .debug_str     0x0000360d      0x61b build/stm32f0xx_hal_uart.o
                                0xd70 (size before relaxing)
 .debug_str     0x00003c28      0x1cd build/stm32f0xx_hal_rcc.o
                                0x61f (size before relaxing)
 .debug_str     0x00003df5      0x28e build/stm32f0xx_hal_rcc_ex.o
                                0x60f (size before relaxing)
 .debug_str     0x00004083      0x1a5 build/stm32f0xx_hal.o
                                0x61d (size before relaxing)
 .debug_str     0x00004228       0xcf build/stm32f0xx_hal_gpio.o
                                0x408 (size before relaxing)
 .debug_str     0x000042f7      0x1a6 build/stm32f0xx_hal_cortex.o
                                0x633 (size before relaxing)
 .debug_str     0x0000449d       0x38 build/system_stm32f0xx.o
                                0x24c (size before relaxing)
 .debug_str     0x000044d5      0x134 build/stm32f0xx_hal_rtc.o
                                0x697 (size before relaxing)

.comment        0x00000000       0x6e
 .comment       0x00000000       0x6e build/main.o
                                 0x6f (size before relaxing)
 .comment       0x0000006e       0x6f build/menu.o
 .comment       0x0000006e       0x6f build/oled.o
 .comment       0x0000006e       0x6f build/stm32f0xx_it.o
 .comment       0x0000006e       0x6f build/stm32f0xx_hal_msp.o
 .comment       0x0000006e       0x6f build/lv_font.o
 .comment       0x0000006e       0x6f build/lv_font_yahei_16.o
 .comment       0x0000006e       0x6f build/lv_font_yahei_24.o
 .comment       0x0000006e       0x6f build/stm32f0xx_hal_adc.o
 .comment       0x0000006e       0x6f build/stm32f0xx_hal_dac.o
 .comment       0x0000006e       0x6f build/stm32f0xx_hal_dac_ex.o
 .comment       0x0000006e       0x6f build/stm32f0xx_hal_tim.o
 .comment       0x0000006e       0x6f build/stm32f0xx_hal_tim_ex.o
 .comment       0x0000006e       0x6f build/stm32f0xx_hal_uart.o
 .comment       0x0000006e       0x6f build/stm32f0xx_hal_rcc.o
 .comment       0x0000006e       0x6f build/stm32f0xx_hal_rcc_ex.o
 .comment       0x0000006e       0x6f build/stm32f0xx_hal.o
 .comment       0x0000006e       0x6f build/stm32f0xx_hal_gpio.o
 .comment       0x0000006e       0x6f build/stm32f0xx_hal_cortex.o
 .comment       0x0000006e       0x6f build/system_stm32f0xx.o
 .comment       0x0000006e       0x6f build/stm32f0xx_hal_rtc.o

.debug_frame    0x00000000     0x3770
 .debug_frame   0x00000000      0x290 build/main.o
 .debug_frame   0x00000290       0x38 build/menu.o
 .debug_frame   0x000002c8      0x1c0 build/oled.o
 .debug_frame   0x00000488       0xdc build/stm32f0xx_it.o
 .debug_frame   0x00000564      0x160 build/stm32f0xx_hal_msp.o
 .debug_frame   0x000006c4      0x134 build/lv_font.o
 .debug_frame   0x000007f8      0x310 build/stm32f0xx_hal_adc.o
 .debug_frame   0x00000b08      0x180 build/stm32f0xx_hal_dac.o
 .debug_frame   0x00000c88      0x21c build/stm32f0xx_hal_dac_ex.o
 .debug_frame   0x00000ea4      0xc00 build/stm32f0xx_hal_tim.o
 .debug_frame   0x00001aa4      0x480 build/stm32f0xx_hal_tim_ex.o
 .debug_frame   0x00001f24      0x5a0 build/stm32f0xx_hal_uart.o
 .debug_frame   0x000024c4      0x158 build/stm32f0xx_hal_rcc.o
 .debug_frame   0x0000261c      0x128 build/stm32f0xx_hal_rcc_ex.o
 .debug_frame   0x00002744      0x184 build/stm32f0xx_hal.o
 .debug_frame   0x000028c8      0x120 build/stm32f0xx_hal_gpio.o
 .debug_frame   0x000029e8      0x134 build/stm32f0xx_hal_cortex.o
 .debug_frame   0x00002b1c       0x40 build/system_stm32f0xx.o
 .debug_frame   0x00002b5c      0x264 build/stm32f0xx_hal_rtc.o
 .debug_frame   0x00002dc0       0x2c /usr/local/gcc-arm-none-eabi/bin/../lib/gcc/arm-none-eabi/5.4.1/../../../../arm-none-eabi/lib/armv6-m/libc_nano.a(lib_a-init.o)
 .debug_frame   0x00002dec       0x28 /usr/local/gcc-arm-none-eabi/bin/../lib/gcc/arm-none-eabi/5.4.1/../../../../arm-none-eabi/lib/armv6-m/libc_nano.a(lib_a-memcpy-stub.o)
 .debug_frame   0x00002e14       0x20 /usr/local/gcc-arm-none-eabi/bin/../lib/gcc/arm-none-eabi/5.4.1/../../../../arm-none-eabi/lib/armv6-m/libc_nano.a(lib_a-memset.o)
 .debug_frame   0x00002e34       0x50 /usr/local/gcc-arm-none-eabi/bin/../lib/gcc/arm-none-eabi/5.4.1/../../../../arm-none-eabi/lib/armv6-m/libc_nano.a(lib_a-printf.o)
 .debug_frame   0x00002e84       0x44 /usr/local/gcc-arm-none-eabi/bin/../lib/gcc/arm-none-eabi/5.4.1/../../../../arm-none-eabi/lib/armv6-m/libc_nano.a(lib_a-puts.o)
 .debug_frame   0x00002ec8       0x50 /usr/local/gcc-arm-none-eabi/bin/../lib/gcc/arm-none-eabi/5.4.1/../../../../arm-none-eabi/lib/armv6-m/libc_nano.a(lib_a-sprintf.o)
 .debug_frame   0x00002f18       0x48 /usr/local/gcc-arm-none-eabi/bin/../lib/gcc/arm-none-eabi/5.4.1/../../../../arm-none-eabi/lib/armv6-m/libc_nano.a(lib_a-wbuf.o)
 .debug_frame   0x00002f60       0x2c /usr/local/gcc-arm-none-eabi/bin/../lib/gcc/arm-none-eabi/5.4.1/../../../../arm-none-eabi/lib/armv6-m/libc_nano.a(lib_a-wsetup.o)
 .debug_frame   0x00002f8c       0x68 /usr/local/gcc-arm-none-eabi/bin/../lib/gcc/arm-none-eabi/5.4.1/../../../../arm-none-eabi/lib/armv6-m/libc_nano.a(lib_a-fflush.o)
 .debug_frame   0x00002ff4      0x140 /usr/local/gcc-arm-none-eabi/bin/../lib/gcc/arm-none-eabi/5.4.1/../../../../arm-none-eabi/lib/armv6-m/libc_nano.a(lib_a-findfp.o)
 .debug_frame   0x00003134       0x58 /usr/local/gcc-arm-none-eabi/bin/../lib/gcc/arm-none-eabi/5.4.1/../../../../arm-none-eabi/lib/armv6-m/libc_nano.a(lib_a-fwalk.o)
 .debug_frame   0x0000318c       0x54 /usr/local/gcc-arm-none-eabi/bin/../lib/gcc/arm-none-eabi/5.4.1/../../../../arm-none-eabi/lib/armv6-m/libc_nano.a(lib_a-makebuf.o)
 .debug_frame   0x000031e0       0x2c /usr/local/gcc-arm-none-eabi/bin/../lib/gcc/arm-none-eabi/5.4.1/../../../../arm-none-eabi/lib/armv6-m/libc_nano.a(lib_a-nano-freer.o)
 .debug_frame   0x0000320c       0x2c /usr/local/gcc-arm-none-eabi/bin/../lib/gcc/arm-none-eabi/5.4.1/../../../../arm-none-eabi/lib/armv6-m/libc_nano.a(lib_a-nano-mallocr.o)
 .debug_frame   0x00003238       0x74 /usr/local/gcc-arm-none-eabi/bin/../lib/gcc/arm-none-eabi/5.4.1/../../../../arm-none-eabi/lib/armv6-m/libc_nano.a(lib_a-nano-svfprintf.o)
 .debug_frame   0x000032ac       0x9c /usr/local/gcc-arm-none-eabi/bin/../lib/gcc/arm-none-eabi/5.4.1/../../../../arm-none-eabi/lib/armv6-m/libc_nano.a(lib_a-nano-vfprintf.o)
 .debug_frame   0x00003348       0x54 /usr/local/gcc-arm-none-eabi/bin/../lib/gcc/arm-none-eabi/5.4.1/../../../../arm-none-eabi/lib/armv6-m/libc_nano.a(lib_a-nano-vfprintf_i.o)
 .debug_frame   0x0000339c       0x2c /usr/local/gcc-arm-none-eabi/bin/../lib/gcc/arm-none-eabi/5.4.1/../../../../arm-none-eabi/lib/armv6-m/libc_nano.a(lib_a-sbrkr.o)
 .debug_frame   0x000033c8       0x90 /usr/local/gcc-arm-none-eabi/bin/../lib/gcc/arm-none-eabi/5.4.1/../../../../arm-none-eabi/lib/armv6-m/libc_nano.a(lib_a-stdio.o)
 .debug_frame   0x00003458       0x2c /usr/local/gcc-arm-none-eabi/bin/../lib/gcc/arm-none-eabi/5.4.1/../../../../arm-none-eabi/lib/armv6-m/libc_nano.a(lib_a-writer.o)
 .debug_frame   0x00003484       0x2c /usr/local/gcc-arm-none-eabi/bin/../lib/gcc/arm-none-eabi/5.4.1/../../../../arm-none-eabi/lib/armv6-m/libc_nano.a(lib_a-closer.o)
 .debug_frame   0x000034b0       0x2c /usr/local/gcc-arm-none-eabi/bin/../lib/gcc/arm-none-eabi/5.4.1/../../../../arm-none-eabi/lib/armv6-m/libc_nano.a(lib_a-fstatr.o)
 .debug_frame   0x000034dc       0x2c /usr/local/gcc-arm-none-eabi/bin/../lib/gcc/arm-none-eabi/5.4.1/../../../../arm-none-eabi/lib/armv6-m/libc_nano.a(lib_a-isattyr.o)
 .debug_frame   0x00003508       0x2c /usr/local/gcc-arm-none-eabi/bin/../lib/gcc/arm-none-eabi/5.4.1/../../../../arm-none-eabi/lib/armv6-m/libc_nano.a(lib_a-lseekr.o)
 .debug_frame   0x00003534       0x20 /usr/local/gcc-arm-none-eabi/bin/../lib/gcc/arm-none-eabi/5.4.1/../../../../arm-none-eabi/lib/armv6-m/libc_nano.a(lib_a-memchr-stub.o)
 .debug_frame   0x00003554       0x28 /usr/local/gcc-arm-none-eabi/bin/../lib/gcc/arm-none-eabi/5.4.1/../../../../arm-none-eabi/lib/armv6-m/libc_nano.a(lib_a-memmove.o)
 .debug_frame   0x0000357c       0x30 /usr/local/gcc-arm-none-eabi/bin/../lib/gcc/arm-none-eabi/5.4.1/../../../../arm-none-eabi/lib/armv6-m/libc_nano.a(lib_a-mlock.o)
 .debug_frame   0x000035ac       0x30 /usr/local/gcc-arm-none-eabi/bin/../lib/gcc/arm-none-eabi/5.4.1/../../../../arm-none-eabi/lib/armv6-m/libc_nano.a(lib_a-nano-reallocr.o)
 .debug_frame   0x000035dc       0x2c /usr/local/gcc-arm-none-eabi/bin/../lib/gcc/arm-none-eabi/5.4.1/../../../../arm-none-eabi/lib/armv6-m/libc_nano.a(lib_a-readr.o)
 .debug_frame   0x00003608       0x48 /usr/local/gcc-arm-none-eabi/bin/../lib/gcc/arm-none-eabi/5.4.1/../../../../arm-none-eabi/lib/armv6-m/libc_nano.a(lib_a-reent.o)
 .debug_frame   0x00003650       0x20 /usr/local/gcc-arm-none-eabi/bin/../lib/gcc/arm-none-eabi/5.4.1/../../../../arm-none-eabi/lib/armv6-m/libc_nano.a(lib_a-nano-msizer.o)
 .debug_frame   0x00003670       0x20 /usr/local/gcc-arm-none-eabi/bin/../lib/gcc/arm-none-eabi/5.4.1/../../../../arm-none-eabi/lib/armv6-m/libnosys.a(close.o)
 .debug_frame   0x00003690       0x20 /usr/local/gcc-arm-none-eabi/bin/../lib/gcc/arm-none-eabi/5.4.1/../../../../arm-none-eabi/lib/armv6-m/libnosys.a(fstat.o)
 .debug_frame   0x000036b0       0x20 /usr/local/gcc-arm-none-eabi/bin/../lib/gcc/arm-none-eabi/5.4.1/../../../../arm-none-eabi/lib/armv6-m/libnosys.a(isatty.o)
 .debug_frame   0x000036d0       0x20 /usr/local/gcc-arm-none-eabi/bin/../lib/gcc/arm-none-eabi/5.4.1/../../../../arm-none-eabi/lib/armv6-m/libnosys.a(lseek.o)
 .debug_frame   0x000036f0       0x20 /usr/local/gcc-arm-none-eabi/bin/../lib/gcc/arm-none-eabi/5.4.1/../../../../arm-none-eabi/lib/armv6-m/libnosys.a(read.o)
 .debug_frame   0x00003710       0x20 /usr/local/gcc-arm-none-eabi/bin/../lib/gcc/arm-none-eabi/5.4.1/../../../../arm-none-eabi/lib/armv6-m/libnosys.a(sbrk.o)
 .debug_frame   0x00003730       0x20 /usr/local/gcc-arm-none-eabi/bin/../lib/gcc/arm-none-eabi/5.4.1/armv6-m/libgcc.a(_udivsi3.o)
 .debug_frame   0x00003750       0x20 /usr/local/gcc-arm-none-eabi/bin/../lib/gcc/arm-none-eabi/5.4.1/armv6-m/libgcc.a(_divsi3.o)

.stab           0x00000000       0x84
 .stab          0x00000000       0x24 /usr/local/gcc-arm-none-eabi/bin/../lib/gcc/arm-none-eabi/5.4.1/../../../../arm-none-eabi/lib/armv6-m/libnosys.a(close.o)
 .stab          0x00000024       0x18 /usr/local/gcc-arm-none-eabi/bin/../lib/gcc/arm-none-eabi/5.4.1/../../../../arm-none-eabi/lib/armv6-m/libnosys.a(fstat.o)
                                 0x24 (size before relaxing)
 .stab          0x0000003c       0x18 /usr/local/gcc-arm-none-eabi/bin/../lib/gcc/arm-none-eabi/5.4.1/../../../../arm-none-eabi/lib/armv6-m/libnosys.a(isatty.o)
                                 0x24 (size before relaxing)
 .stab          0x00000054       0x18 /usr/local/gcc-arm-none-eabi/bin/../lib/gcc/arm-none-eabi/5.4.1/../../../../arm-none-eabi/lib/armv6-m/libnosys.a(lseek.o)
                                 0x24 (size before relaxing)
 .stab          0x0000006c       0x18 /usr/local/gcc-arm-none-eabi/bin/../lib/gcc/arm-none-eabi/5.4.1/../../../../arm-none-eabi/lib/armv6-m/libnosys.a(read.o)
                                 0x24 (size before relaxing)

.stabstr        0x00000000      0x117
 .stabstr       0x00000000      0x117 /usr/local/gcc-arm-none-eabi/bin/../lib/gcc/arm-none-eabi/5.4.1/../../../../arm-none-eabi/lib/armv6-m/libnosys.a(close.o)

Cross Reference Table

Symbol                                            File
ADC1_COMP_IRQHandler                              build/startup_stm32f072xb.o
AHBPrescTable                                     build/system_stm32f0xx.o
                                                  build/stm32f0xx_hal_rcc.o
APBPrescTable                                     build/system_stm32f0xx.o
                                                  build/stm32f0xx_hal_rcc.o
CEC_CAN_IRQHandler                                build/startup_stm32f072xb.o
Column_set                                        build/oled.o
DAC_DMAConvCpltCh2                                build/stm32f0xx_hal_dac_ex.o
DAC_DMAErrorCh2                                   build/stm32f0xx_hal_dac_ex.o
DAC_DMAHalfConvCpltCh2                            build/stm32f0xx_hal_dac_ex.o
DMA1_Channel1_IRQHandler                          build/startup_stm32f072xb.o
DMA1_Channel2_3_IRQHandler                        build/startup_stm32f072xb.o
DMA1_Channel4_5_6_7_IRQHandler                    build/startup_stm32f072xb.o
DacConvert                                        build/main.o
Data_trans                                        build/oled.o
Default_Handler                                   build/startup_stm32f072xb.o
EXTI0_1_IRQHandler                                build/startup_stm32f072xb.o
EXTI2_3_IRQHandler                                build/stm32f0xx_it.o
EXTI4_15_IRQHandler                               build/startup_stm32f072xb.o
EncodeCount                                       build/main.o
EncoderInit                                       build/main.o
Error_Handler                                     build/main.o
FLASH_IRQHandler                                  build/startup_stm32f072xb.o
FLASH_PageErase                                   build/stm32f0xx_hal_flash_ex.o
                                                  build/stm32f0xx_hal_flash.o
FLASH_WaitForLastOperation                        build/stm32f0xx_hal_flash.o
                                                  build/stm32f0xx_hal_flash_ex.o
HAL_ADCEx_Calibration_Start                       build/stm32f0xx_hal_adc_ex.o
HAL_ADC_AnalogWDGConfig                           build/stm32f0xx_hal_adc.o
HAL_ADC_ConfigChannel                             build/stm32f0xx_hal_adc.o
                                                  build/main.o
HAL_ADC_ConvCpltCallback                          build/stm32f0xx_hal_adc.o
HAL_ADC_ConvHalfCpltCallback                      build/stm32f0xx_hal_adc.o
HAL_ADC_DeInit                                    build/stm32f0xx_hal_adc.o
HAL_ADC_ErrorCallback                             build/stm32f0xx_hal_adc.o
HAL_ADC_GetError                                  build/stm32f0xx_hal_adc.o
HAL_ADC_GetState                                  build/stm32f0xx_hal_adc.o
HAL_ADC_GetValue                                  build/stm32f0xx_hal_adc.o
HAL_ADC_IRQHandler                                build/stm32f0xx_hal_adc.o
HAL_ADC_Init                                      build/stm32f0xx_hal_adc.o
                                                  build/main.o
HAL_ADC_LevelOutOfWindowCallback                  build/stm32f0xx_hal_adc.o
HAL_ADC_MspDeInit                                 build/stm32f0xx_hal_msp.o
HAL_ADC_MspInit                                   build/stm32f0xx_hal_msp.o
HAL_ADC_PollForConversion                         build/stm32f0xx_hal_adc.o
HAL_ADC_PollForEvent                              build/stm32f0xx_hal_adc.o
HAL_ADC_Start                                     build/stm32f0xx_hal_adc.o
HAL_ADC_Start_DMA                                 build/stm32f0xx_hal_adc.o
HAL_ADC_Start_IT                                  build/stm32f0xx_hal_adc.o
HAL_ADC_Stop                                      build/stm32f0xx_hal_adc.o
HAL_ADC_Stop_DMA                                  build/stm32f0xx_hal_adc.o
HAL_ADC_Stop_IT                                   build/stm32f0xx_hal_adc.o
HAL_DACEx_ConvCpltCallbackCh2                     build/stm32f0xx_hal_dac_ex.o
HAL_DACEx_ConvHalfCpltCallbackCh2                 build/stm32f0xx_hal_dac_ex.o
HAL_DACEx_DMAUnderrunCallbackCh2                  build/stm32f0xx_hal_dac_ex.o
HAL_DACEx_DualGetValue                            build/stm32f0xx_hal_dac_ex.o
HAL_DACEx_DualSetValue                            build/stm32f0xx_hal_dac_ex.o
HAL_DACEx_ErrorCallbackCh2                        build/stm32f0xx_hal_dac_ex.o
HAL_DACEx_NoiseWaveGenerate                       build/stm32f0xx_hal_dac_ex.o
HAL_DACEx_TriangleWaveGenerate                    build/stm32f0xx_hal_dac_ex.o
HAL_DAC_ConfigChannel                             build/stm32f0xx_hal_dac_ex.o
                                                  build/stm32f0xx_hal_dac.o
                                                  build/main.o
HAL_DAC_ConvCpltCallbackCh1                       build/stm32f0xx_hal_dac.o
                                                  build/stm32f0xx_hal_dac_ex.o
HAL_DAC_ConvHalfCpltCallbackCh1                   build/stm32f0xx_hal_dac.o
                                                  build/stm32f0xx_hal_dac_ex.o
HAL_DAC_DMAUnderrunCallbackCh1                    build/stm32f0xx_hal_dac.o
                                                  build/stm32f0xx_hal_dac_ex.o
HAL_DAC_DeInit                                    build/stm32f0xx_hal_dac.o
HAL_DAC_ErrorCallbackCh1                          build/stm32f0xx_hal_dac.o
                                                  build/stm32f0xx_hal_dac_ex.o
HAL_DAC_GetError                                  build/stm32f0xx_hal_dac.o
HAL_DAC_GetState                                  build/stm32f0xx_hal_dac.o
HAL_DAC_GetValue                                  build/stm32f0xx_hal_dac_ex.o
                                                  build/stm32f0xx_hal_dac.o
HAL_DAC_IRQHandler                                build/stm32f0xx_hal_dac_ex.o
                                                  build/stm32f0xx_hal_dac.o
HAL_DAC_Init                                      build/stm32f0xx_hal_dac.o
                                                  build/main.o
HAL_DAC_MspDeInit                                 build/stm32f0xx_hal_msp.o
HAL_DAC_MspInit                                   build/stm32f0xx_hal_msp.o
HAL_DAC_SetValue                                  build/stm32f0xx_hal_dac.o
                                                  build/main.o
HAL_DAC_Start                                     build/stm32f0xx_hal_dac_ex.o
                                                  build/stm32f0xx_hal_dac.o
                                                  build/main.o
HAL_DAC_Start_DMA                                 build/stm32f0xx_hal_dac_ex.o
                                                  build/stm32f0xx_hal_dac.o
HAL_DAC_Stop                                      build/stm32f0xx_hal_dac.o
HAL_DAC_Stop_DMA                                  build/stm32f0xx_hal_dac.o
HAL_DBGMCU_DisableDBGStandbyMode                  build/stm32f0xx_hal.o
HAL_DBGMCU_DisableDBGStopMode                     build/stm32f0xx_hal.o
HAL_DBGMCU_EnableDBGStandbyMode                   build/stm32f0xx_hal.o
HAL_DBGMCU_EnableDBGStopMode                      build/stm32f0xx_hal.o
HAL_DMA_Abort                                     build/stm32f0xx_hal_dma.o
                                                  build/stm32f0xx_hal_uart.o
                                                  build/stm32f0xx_hal_tim.o
                                                  build/stm32f0xx_hal_dac.o
                                                  build/stm32f0xx_hal_adc.o
HAL_DMA_Abort_IT                                  build/stm32f0xx_hal_dma.o
                                                  build/stm32f0xx_hal_i2c.o
                                                  build/stm32f0xx_hal_uart.o
HAL_DMA_DeInit                                    build/stm32f0xx_hal_dma.o
HAL_DMA_GetError                                  build/stm32f0xx_hal_dma.o
HAL_DMA_GetState                                  build/stm32f0xx_hal_dma.o
HAL_DMA_IRQHandler                                build/stm32f0xx_hal_dma.o
HAL_DMA_Init                                      build/stm32f0xx_hal_dma.o
HAL_DMA_PollForTransfer                           build/stm32f0xx_hal_dma.o
HAL_DMA_RegisterCallback                          build/stm32f0xx_hal_dma.o
HAL_DMA_Start                                     build/stm32f0xx_hal_dma.o
HAL_DMA_Start_IT                                  build/stm32f0xx_hal_dma.o
                                                  build/stm32f0xx_hal_i2c.o
                                                  build/stm32f0xx_hal_uart.o
                                                  build/stm32f0xx_hal_tim_ex.o
                                                  build/stm32f0xx_hal_tim.o
                                                  build/stm32f0xx_hal_dac_ex.o
                                                  build/stm32f0xx_hal_adc.o
HAL_DMA_UnRegisterCallback                        build/stm32f0xx_hal_dma.o
HAL_DeInit                                        build/stm32f0xx_hal.o
HAL_Delay                                         build/stm32f0xx_hal.o
                                                  build/oled.o
                                                  build/main.o
HAL_FLASHEx_Erase                                 build/stm32f0xx_hal_flash_ex.o
HAL_FLASHEx_Erase_IT                              build/stm32f0xx_hal_flash_ex.o
HAL_FLASHEx_OBErase                               build/stm32f0xx_hal_flash_ex.o
HAL_FLASHEx_OBGetConfig                           build/stm32f0xx_hal_flash_ex.o
HAL_FLASHEx_OBGetUserData                         build/stm32f0xx_hal_flash_ex.o
HAL_FLASHEx_OBProgram                             build/stm32f0xx_hal_flash_ex.o
HAL_FLASH_EndOfOperationCallback                  build/stm32f0xx_hal_flash.o
HAL_FLASH_GetError                                build/stm32f0xx_hal_flash.o
HAL_FLASH_IRQHandler                              build/stm32f0xx_hal_flash.o
HAL_FLASH_Lock                                    build/stm32f0xx_hal_flash.o
HAL_FLASH_OB_Launch                               build/stm32f0xx_hal_flash.o
HAL_FLASH_OB_Lock                                 build/stm32f0xx_hal_flash.o
HAL_FLASH_OB_Unlock                               build/stm32f0xx_hal_flash.o
HAL_FLASH_OperationErrorCallback                  build/stm32f0xx_hal_flash.o
HAL_FLASH_Program                                 build/stm32f0xx_hal_flash.o
HAL_FLASH_Program_IT                              build/stm32f0xx_hal_flash.o
HAL_FLASH_Unlock                                  build/stm32f0xx_hal_flash.o
HAL_GPIO_DeInit                                   build/stm32f0xx_hal_gpio.o
                                                  build/stm32f0xx_hal_msp.o
HAL_GPIO_EXTI_Callback                            build/main.o
HAL_GPIO_EXTI_IRQHandler                          build/stm32f0xx_hal_gpio.o
                                                  build/stm32f0xx_it.o
HAL_GPIO_Init                                     build/stm32f0xx_hal_gpio.o
                                                  build/stm32f0xx_hal_rcc.o
                                                  build/stm32f0xx_hal_msp.o
                                                  build/main.o
HAL_GPIO_LockPin                                  build/stm32f0xx_hal_gpio.o
HAL_GPIO_ReadPin                                  build/stm32f0xx_hal_gpio.o
HAL_GPIO_TogglePin                                build/stm32f0xx_hal_gpio.o
HAL_GPIO_WritePin                                 build/stm32f0xx_hal_gpio.o
                                                  build/oled.o
                                                  build/main.o
HAL_GetDEVID                                      build/stm32f0xx_hal.o
HAL_GetHalVersion                                 build/stm32f0xx_hal.o
HAL_GetREVID                                      build/stm32f0xx_hal.o
HAL_GetTick                                       build/stm32f0xx_hal.o
                                                  build/stm32f0xx_hal_rtc_ex.o
                                                  build/stm32f0xx_hal_rtc.o
                                                  build/stm32f0xx_hal_flash.o
                                                  build/stm32f0xx_hal_dma.o
                                                  build/stm32f0xx_hal_i2c.o
                                                  build/stm32f0xx_hal_rcc_ex.o
                                                  build/stm32f0xx_hal_rcc.o
                                                  build/stm32f0xx_hal_uart_ex.o
                                                  build/stm32f0xx_hal_uart.o
                                                  build/stm32f0xx_hal_adc_ex.o
                                                  build/stm32f0xx_hal_adc.o
HAL_GetUIDw0                                      build/stm32f0xx_hal.o
HAL_GetUIDw1                                      build/stm32f0xx_hal.o
HAL_GetUIDw2                                      build/stm32f0xx_hal.o
HAL_HalfDuplex_EnableReceiver                     build/stm32f0xx_hal_uart.o
HAL_HalfDuplex_EnableTransmitter                  build/stm32f0xx_hal_uart.o
HAL_HalfDuplex_Init                               build/stm32f0xx_hal_uart.o
HAL_I2CEx_ConfigAnalogFilter                      build/stm32f0xx_hal_i2c_ex.o
HAL_I2CEx_ConfigDigitalFilter                     build/stm32f0xx_hal_i2c_ex.o
HAL_I2CEx_DisableFastModePlus                     build/stm32f0xx_hal_i2c_ex.o
HAL_I2CEx_DisableWakeUp                           build/stm32f0xx_hal_i2c_ex.o
HAL_I2CEx_EnableFastModePlus                      build/stm32f0xx_hal_i2c_ex.o
HAL_I2CEx_EnableWakeUp                            build/stm32f0xx_hal_i2c_ex.o
HAL_I2C_AbortCpltCallback                         build/stm32f0xx_hal_i2c.o
HAL_I2C_AddrCallback                              build/stm32f0xx_hal_i2c.o
HAL_I2C_DeInit                                    build/stm32f0xx_hal_i2c.o
HAL_I2C_DisableListen_IT                          build/stm32f0xx_hal_i2c.o
HAL_I2C_ER_IRQHandler                             build/stm32f0xx_hal_i2c.o
HAL_I2C_EV_IRQHandler                             build/stm32f0xx_hal_i2c.o
HAL_I2C_EnableListen_IT                           build/stm32f0xx_hal_i2c.o
HAL_I2C_ErrorCallback                             build/stm32f0xx_hal_i2c.o
HAL_I2C_GetError                                  build/stm32f0xx_hal_i2c.o
HAL_I2C_GetMode                                   build/stm32f0xx_hal_i2c.o
HAL_I2C_GetState                                  build/stm32f0xx_hal_i2c.o
HAL_I2C_Init                                      build/stm32f0xx_hal_i2c.o
HAL_I2C_IsDeviceReady                             build/stm32f0xx_hal_i2c.o
HAL_I2C_ListenCpltCallback                        build/stm32f0xx_hal_i2c.o
HAL_I2C_MasterRxCpltCallback                      build/stm32f0xx_hal_i2c.o
HAL_I2C_MasterTxCpltCallback                      build/stm32f0xx_hal_i2c.o
HAL_I2C_Master_Abort_IT                           build/stm32f0xx_hal_i2c.o
HAL_I2C_Master_Receive                            build/stm32f0xx_hal_i2c.o
HAL_I2C_Master_Receive_DMA                        build/stm32f0xx_hal_i2c.o
HAL_I2C_Master_Receive_IT                         build/stm32f0xx_hal_i2c.o
HAL_I2C_Master_Sequential_Receive_IT              build/stm32f0xx_hal_i2c.o
HAL_I2C_Master_Sequential_Transmit_IT             build/stm32f0xx_hal_i2c.o
HAL_I2C_Master_Transmit                           build/stm32f0xx_hal_i2c.o
HAL_I2C_Master_Transmit_DMA                       build/stm32f0xx_hal_i2c.o
HAL_I2C_Master_Transmit_IT                        build/stm32f0xx_hal_i2c.o
HAL_I2C_MemRxCpltCallback                         build/stm32f0xx_hal_i2c.o
HAL_I2C_MemTxCpltCallback                         build/stm32f0xx_hal_i2c.o
HAL_I2C_Mem_Read                                  build/stm32f0xx_hal_i2c.o
HAL_I2C_Mem_Read_DMA                              build/stm32f0xx_hal_i2c.o
HAL_I2C_Mem_Read_IT                               build/stm32f0xx_hal_i2c.o
HAL_I2C_Mem_Write                                 build/stm32f0xx_hal_i2c.o
HAL_I2C_Mem_Write_DMA                             build/stm32f0xx_hal_i2c.o
HAL_I2C_Mem_Write_IT                              build/stm32f0xx_hal_i2c.o
HAL_I2C_MspDeInit                                 build/stm32f0xx_hal_i2c.o
HAL_I2C_MspInit                                   build/stm32f0xx_hal_i2c.o
HAL_I2C_SlaveRxCpltCallback                       build/stm32f0xx_hal_i2c.o
HAL_I2C_SlaveTxCpltCallback                       build/stm32f0xx_hal_i2c.o
HAL_I2C_Slave_Receive                             build/stm32f0xx_hal_i2c.o
HAL_I2C_Slave_Receive_DMA                         build/stm32f0xx_hal_i2c.o
HAL_I2C_Slave_Receive_IT                          build/stm32f0xx_hal_i2c.o
HAL_I2C_Slave_Sequential_Receive_IT               build/stm32f0xx_hal_i2c.o
HAL_I2C_Slave_Sequential_Transmit_IT              build/stm32f0xx_hal_i2c.o
HAL_I2C_Slave_Transmit                            build/stm32f0xx_hal_i2c.o
HAL_I2C_Slave_Transmit_DMA                        build/stm32f0xx_hal_i2c.o
HAL_I2C_Slave_Transmit_IT                         build/stm32f0xx_hal_i2c.o
HAL_IncTick                                       build/stm32f0xx_hal.o
                                                  build/stm32f0xx_it.o
HAL_Init                                          build/stm32f0xx_hal.o
                                                  build/main.o
HAL_InitTick                                      build/stm32f0xx_hal.o
                                                  build/stm32f0xx_hal_rcc.o
HAL_LIN_Init                                      build/stm32f0xx_hal_uart_ex.o
HAL_LIN_SendBreak                                 build/stm32f0xx_hal_uart_ex.o
HAL_MspDeInit                                     build/stm32f0xx_hal.o
HAL_MspInit                                       build/stm32f0xx_hal_msp.o
HAL_MultiProcessorEx_AddressLength_Set            build/stm32f0xx_hal_uart_ex.o